Archive member included to satisfy reference by file (symbol)

c:/progra~2/armgnu~1/112202~1.02/bin/../lib/gcc/arm-none-eabi/11.2.1/thumb/v6-m/nofp\libgcc.a(_dvmd_tls.o)
                              CMakeFiles/Firmware_v0.1.dir/C_/Users/karim/Desktop/Proyecto_Final/pico-sdk/src/rp2_common/pico_divider/divider.S.obj (__aeabi_idiv0)
c:/progra~2/armgnu~1/112202~1.02/bin/../lib/gcc/arm-none-eabi/11.2.1/thumb/v6-m/nofp\libc.a(lib_a-calloc.o)
                              CMakeFiles/Firmware_v0.1.dir/C_/Users/karim/Desktop/Proyecto_Final/pico-sdk/src/rp2_common/pico_malloc/pico_malloc.c.obj (calloc)
c:/progra~2/armgnu~1/112202~1.02/bin/../lib/gcc/arm-none-eabi/11.2.1/thumb/v6-m/nofp\libc.a(lib_a-callocr.o)
                              c:/progra~2/armgnu~1/112202~1.02/bin/../lib/gcc/arm-none-eabi/11.2.1/thumb/v6-m/nofp\libc.a(lib_a-calloc.o) (_calloc_r)
c:/progra~2/armgnu~1/112202~1.02/bin/../lib/gcc/arm-none-eabi/11.2.1/thumb/v6-m/nofp\libc.a(lib_a-errno.o)
                              c:/progra~2/armgnu~1/112202~1.02/bin/../lib/gcc/arm-none-eabi/11.2.1/thumb/v6-m/nofp\libc.a(lib_a-callocr.o) (__errno)
c:/progra~2/armgnu~1/112202~1.02/bin/../lib/gcc/arm-none-eabi/11.2.1/thumb/v6-m/nofp\libc.a(lib_a-impure.o)
                              c:/progra~2/armgnu~1/112202~1.02/bin/../lib/gcc/arm-none-eabi/11.2.1/thumb/v6-m/nofp\libc.a(lib_a-calloc.o) (_impure_ptr)
c:/progra~2/armgnu~1/112202~1.02/bin/../lib/gcc/arm-none-eabi/11.2.1/thumb/v6-m/nofp\libc.a(lib_a-init.o)
                              c:/progra~2/armgnu~1/112202~1.02/bin/../lib/gcc/arm-none-eabi/11.2.1/thumb/v6-m/nofp/crt0.o (__libc_init_array)
c:/progra~2/armgnu~1/112202~1.02/bin/../lib/gcc/arm-none-eabi/11.2.1/thumb/v6-m/nofp\libc.a(lib_a-malloc.o)
                              CMakeFiles/Firmware_v0.1.dir/C_/Users/karim/Desktop/Proyecto_Final/pico-sdk/src/rp2_common/pico_malloc/pico_malloc.c.obj (malloc)
c:/progra~2/armgnu~1/112202~1.02/bin/../lib/gcc/arm-none-eabi/11.2.1/thumb/v6-m/nofp\libc.a(lib_a-mallocr.o)
                              c:/progra~2/armgnu~1/112202~1.02/bin/../lib/gcc/arm-none-eabi/11.2.1/thumb/v6-m/nofp\libc.a(lib_a-callocr.o) (_malloc_r)
c:/progra~2/armgnu~1/112202~1.02/bin/../lib/gcc/arm-none-eabi/11.2.1/thumb/v6-m/nofp\libc.a(lib_a-mlock.o)
                              c:/progra~2/armgnu~1/112202~1.02/bin/../lib/gcc/arm-none-eabi/11.2.1/thumb/v6-m/nofp\libc.a(lib_a-mallocr.o) (__malloc_lock)
c:/progra~2/armgnu~1/112202~1.02/bin/../lib/gcc/arm-none-eabi/11.2.1/thumb/v6-m/nofp\libc.a(lib_a-realloc.o)
                              CMakeFiles/Firmware_v0.1.dir/C_/Users/karim/Desktop/Proyecto_Final/pico-sdk/src/rp2_common/pico_malloc/pico_malloc.c.obj (realloc)
c:/progra~2/armgnu~1/112202~1.02/bin/../lib/gcc/arm-none-eabi/11.2.1/thumb/v6-m/nofp\libc.a(lib_a-reallocr.o)
                              c:/progra~2/armgnu~1/112202~1.02/bin/../lib/gcc/arm-none-eabi/11.2.1/thumb/v6-m/nofp\libc.a(lib_a-realloc.o) (_realloc_r)
c:/progra~2/armgnu~1/112202~1.02/bin/../lib/gcc/arm-none-eabi/11.2.1/thumb/v6-m/nofp\libc.a(lib_a-sbrkr.o)
                              c:/progra~2/armgnu~1/112202~1.02/bin/../lib/gcc/arm-none-eabi/11.2.1/thumb/v6-m/nofp\libc.a(lib_a-mallocr.o) (_sbrk_r)
c:/progra~2/armgnu~1/112202~1.02/bin/../lib/gcc/arm-none-eabi/11.2.1/thumb/v6-m/nofp\libc.a(lib_a-strcmp.o)
                              CMakeFiles/Firmware_v0.1.dir/main.c.obj (strcmp)
c:/progra~2/armgnu~1/112202~1.02/bin/../lib/gcc/arm-none-eabi/11.2.1/thumb/v6-m/nofp\libc.a(lib_a-strlen-stub.o)
                              CMakeFiles/Firmware_v0.1.dir/C_/Users/karim/Desktop/Proyecto_Final/pico-sdk/src/rp2_common/pico_stdio/stdio.c.obj (strlen)
c:/progra~2/armgnu~1/112202~1.02/bin/../lib/gcc/arm-none-eabi/11.2.1/thumb/v6-m/nofp\libc.a(lib_a-freer.o)
                              c:/progra~2/armgnu~1/112202~1.02/bin/../lib/gcc/arm-none-eabi/11.2.1/thumb/v6-m/nofp\libc.a(lib_a-malloc.o) (_free_r)
c:/progra~2/armgnu~1/112202~1.02/bin/../lib/gcc/arm-none-eabi/11.2.1/thumb/v6-m/nofp\libc.a(lib_a-memmove.o)
                              c:/progra~2/armgnu~1/112202~1.02/bin/../lib/gcc/arm-none-eabi/11.2.1/thumb/v6-m/nofp\libc.a(lib_a-reallocr.o) (memmove)
c:/progra~2/armgnu~1/112202~1.02/bin/../lib/gcc/arm-none-eabi/11.2.1/thumb/v6-m/nofp\libc.a(lib_a-reent.o)
                              c:/progra~2/armgnu~1/112202~1.02/bin/../lib/gcc/arm-none-eabi/11.2.1/thumb/v6-m/nofp\libc.a(lib_a-sbrkr.o) (errno)

Discarded input sections

 .text          0x00000000        0x0 c:/progra~2/armgnu~1/112202~1.02/bin/../lib/gcc/arm-none-eabi/11.2.1/thumb/v6-m/nofp/crti.o
 .data          0x00000000        0x0 c:/progra~2/armgnu~1/112202~1.02/bin/../lib/gcc/arm-none-eabi/11.2.1/thumb/v6-m/nofp/crti.o
 .bss           0x00000000        0x0 c:/progra~2/armgnu~1/112202~1.02/bin/../lib/gcc/arm-none-eabi/11.2.1/thumb/v6-m/nofp/crti.o
[...]
Memory Configuration

Name             Origin             Length             Attributes
FLASH            0x10000000         0x00200000         xr
RAM              0x20000000         0x00040000         xrw
SCRATCH_X        0x20040000         0x00001000         xrw
SCRATCH_Y        0x20041000         0x00001000         xrw
*default*        0x00000000         0xffffffff

Linker script and memory map

LOAD c:/progra~2/armgnu~1/112202~1.02/bin/../lib/gcc/arm-none-eabi/11.2.1/thumb/v6-m/nofp/crti.o
LOAD c:/progra~2/armgnu~1/112202~1.02/bin/../lib/gcc/arm-none-eabi/11.2.1/thumb/v6-m/nofp/crtbegin.o
LOAD c:/progra~2/armgnu~1/112202~1.02/bin/../lib/gcc/arm-none-eabi/11.2.1/thumb/v6-m/nofp/crt0.o

.flash_begin    0x10000000        0x0
                0x10000000                __flash_binary_start = .

.boot2          0x10000000      0x100
                0x10000000                __boot2_start__ = .
 *(.boot2)
 .boot2         0x10000000      0x100 C:\Users\karim\AppData\Local\Temp\cc47Zylt.o
                0x10000100                __boot2_end__ = .
                0x00000001                ASSERT (((__boot2_end__ - __boot2_start__) == 0x100), ERROR: Pico second stage bootloader must be 256 bytes in size)

.text           0x10000100     0x8b80
                0x10000100                __logical_binary_start = .
 *(.vectors)
 .vectors       0x10000100       0xd4 CMakeFiles/Firmware_v0.1.dir/C_/Users/karim/Desktop/Proyecto_Final/pico-sdk/src/rp2_common/pico_standard_link/crt0.S.obj
                0x10000100                __VECTOR_TABLE
                0x10000100                __vectors
                0x100001c0                isr_invalid
                0x100001c0                __default_isrs_start
                0x100001c2                isr_nmi
                0x100001c4                isr_hardfault
                0x100001c6                isr_svcall
                0x100001c8                isr_pendsv
                0x100001ca                isr_systick
                0x100001cc                isr_irq23
                0x100001cc                isr_irq18
                0x100001cc                isr_irq11
                0x100001cc                isr_irq28
                0x100001cc                isr_irq19
                0x100001cc                isr_irq0
                0x100001cc                isr_irq6
                0x100001cc                isr_irq5
                0x100001cc                isr_irq12
                0x100001cc                isr_irq22
                0x100001cc                isr_irq31
                0x100001cc                isr_irq17
                0x100001cc                isr_irq27
                0x100001cc                isr_irq30
                0x100001cc                isr_irq2
                0x100001cc                isr_irq10
                0x100001cc                isr_irq8
                0x100001cc                isr_irq24
                0x100001cc                isr_irq1
                0x100001cc                isr_irq7
                0x100001cc                isr_irq21
                0x100001cc                isr_irq20
                0x100001cc                isr_irq15
                0x100001cc                isr_irq25
                0x100001cc                isr_irq13
                0x100001cc                __unhandled_user_irq
                0x100001cc                isr_irq4
                0x100001cc                isr_irq16
                0x100001cc                isr_irq29
                0x100001cc                isr_irq26
                0x100001cc                __default_isrs_end
                0x100001cc                isr_irq3
                0x100001cc                isr_irq14
                0x100001cc                isr_irq9
                0x100001d2                unhandled_user_irq_num_in_r0
 *(.binary_info_header)
 .binary_info_header
                0x100001d4       0x14 CMakeFiles/Firmware_v0.1.dir/C_/Users/karim/Desktop/Proyecto_Final/pico-sdk/src/rp2_common/pico_standard_link/crt0.S.obj
                0x100001e8                __binary_info_header_end = .
 *(.reset)
 .reset         0x100001e8       0xa0 CMakeFiles/Firmware_v0.1.dir/C_/Users/karim/Desktop/Proyecto_Final/pico-sdk/src/rp2_common/pico_standard_link/crt0.S.obj
                0x100001e8                _entry_point
 .reset         0x10000288       0x30 CMakeFiles/Firmware_v0.1.dir/C_/Users/karim/Desktop/Proyecto_Final/pico-sdk/src/rp2_common/pico_standard_link/binary_info.c.obj
 *(.init)
 .init          0x100002b8        0x4 c:/progra~2/armgnu~1/112202~1.02/bin/../lib/gcc/arm-none-eabi/11.2.1/thumb/v6-m/nofp/crti.o
                0x100002b8                _init
 *(EXCLUDE_FILE(*libm.a: *libc.a:*lib_a-mem*.o *libgcc.a:) .text*)
 .text.register_tm_clones
                0x100002bc       0x28 c:/progra~2/armgnu~1/112202~1.02/bin/../lib/gcc/arm-none-eabi/11.2.1/thumb/v6-m/nofp/crtbegin.o
 .text.frame_dummy
                0x100002e4       0x24 c:/progra~2/armgnu~1/112202~1.02/bin/../lib/gcc/arm-none-eabi/11.2.1/thumb/v6-m/nofp/crtbegin.o
 .text.set_sys_clock_khz.constprop.0.isra.0
                0x10000308       0x34 CMakeFiles/Firmware_v0.1.dir/main.c.obj
 .text.startup.main
                0x1000033c      0xa88 CMakeFiles/Firmware_v0.1.dir/main.c.obj
                0x1000033c                main
 .text.getSettingsFromInput
                0x10000dc4      0x420 CMakeFiles/Firmware_v0.1.dir/configuration.c.obj
                0x10000dc4                getSettingsFromInput
 .text.input_timeout_alarm_callback
                0x100011e4       0x10 CMakeFiles/Firmware_v0.1.dir/communication.c.obj
                0x100011e4                input_timeout_alarm_callback
 .text.getInputString
                0x100011f4      0x178 CMakeFiles/Firmware_v0.1.dir/communication.c.obj
                0x100011f4                getInputString
 .text.writeDACVoltage
                0x1000136c       0xd0 CMakeFiles/Firmware_v0.1.dir/communication.c.obj
                0x1000136c                writeDACVoltage
 .text.initialiseDAC
                0x1000143c       0x40 CMakeFiles/Firmware_v0.1.dir/communication.c.obj
                0x1000143c                initialiseDAC
 .text.setPIOSamplingHardware
                0x1000147c       0x5c CMakeFiles/Firmware_v0.1.dir/sampling.c.obj
                0x1000147c                setPIOSamplingHardware
 .text.resetPIOSamplingHardware
                0x100014d8       0x50 CMakeFiles/Firmware_v0.1.dir/sampling.c.obj
                0x100014d8                resetPIOSamplingHardware
 .text.setSlowADCSamplingHardware
                0x10001528       0xb4 CMakeFiles/Firmware_v0.1.dir/sampling.c.obj
                0x10001528                setSlowADCSamplingHardware
 .text.resetSlowADCSamplingHardware
                0x100015dc       0x74 CMakeFiles/Firmware_v0.1.dir/sampling.c.obj
                0x100015dc                resetSlowADCSamplingHardware
 .text.triggeredTimeoutAlarmCallback
                0x10001650       0x5c CMakeFiles/Firmware_v0.1.dir/sampling.c.obj
                0x10001650                triggeredTimeoutAlarmCallback
 .text.slowADCTriggerCallback
                0x100016ac       0x2c CMakeFiles/Firmware_v0.1.dir/sampling.c.obj
                0x100016ac                slowADCTriggerCallback
 .text.stopTriggerTimeoutAlarm
                0x100016d8       0x2c CMakeFiles/Firmware_v0.1.dir/sampling.c.obj
                0x100016d8                stopTriggerTimeoutAlarm
 .text.set_sys_clock_pll
                0x10001704       0x78 CMakeFiles/Firmware_v0.1.dir/C_/Users/karim/Desktop/Proyecto_Final/pico-sdk/src/rp2_common/pico_stdlib/stdlib.c.obj
                0x10001704                set_sys_clock_pll
 .text.check_sys_clock_khz
                0x1000177c      0x17c CMakeFiles/Firmware_v0.1.dir/C_/Users/karim/Desktop/Proyecto_Final/pico-sdk/src/rp2_common/pico_stdlib/stdlib.c.obj
                0x1000177c                check_sys_clock_khz
 .text.gpio_default_irq_handler
                0x100018f8      0x244 CMakeFiles/Firmware_v0.1.dir/C_/Users/karim/Desktop/Proyecto_Final/pico-sdk/src/rp2_common/hardware_gpio/gpio.c.obj
 .text.gpio_set_function
                0x10001b3c       0x30 CMakeFiles/Firmware_v0.1.dir/C_/Users/karim/Desktop/Proyecto_Final/pico-sdk/src/rp2_common/hardware_gpio/gpio.c.obj
                0x10001b3c                gpio_set_function
 .text.gpio_set_pulls
                0x10001b6c       0x24 CMakeFiles/Firmware_v0.1.dir/C_/Users/karim/Desktop/Proyecto_Final/pico-sdk/src/rp2_common/hardware_gpio/gpio.c.obj
                0x10001b6c                gpio_set_pulls
 .text.gpio_set_irq_enabled
                0x10001b90       0x54 CMakeFiles/Firmware_v0.1.dir/C_/Users/karim/Desktop/Proyecto_Final/pico-sdk/src/rp2_common/hardware_gpio/gpio.c.obj
                0x10001b90                gpio_set_irq_enabled
 .text.gpio_set_irq_enabled_with_callback
                0x10001be4       0xb8 CMakeFiles/Firmware_v0.1.dir/C_/Users/karim/Desktop/Proyecto_Final/pico-sdk/src/rp2_common/hardware_gpio/gpio.c.obj
                0x10001be4                gpio_set_irq_enabled_with_callback
 .text.gpio_set_input_enabled
                0x10001c9c       0x28 CMakeFiles/Firmware_v0.1.dir/C_/Users/karim/Desktop/Proyecto_Final/pico-sdk/src/rp2_common/hardware_gpio/gpio.c.obj
                0x10001c9c                gpio_set_input_enabled
 .text.gpio_init
                0x10001cc4       0x3c CMakeFiles/Firmware_v0.1.dir/C_/Users/karim/Desktop/Proyecto_Final/pico-sdk/src/rp2_common/hardware_gpio/gpio.c.obj
                0x10001cc4                gpio_init
 .text.running_on_fpga
                0x10001d00       0x10 CMakeFiles/Firmware_v0.1.dir/C_/Users/karim/Desktop/Proyecto_Final/pico-sdk/src/rp2_common/pico_platform/platform.c.obj
                0x10001d00                running_on_fpga
 .text.hw_claim_lock
                0x10001d10       0x18 CMakeFiles/Firmware_v0.1.dir/C_/Users/karim/Desktop/Proyecto_Final/pico-sdk/src/rp2_common/hardware_claim/claim.c.obj
                0x10001d10                hw_claim_lock
 .text.hw_claim_unlock
                0x10001d28       0x14 CMakeFiles/Firmware_v0.1.dir/C_/Users/karim/Desktop/Proyecto_Final/pico-sdk/src/rp2_common/hardware_claim/claim.c.obj
                0x10001d28                hw_claim_unlock
 .text.hw_claim_or_assert
                0x10001d3c       0x44 CMakeFiles/Firmware_v0.1.dir/C_/Users/karim/Desktop/Proyecto_Final/pico-sdk/src/rp2_common/hardware_claim/claim.c.obj
                0x10001d3c                hw_claim_or_assert
 .text.hw_claim_unused_from_range
                0x10001d80       0x9c CMakeFiles/Firmware_v0.1.dir/C_/Users/karim/Desktop/Proyecto_Final/pico-sdk/src/rp2_common/hardware_claim/claim.c.obj
                0x10001d80                hw_claim_unused_from_range
 .text.hw_claim_clear
                0x10001e1c       0x38 CMakeFiles/Firmware_v0.1.dir/C_/Users/karim/Desktop/Proyecto_Final/pico-sdk/src/rp2_common/hardware_claim/claim.c.obj
                0x10001e1c                hw_claim_clear
 .text.spin_locks_reset
                0x10001e54       0x1c CMakeFiles/Firmware_v0.1.dir/C_/Users/karim/Desktop/Proyecto_Final/pico-sdk/src/rp2_common/hardware_sync/sync.c.obj
                0x10001e54                spin_locks_reset
 .text.next_striped_spin_lock_num
                0x10001e70       0x18 CMakeFiles/Firmware_v0.1.dir/C_/Users/karim/Desktop/Proyecto_Final/pico-sdk/src/rp2_common/hardware_sync/sync.c.obj
                0x10001e70                next_striped_spin_lock_num
 .text.spin_lock_claim_unused
                0x10001e88       0x24 CMakeFiles/Firmware_v0.1.dir/C_/Users/karim/Desktop/Proyecto_Final/pico-sdk/src/rp2_common/hardware_sync/sync.c.obj
                0x10001e88                spin_lock_claim_unused
 .text.irq_set_enabled
                0x10001eac       0x24 CMakeFiles/Firmware_v0.1.dir/C_/Users/karim/Desktop/Proyecto_Final/pico-sdk/src/rp2_common/hardware_irq/irq.c.obj
                0x10001eac                irq_set_enabled
 .text.irq_set_pending
                0x10001ed0       0x10 CMakeFiles/Firmware_v0.1.dir/C_/Users/karim/Desktop/Proyecto_Final/pico-sdk/src/rp2_common/hardware_irq/irq.c.obj
                0x10001ed0                irq_set_pending
 .text.irq_has_shared_handler
                0x10001ee0       0x2c CMakeFiles/Firmware_v0.1.dir/C_/Users/karim/Desktop/Proyecto_Final/pico-sdk/src/rp2_common/hardware_irq/irq.c.obj
                0x10001ee0                irq_has_shared_handler
 .text.irq_get_vtable_handler
                0x10001f0c       0x10 CMakeFiles/Firmware_v0.1.dir/C_/Users/karim/Desktop/Proyecto_Final/pico-sdk/src/rp2_common/hardware_irq/irq.c.obj
                0x10001f0c                irq_get_vtable_handler
 .text.irq_set_exclusive_handler
                0x10001f1c       0x54 CMakeFiles/Firmware_v0.1.dir/C_/Users/karim/Desktop/Proyecto_Final/pico-sdk/src/rp2_common/hardware_irq/irq.c.obj
                0x10001f1c                irq_set_exclusive_handler
 .text.irq_add_shared_handler
                0x10001f70      0x1e4 CMakeFiles/Firmware_v0.1.dir/C_/Users/karim/Desktop/Proyecto_Final/pico-sdk/src/rp2_common/hardware_irq/irq.c.obj
                0x10001f70                irq_add_shared_handler
 .text.irq_remove_handler
                0x10002154      0x1b0 CMakeFiles/Firmware_v0.1.dir/C_/Users/karim/Desktop/Proyecto_Final/pico-sdk/src/rp2_common/hardware_irq/irq.c.obj
                0x10002154                irq_remove_handler
 .text.irq_add_tail_to_free_list
                0x10002304       0xb4 CMakeFiles/Firmware_v0.1.dir/C_/Users/karim/Desktop/Proyecto_Final/pico-sdk/src/rp2_common/hardware_irq/irq.c.obj
                0x10002304                irq_add_tail_to_free_list
 .text.irq_init_priorities
                0x100023b8       0x24 CMakeFiles/Firmware_v0.1.dir/C_/Users/karim/Desktop/Proyecto_Final/pico-sdk/src/rp2_common/hardware_irq/irq.c.obj
                0x100023b8                irq_init_priorities
 .text.user_irq_claim_unused
                0x100023dc       0x2c CMakeFiles/Firmware_v0.1.dir/C_/Users/karim/Desktop/Proyecto_Final/pico-sdk/src/rp2_common/hardware_irq/irq.c.obj
                0x100023dc                user_irq_claim_unused
 .text.lock_init
                0x10002408       0x10 CMakeFiles/Firmware_v0.1.dir/C_/Users/karim/Desktop/Proyecto_Final/pico-sdk/src/common/pico_sync/lock_core.c.obj
                0x10002408                lock_init
 .text.mutex_init
                0x10002418       0x1c CMakeFiles/Firmware_v0.1.dir/C_/Users/karim/Desktop/Proyecto_Final/pico-sdk/src/common/pico_sync/mutex.c.obj
                0x10002418                mutex_init
 .text.recursive_mutex_init
                0x10002434       0x1c CMakeFiles/Firmware_v0.1.dir/C_/Users/karim/Desktop/Proyecto_Final/pico-sdk/src/common/pico_sync/mutex.c.obj
                0x10002434                recursive_mutex_init
 .text.critical_section_init
                0x10002450       0x20 CMakeFiles/Firmware_v0.1.dir/C_/Users/karim/Desktop/Proyecto_Final/pico-sdk/src/common/pico_sync/critical_section.c.obj
                0x10002450                critical_section_init
 .text.critical_section_init_with_lock_num
                0x10002470       0x14 CMakeFiles/Firmware_v0.1.dir/C_/Users/karim/Desktop/Proyecto_Final/pico-sdk/src/common/pico_sync/critical_section.c.obj
                0x10002470                critical_section_init_with_lock_num
 .text.timer_pool_entry_comparator
                0x10002484       0x34 CMakeFiles/Firmware_v0.1.dir/C_/Users/karim/Desktop/Proyecto_Final/pico-sdk/src/common/pico_time/time.c.obj
                0x10002484                timer_pool_entry_comparator
 .text.sleep_until_callback
                0x100024b8       0x30 CMakeFiles/Firmware_v0.1.dir/C_/Users/karim/Desktop/Proyecto_Final/pico-sdk/src/common/pico_time/time.c.obj
 .text.add_alarm_under_lock.isra.0
                0x100024e8      0x104 CMakeFiles/Firmware_v0.1.dir/C_/Users/karim/Desktop/Proyecto_Final/pico-sdk/src/common/pico_time/time.c.obj
 .text.alarm_pool_alarm_callback
                0x100025ec      0x1c4 CMakeFiles/Firmware_v0.1.dir/C_/Users/karim/Desktop/Proyecto_Final/pico-sdk/src/common/pico_time/time.c.obj
 .text.alarm_pool_init_default
                0x100027b0       0x6c CMakeFiles/Firmware_v0.1.dir/C_/Users/karim/Desktop/Proyecto_Final/pico-sdk/src/common/pico_time/time.c.obj
                0x100027b0                alarm_pool_init_default
 .text.alarm_pool_get_default
                0x1000281c        0x8 CMakeFiles/Firmware_v0.1.dir/C_/Users/karim/Desktop/Proyecto_Final/pico-sdk/src/common/pico_time/time.c.obj
                0x1000281c                alarm_pool_get_default
 .text.alarm_pool_add_alarm_at
                0x10002824      0x184 CMakeFiles/Firmware_v0.1.dir/C_/Users/karim/Desktop/Proyecto_Final/pico-sdk/src/common/pico_time/time.c.obj
                0x10002824                alarm_pool_add_alarm_at
 .text.alarm_pool_cancel_alarm
                0x100029a8       0x74 CMakeFiles/Firmware_v0.1.dir/C_/Users/karim/Desktop/Proyecto_Final/pico-sdk/src/common/pico_time/time.c.obj
                0x100029a8                alarm_pool_cancel_alarm
 .text.alarm_pool_core_num
                0x10002a1c        0x4 CMakeFiles/Firmware_v0.1.dir/C_/Users/karim/Desktop/Proyecto_Final/pico-sdk/src/common/pico_time/time.c.obj
                0x10002a1c                alarm_pool_core_num
 .text.sleep_until
                0x10002a20       0xc4 CMakeFiles/Firmware_v0.1.dir/C_/Users/karim/Desktop/Proyecto_Final/pico-sdk/src/common/pico_time/time.c.obj
                0x10002a20                sleep_until
 .text.sleep_ms
                0x10002ae4       0x38 CMakeFiles/Firmware_v0.1.dir/C_/Users/karim/Desktop/Proyecto_Final/pico-sdk/src/common/pico_time/time.c.obj
                0x10002ae4                sleep_ms
 .text.best_effort_wfe_or_timeout
                0x10002b1c       0xd4 CMakeFiles/Firmware_v0.1.dir/C_/Users/karim/Desktop/Proyecto_Final/pico-sdk/src/common/pico_time/time.c.obj
                0x10002b1c                best_effort_wfe_or_timeout
 .text.hardware_alarm_irq_handler
                0x10002bf0       0xbc CMakeFiles/Firmware_v0.1.dir/C_/Users/karim/Desktop/Proyecto_Final/pico-sdk/src/rp2_common/hardware_timer/timer.c.obj
 .text.hardware_alarm_claim
                0x10002cac       0x18 CMakeFiles/Firmware_v0.1.dir/C_/Users/karim/Desktop/Proyecto_Final/pico-sdk/src/rp2_common/hardware_timer/timer.c.obj
                0x10002cac                hardware_alarm_claim
 .text.time_us_64
                0x10002cc4       0x14 CMakeFiles/Firmware_v0.1.dir/C_/Users/karim/Desktop/Proyecto_Final/pico-sdk/src/rp2_common/hardware_timer/timer.c.obj
                0x10002cc4                time_us_64
 .text.busy_wait_us
                0x10002cd8       0x54 CMakeFiles/Firmware_v0.1.dir/C_/Users/karim/Desktop/Proyecto_Final/pico-sdk/src/rp2_common/hardware_timer/timer.c.obj
                0x10002cd8                busy_wait_us
 .text.busy_wait_until
                0x10002d2c       0x20 CMakeFiles/Firmware_v0.1.dir/C_/Users/karim/Desktop/Proyecto_Final/pico-sdk/src/rp2_common/hardware_timer/timer.c.obj
                0x10002d2c                busy_wait_until
 .text.hardware_alarm_set_callback
                0x10002d4c       0x8c CMakeFiles/Firmware_v0.1.dir/C_/Users/karim/Desktop/Proyecto_Final/pico-sdk/src/rp2_common/hardware_timer/timer.c.obj
                0x10002d4c                hardware_alarm_set_callback
 .text.hardware_alarm_set_target
                0x10002dd8       0xd4 CMakeFiles/Firmware_v0.1.dir/C_/Users/karim/Desktop/Proyecto_Final/pico-sdk/src/rp2_common/hardware_timer/timer.c.obj
                0x10002dd8                hardware_alarm_set_target
 .text.hardware_alarm_cancel
                0x10002eac       0x3c CMakeFiles/Firmware_v0.1.dir/C_/Users/karim/Desktop/Proyecto_Final/pico-sdk/src/rp2_common/hardware_timer/timer.c.obj
                0x10002eac                hardware_alarm_cancel
 .text.ph_merge_nodes
                0x10002ee8       0x68 CMakeFiles/Firmware_v0.1.dir/C_/Users/karim/Desktop/Proyecto_Final/pico-sdk/src/common/pico_util/pheap.c.obj
 .text.ph_post_alloc_init
                0x10002f50       0x3c CMakeFiles/Firmware_v0.1.dir/C_/Users/karim/Desktop/Proyecto_Final/pico-sdk/src/common/pico_util/pheap.c.obj
                0x10002f50                ph_post_alloc_init
 .text.ph_merge_two_pass
                0x10002f8c       0x9c CMakeFiles/Firmware_v0.1.dir/C_/Users/karim/Desktop/Proyecto_Final/pico-sdk/src/common/pico_util/pheap.c.obj
                0x10002f8c                ph_merge_two_pass
 .text.ph_remove_any_head
                0x10003028      0x100 CMakeFiles/Firmware_v0.1.dir/C_/Users/karim/Desktop/Proyecto_Final/pico-sdk/src/common/pico_util/pheap.c.obj
 .text.ph_remove_head
                0x10003128      0x104 CMakeFiles/Firmware_v0.1.dir/C_/Users/karim/Desktop/Proyecto_Final/pico-sdk/src/common/pico_util/pheap.c.obj
                0x10003128                ph_remove_head
 .text.ph_remove_and_free_node
                0x1000322c       0x7c CMakeFiles/Firmware_v0.1.dir/C_/Users/karim/Desktop/Proyecto_Final/pico-sdk/src/common/pico_util/pheap.c.obj
                0x1000322c                ph_remove_and_free_node
 .text.clock_configure
                0x100032a8      0x118 CMakeFiles/Firmware_v0.1.dir/C_/Users/karim/Desktop/Proyecto_Final/pico-sdk/src/rp2_common/hardware_clocks/clocks.c.obj
                0x100032a8                clock_configure
 .text.clocks_init
                0x100033c0      0x2c4 CMakeFiles/Firmware_v0.1.dir/C_/Users/karim/Desktop/Proyecto_Final/pico-sdk/src/rp2_common/hardware_clocks/clocks.c.obj
                0x100033c0                clocks_init
 .text.clock_get_hz
                0x10003684        0xc CMakeFiles/Firmware_v0.1.dir/C_/Users/karim/Desktop/Proyecto_Final/pico-sdk/src/rp2_common/hardware_clocks/clocks.c.obj
                0x10003684                clock_get_hz
 .text.pll_init
                0x10003690       0xa0 CMakeFiles/Firmware_v0.1.dir/C_/Users/karim/Desktop/Proyecto_Final/pico-sdk/src/rp2_common/hardware_pll/pll.c.obj
                0x10003690                pll_init
 .text.watchdog_start_tick
                0x10003730       0x10 CMakeFiles/Firmware_v0.1.dir/C_/Users/karim/Desktop/Proyecto_Final/pico-sdk/src/rp2_common/hardware_watchdog/watchdog.c.obj
                0x10003730                watchdog_start_tick
 .text.watchdog_reboot
                0x10003740       0x9c CMakeFiles/Firmware_v0.1.dir/C_/Users/karim/Desktop/Proyecto_Final/pico-sdk/src/rp2_common/hardware_watchdog/watchdog.c.obj
                0x10003740                watchdog_reboot
 .text.xosc_init
                0x100037dc       0x28 CMakeFiles/Firmware_v0.1.dir/C_/Users/karim/Desktop/Proyecto_Final/pico-sdk/src/rp2_common/hardware_xosc/xosc.c.obj
                0x100037dc                xosc_init
 .text.runtime_init
                0x10003804       0xf0 CMakeFiles/Firmware_v0.1.dir/C_/Users/karim/Desktop/Proyecto_Final/pico-sdk/src/rp2_common/pico_runtime/runtime.c.obj
                0x10003804                runtime_init
 .text._exit    0x100038f4        0x4 CMakeFiles/Firmware_v0.1.dir/C_/Users/karim/Desktop/Proyecto_Final/pico-sdk/src/rp2_common/pico_runtime/runtime.c.obj
                0x100038f4                _exit
 .text.exit     0x100038f8        0x8 CMakeFiles/Firmware_v0.1.dir/C_/Users/karim/Desktop/Proyecto_Final/pico-sdk/src/rp2_common/pico_runtime/runtime.c.obj
                0x100038f8                exit
 .text.panic    0x10003900       0x30 CMakeFiles/Firmware_v0.1.dir/C_/Users/karim/Desktop/Proyecto_Final/pico-sdk/src/rp2_common/pico_runtime/runtime.c.obj
                0x10003900                panic
 .text.hard_assertion_failure
                0x10003930        0xc CMakeFiles/Firmware_v0.1.dir/C_/Users/karim/Desktop/Proyecto_Final/pico-sdk/src/rp2_common/pico_runtime/runtime.c.obj
                0x10003930                hard_assertion_failure
 .text._out_null
                0x1000393c        0x4 CMakeFiles/Firmware_v0.1.dir/C_/Users/karim/Desktop/Proyecto_Final/pico-sdk/src/rp2_common/pico_printf/printf.c.obj
 .text._out_rev
                0x10003940       0x90 CMakeFiles/Firmware_v0.1.dir/C_/Users/karim/Desktop/Proyecto_Final/pico-sdk/src/rp2_common/pico_printf/printf.c.obj
 .text._ntoa_format
                0x100039d0      0x1cc CMakeFiles/Firmware_v0.1.dir/C_/Users/karim/Desktop/Proyecto_Final/pico-sdk/src/rp2_common/pico_printf/printf.c.obj
 .text._out_char
                0x10003b9c       0x10 CMakeFiles/Firmware_v0.1.dir/C_/Users/karim/Desktop/Proyecto_Final/pico-sdk/src/rp2_common/pico_printf/printf.c.obj
 .text._out_fct
                0x10003bac       0x10 CMakeFiles/Firmware_v0.1.dir/C_/Users/karim/Desktop/Proyecto_Final/pico-sdk/src/rp2_common/pico_printf/printf.c.obj
 .text._etoa    0x10003bbc      0x44c CMakeFiles/Firmware_v0.1.dir/C_/Users/karim/Desktop/Proyecto_Final/pico-sdk/src/rp2_common/pico_printf/printf.c.obj
 .text._ftoa    0x10004008      0x3d0 CMakeFiles/Firmware_v0.1.dir/C_/Users/karim/Desktop/Proyecto_Final/pico-sdk/src/rp2_common/pico_printf/printf.c.obj
 .text._vsnprintf
                0x100043d8      0xabc CMakeFiles/Firmware_v0.1.dir/C_/Users/karim/Desktop/Proyecto_Final/pico-sdk/src/rp2_common/pico_printf/printf.c.obj
 .text.vfctprintf
                0x10004e94       0x20 CMakeFiles/Firmware_v0.1.dir/C_/Users/karim/Desktop/Proyecto_Final/pico-sdk/src/rp2_common/pico_printf/printf.c.obj
                0x10004e94                vfctprintf
 .text.weak_raw_vprintf
                0x10004eb4       0x30 CMakeFiles/Firmware_v0.1.dir/C_/Users/karim/Desktop/Proyecto_Final/pico-sdk/src/rp2_common/pico_printf/printf.c.obj
                0x10004eb4                weak_raw_vprintf
 .text          0x10004ee4       0x10 CMakeFiles/Firmware_v0.1.dir/C_/Users/karim/Desktop/Proyecto_Final/pico-sdk/src/rp2_common/pico_bit_ops/bit_ops_aeabi.S.obj
 .text.rom_func_lookup
                0x10004ef4       0x10 CMakeFiles/Firmware_v0.1.dir/C_/Users/karim/Desktop/Proyecto_Final/pico-sdk/src/rp2_common/pico_bootrom/bootrom.c.obj
                0x10004ef4                rom_func_lookup
 .text.rom_data_lookup
                0x10004f04       0x10 CMakeFiles/Firmware_v0.1.dir/C_/Users/karim/Desktop/Proyecto_Final/pico-sdk/src/rp2_common/pico_bootrom/bootrom.c.obj
                0x10004f04                rom_data_lookup
 .text.rom_funcs_lookup
                0x10004f14       0x44 CMakeFiles/Firmware_v0.1.dir/C_/Users/karim/Desktop/Proyecto_Final/pico-sdk/src/rp2_common/pico_bootrom/bootrom.c.obj
                0x10004f14                rom_funcs_lookup
 .text.__wrap___aeabi_idiv
                0x10004f58       0x50 CMakeFiles/Firmware_v0.1.dir/C_/Users/karim/Desktop/Proyecto_Final/pico-sdk/src/rp2_common/pico_divider/divider.S.obj
                0x10004f58                __wrap___aeabi_idivmod
                0x10004f58                divmod_s32s32
                0x10004f58                div_s32s32
                0x10004f58                __wrap___aeabi_idiv
                0x10004f60                divmod_s32s32_unsafe
                0x10004f8c                divmod_s32s32_savestate
 .text.__wrap___aeabi_uidiv
                0x10004fa8       0x4c CMakeFiles/Firmware_v0.1.dir/C_/Users/karim/Desktop/Proyecto_Final/pico-sdk/src/rp2_common/pico_divider/divider.S.obj
                0x10004fa8                __wrap___aeabi_uidiv
                0x10004fa8                __wrap___aeabi_uidivmod
                0x10004fa8                div_u32u32
                0x10004fa8                divmod_u32u32
                0x10004fb0                divmod_u32u32_unsafe
                0x10004fd8                divmod_u32u32_savestate
 .text.__wrap___aeabi_ldiv
                0x10004ff4      0x424 CMakeFiles/Firmware_v0.1.dir/C_/Users/karim/Desktop/Proyecto_Final/pico-sdk/src/rp2_common/pico_divider/divider.S.obj
                0x10004ff4                div_s64s64
                0x10004ff4                divmod_s64s64
                0x10004ff4                __wrap___aeabi_ldivmod
                0x10005024                divmod_u64u64
                0x10005024                div_u64u64
                0x10005024                __wrap___aeabi_uldivmod
                0x10005034                divmod_u64u64_savestate
                0x10005054                divmod_s64s64_unsafe
                0x100050dc                divmod_u64u64_unsafe
 .text.__wrap___aeabi_darithmetic
                0x10005418       0x80 CMakeFiles/Firmware_v0.1.dir/C_/Users/karim/Desktop/Proyecto_Final/pico-sdk/src/rp2_common/pico_double/double_aeabi.S.obj
                0x10005418                __wrap___aeabi_drsub
                0x1000541e                __wrap___aeabi_dsub
                0x10005430                __wrap___aeabi_dadd
                0x10005442                __wrap___aeabi_ddiv
                0x1000547e                __wrap___aeabi_dmul
 .text.__wrap___aeabi_cdcmple
                0x10005498       0x6c CMakeFiles/Firmware_v0.1.dir/C_/Users/karim/Desktop/Proyecto_Final/pico-sdk/src/rp2_common/pico_double/double_aeabi.S.obj
                0x10005498                __wrap___aeabi_cdrcmple
                0x100054a8                __wrap___aeabi_cdcmpeq
                0x100054a8                __wrap___aeabi_cdcmple
 .text.__wrap___aeabi_dcmplt
                0x10005504        0xc CMakeFiles/Firmware_v0.1.dir/C_/Users/karim/Desktop/Proyecto_Final/pico-sdk/src/rp2_common/pico_double/double_aeabi.S.obj
                0x10005504                __wrap___aeabi_dcmplt
 .text.__wrap___aeabi_dcmple
                0x10005510       0x10 CMakeFiles/Firmware_v0.1.dir/C_/Users/karim/Desktop/Proyecto_Final/pico-sdk/src/rp2_common/pico_double/double_aeabi.S.obj
                0x10005510                __wrap___aeabi_dcmple
 .text.__wrap___aeabi_dcmpge
                0x10005520       0x10 CMakeFiles/Firmware_v0.1.dir/C_/Users/karim/Desktop/Proyecto_Final/pico-sdk/src/rp2_common/pico_double/double_aeabi.S.obj
                0x10005520                __wrap___aeabi_dcmpge
 .text.__wrap___aeabi_dcmpgt
                0x10005530        0xa CMakeFiles/Firmware_v0.1.dir/C_/Users/karim/Desktop/Proyecto_Final/pico-sdk/src/rp2_common/pico_double/double_aeabi.S.obj
                0x10005530                __wrap___aeabi_dcmpgt
 .text.__wrap___aeabi_dcmpun
                0x1000553a       0x1c CMakeFiles/Firmware_v0.1.dir/C_/Users/karim/Desktop/Proyecto_Final/pico-sdk/src/rp2_common/pico_double/double_aeabi.S.obj
                0x1000553a                __wrap___aeabi_dcmpun
 *fill*         0x10005556        0x2 
 .text.__wrap___aeabi_i2d
                0x10005558       0x38 CMakeFiles/Firmware_v0.1.dir/C_/Users/karim/Desktop/Proyecto_Final/pico-sdk/src/rp2_common/pico_double/double_aeabi.S.obj
                0x10005558                __wrap___aeabi_ui2d
                0x10005560                __wrap___aeabi_i2d
 .text.__wrap___aeabi_d2iz
                0x10005590       0x48 CMakeFiles/Firmware_v0.1.dir/C_/Users/karim/Desktop/Proyecto_Final/pico-sdk/src/rp2_common/pico_double/double_aeabi.S.obj
                0x10005590                double2int_z
                0x10005590                __wrap___aeabi_d2iz
 .text.__wrap___aeabi_d2uiz
                0x100055d8       0x18 CMakeFiles/Firmware_v0.1.dir/C_/Users/karim/Desktop/Proyecto_Final/pico-sdk/src/rp2_common/pico_double/double_aeabi.S.obj
                0x100055d8                __wrap___aeabi_d2uiz
                0x100055d8                double2uint
 .text.__wrap___aeabi_d2f
                0x100055f0       0x18 CMakeFiles/Firmware_v0.1.dir/C_/Users/karim/Desktop/Proyecto_Final/pico-sdk/src/rp2_common/pico_double/double_aeabi.S.obj
                0x100055f0                __wrap___aeabi_d2f
 .text.__aeabi_double_init
                0x10005608       0x94 CMakeFiles/Firmware_v0.1.dir/C_/Users/karim/Desktop/Proyecto_Final/pico-sdk/src/rp2_common/pico_double/double_init_rom.c.obj
                0x10005608                __aeabi_double_init
 .text.double_table_shim_on_use_helper
                0x1000569c       0x2c CMakeFiles/Firmware_v0.1.dir/C_/Users/karim/Desktop/Proyecto_Final/pico-sdk/src/rp2_common/pico_double/double_v1_rom_shim.S.obj
                0x1000569c                double_table_shim_on_use_helper
 .text.__wrap___aeabi_dsub
                0x100056c8       0x10 CMakeFiles/Firmware_v0.1.dir/C_/Users/karim/Desktop/Proyecto_Final/pico-sdk/src/rp2_common/pico_double/double_v1_rom_shim.S.obj
                0x100056c8                drsub_shim
                0x100056ce                dsub_shim
 .text.dadd_shim
                0x100056d8      0x15c CMakeFiles/Firmware_v0.1.dir/C_/Users/karim/Desktop/Proyecto_Final/pico-sdk/src/rp2_common/pico_double/double_v1_rom_shim.S.obj
                0x100056d8                dadd_shim
 .text.dmul_shim
                0x10005834      0x15c CMakeFiles/Firmware_v0.1.dir/C_/Users/karim/Desktop/Proyecto_Final/pico-sdk/src/rp2_common/pico_double/double_v1_rom_shim.S.obj
                0x10005834                dmul_shim
 .text.ddiv_shim
                0x10005990      0x1b0 CMakeFiles/Firmware_v0.1.dir/C_/Users/karim/Desktop/Proyecto_Final/pico-sdk/src/rp2_common/pico_double/double_v1_rom_shim.S.obj
                0x10005990                ddiv_shim
 .text.double2uint_shim
                0x10005b40        0xe CMakeFiles/Firmware_v0.1.dir/C_/Users/karim/Desktop/Proyecto_Final/pico-sdk/src/rp2_common/pico_double/double_v1_rom_shim.S.obj
                0x10005b40                double2uint_shim
                0x10005b42                double2ufix_shim
 *fill*         0x10005b4e        0x2 
 .text.double2uint64_shim
                0x10005b50       0x70 CMakeFiles/Firmware_v0.1.dir/C_/Users/karim/Desktop/Proyecto_Final/pico-sdk/src/rp2_common/pico_double/double_v1_rom_shim.S.obj
                0x10005b50                double2uint64_shim
                0x10005b52                double2ufix64_shim
                0x10005b72                d2fix_a
 .text.double2float_shim
                0x10005bc0       0x5c CMakeFiles/Firmware_v0.1.dir/C_/Users/karim/Desktop/Proyecto_Final/pico-sdk/src/rp2_common/pico_double/double_v1_rom_shim.S.obj
                0x10005bc0                double2float_shim
 .text.dunpacks
                0x10005c1c       0x3c CMakeFiles/Firmware_v0.1.dir/C_/Users/karim/Desktop/Proyecto_Final/pico-sdk/src/rp2_common/pico_double/double_v1_rom_shim.S.obj
                0x10005c1c                dunpacks
 .text.__aeabi_lmul
                0x10005c58       0x32 CMakeFiles/Firmware_v0.1.dir/C_/Users/karim/Desktop/Proyecto_Final/pico-sdk/src/rp2_common/pico_int64_ops/pico_int64_ops_aeabi.S.obj
                0x10005c58                __wrap___aeabi_lmul
 *fill*         0x10005c8a        0x2 
 .text.__wrap___aeabi_farithmetic
                0x10005c8c       0x48 CMakeFiles/Firmware_v0.1.dir/C_/Users/karim/Desktop/Proyecto_Final/pico-sdk/src/rp2_common/pico_float/float_aeabi.S.obj
                0x10005c8c                __wrap___aeabi_frsub
                0x10005c92                __wrap___aeabi_fsub
                0x10005c98                __wrap___aeabi_fadd
                0x10005c9e                __wrap___aeabi_fdiv
                0x10005cc6                __wrap___aeabi_fmul
 .text.__wrap___aeabi_cfcmple
                0x10005cd4       0x50 CMakeFiles/Firmware_v0.1.dir/C_/Users/karim/Desktop/Proyecto_Final/pico-sdk/src/rp2_common/pico_float/float_aeabi.S.obj
                0x10005cd4                __wrap___aeabi_cfrcmple
                0x10005ce0                __wrap___aeabi_cfcmple
                0x10005ce0                __wrap___aeabi_cfcmpeq
 .text.__wrap___aeabi_fcmplt
                0x10005d24        0xc CMakeFiles/Firmware_v0.1.dir/C_/Users/karim/Desktop/Proyecto_Final/pico-sdk/src/rp2_common/pico_float/float_aeabi.S.obj
                0x10005d24                __wrap___aeabi_fcmplt
 .text.__wrap___aeabi_fcmpgt
                0x10005d30        0xa CMakeFiles/Firmware_v0.1.dir/C_/Users/karim/Desktop/Proyecto_Final/pico-sdk/src/rp2_common/pico_float/float_aeabi.S.obj
                0x10005d30                __wrap___aeabi_fcmpgt
 .text.__wrap___aeabi_ui2f
                0x10005d3a        0xa CMakeFiles/Firmware_v0.1.dir/C_/Users/karim/Desktop/Proyecto_Final/pico-sdk/src/rp2_common/pico_float/float_aeabi.S.obj
                0x10005d3a                __wrap___aeabi_ui2f
 .text.__wrap___aeabi_i2f
                0x10005d44       0x44 CMakeFiles/Firmware_v0.1.dir/C_/Users/karim/Desktop/Proyecto_Final/pico-sdk/src/rp2_common/pico_float/float_aeabi.S.obj
                0x10005d44                __wrap___aeabi_i2f
 .text.__wrap___aeabi_f2uiz
                0x10005d88        0xc CMakeFiles/Firmware_v0.1.dir/C_/Users/karim/Desktop/Proyecto_Final/pico-sdk/src/rp2_common/pico_float/float_aeabi.S.obj
                0x10005d88                __wrap___aeabi_f2uiz
 .text.__wrap___aeabi_f2d
                0x10005d94       0x14 CMakeFiles/Firmware_v0.1.dir/C_/Users/karim/Desktop/Proyecto_Final/pico-sdk/src/rp2_common/pico_float/float_aeabi.S.obj
                0x10005d94                __wrap___aeabi_f2d
 .text.__aeabi_float_init
                0x10005da8       0x64 CMakeFiles/Firmware_v0.1.dir/C_/Users/karim/Desktop/Proyecto_Final/pico-sdk/src/rp2_common/pico_float/float_init_rom.c.obj
                0x10005da8                __aeabi_float_init
 .text.float_table_shim_on_use_helper
                0x10005e0c       0x2c CMakeFiles/Firmware_v0.1.dir/C_/Users/karim/Desktop/Proyecto_Final/pico-sdk/src/rp2_common/pico_float/float_v1_rom_shim.S.obj
                0x10005e0c                float_table_shim_on_use_helper
 .text.float2double_shim
                0x10005e38       0x30 CMakeFiles/Firmware_v0.1.dir/C_/Users/karim/Desktop/Proyecto_Final/pico-sdk/src/rp2_common/pico_float/float_v1_rom_shim.S.obj
                0x10005e38                float2double_shim
 .text          0x10005e68       0x10 CMakeFiles/Firmware_v0.1.dir/C_/Users/karim/Desktop/Proyecto_Final/pico-sdk/src/rp2_common/pico_mem_ops/mem_ops_aeabi.S.obj
                0x10005e68                __aeabi_mem_init
 .text.memset   0x10005e78        0xc CMakeFiles/Firmware_v0.1.dir/C_/Users/karim/Desktop/Proyecto_Final/pico-sdk/src/rp2_common/pico_mem_ops/mem_ops_aeabi.S.obj
                0x10005e78                __wrap_memset
 .text.memcpy   0x10005e84        0xc CMakeFiles/Firmware_v0.1.dir/C_/Users/karim/Desktop/Proyecto_Final/pico-sdk/src/rp2_common/pico_mem_ops/mem_ops_aeabi.S.obj
                0x10005e84                __wrap_memcpy
                0x10005e84                __wrap___aeabi_memcpy
 .text.stdio_out_chars_no_crlf
                0x10005e90       0x10 CMakeFiles/Firmware_v0.1.dir/C_/Users/karim/Desktop/Proyecto_Final/pico-sdk/src/rp2_common/pico_stdio/stdio.c.obj
 .text.stdio_out_chars_crlf
                0x10005ea0       0xb4 CMakeFiles/Firmware_v0.1.dir/C_/Users/karim/Desktop/Proyecto_Final/pico-sdk/src/rp2_common/pico_stdio/stdio.c.obj
 .text.stdio_buffered_printer
                0x10005f54       0x64 CMakeFiles/Firmware_v0.1.dir/C_/Users/karim/Desktop/Proyecto_Final/pico-sdk/src/rp2_common/pico_stdio/stdio.c.obj
 .text.stdio_put_string.isra.0
                0x10005fb8      0x100 CMakeFiles/Firmware_v0.1.dir/C_/Users/karim/Desktop/Proyecto_Final/pico-sdk/src/rp2_common/pico_stdio/stdio.c.obj
 .text.__wrap_putchar
                0x100060b8       0x98 CMakeFiles/Firmware_v0.1.dir/C_/Users/karim/Desktop/Proyecto_Final/pico-sdk/src/rp2_common/pico_stdio/stdio.c.obj
                0x100060b8                __wrap_putchar
 .text.__wrap_puts
                0x10006150       0x3c CMakeFiles/Firmware_v0.1.dir/C_/Users/karim/Desktop/Proyecto_Final/pico-sdk/src/rp2_common/pico_stdio/stdio.c.obj
                0x10006150                __wrap_puts
 .text.stdio_set_driver_enabled
                0x1000618c       0x30 CMakeFiles/Firmware_v0.1.dir/C_/Users/karim/Desktop/Proyecto_Final/pico-sdk/src/rp2_common/pico_stdio/stdio.c.obj
                0x1000618c                stdio_set_driver_enabled
 .text.stdio_flush
                0x100061bc       0x28 CMakeFiles/Firmware_v0.1.dir/C_/Users/karim/Desktop/Proyecto_Final/pico-sdk/src/rp2_common/pico_stdio/stdio.c.obj
                0x100061bc                stdio_flush
 .text.__wrap_vprintf
                0x100061e4       0xd4 CMakeFiles/Firmware_v0.1.dir/C_/Users/karim/Desktop/Proyecto_Final/pico-sdk/src/rp2_common/pico_stdio/stdio.c.obj
                0x100061e4                __wrap_vprintf
 .text.__wrap_printf
                0x100062b8       0x18 CMakeFiles/Firmware_v0.1.dir/C_/Users/karim/Desktop/Proyecto_Final/pico-sdk/src/rp2_common/pico_stdio/stdio.c.obj
                0x100062b8                __wrap_printf
 .text.stdio_init_all
                0x100062d0        0x8 CMakeFiles/Firmware_v0.1.dir/C_/Users/karim/Desktop/Proyecto_Final/pico-sdk/src/rp2_common/pico_stdio/stdio.c.obj
                0x100062d0                stdio_init_all
 .text.getchar_timeout_us
                0x100062d8       0x98 CMakeFiles/Firmware_v0.1.dir/C_/Users/karim/Desktop/Proyecto_Final/pico-sdk/src/rp2_common/pico_stdio/stdio.c.obj
                0x100062d8                getchar_timeout_us
 .text.resetd_init
                0x10006370        0x4 CMakeFiles/Firmware_v0.1.dir/C_/Users/karim/Desktop/Proyecto_Final/pico-sdk/src/rp2_common/pico_stdio_usb/reset_interface.c.obj
 .text.resetd_reset
                0x10006374        0xc CMakeFiles/Firmware_v0.1.dir/C_/Users/karim/Desktop/Proyecto_Final/pico-sdk/src/rp2_common/pico_stdio_usb/reset_interface.c.obj
 .text.resetd_open
                0x10006380       0x28 CMakeFiles/Firmware_v0.1.dir/C_/Users/karim/Desktop/Proyecto_Final/pico-sdk/src/rp2_common/pico_stdio_usb/reset_interface.c.obj
 .text.resetd_xfer_cb
                0x100063a8        0x4 CMakeFiles/Firmware_v0.1.dir/C_/Users/karim/Desktop/Proyecto_Final/pico-sdk/src/rp2_common/pico_stdio_usb/reset_interface.c.obj
 .text.resetd_control_xfer_cb
                0x100063ac       0x64 CMakeFiles/Firmware_v0.1.dir/C_/Users/karim/Desktop/Proyecto_Final/pico-sdk/src/rp2_common/pico_stdio_usb/reset_interface.c.obj
 .text.usbd_app_driver_get_cb
                0x10006410        0xc CMakeFiles/Firmware_v0.1.dir/C_/Users/karim/Desktop/Proyecto_Final/pico-sdk/src/rp2_common/pico_stdio_usb/reset_interface.c.obj
                0x10006410                usbd_app_driver_get_cb
 .text.tud_cdc_line_coding_cb
                0x1000641c       0x34 CMakeFiles/Firmware_v0.1.dir/C_/Users/karim/Desktop/Proyecto_Final/pico-sdk/src/rp2_common/pico_stdio_usb/reset_interface.c.obj
                0x1000641c                tud_cdc_line_coding_cb
 .text.stdio_usb_set_chars_available_callback
                0x10006450       0x14 CMakeFiles/Firmware_v0.1.dir/C_/Users/karim/Desktop/Proyecto_Final/pico-sdk/src/rp2_common/pico_stdio_usb/stdio_usb.c.obj
                0x10006450                stdio_usb_set_chars_available_callback
 .text.usb_irq  0x10006464       0x10 CMakeFiles/Firmware_v0.1.dir/C_/Users/karim/Desktop/Proyecto_Final/pico-sdk/src/rp2_common/pico_stdio_usb/stdio_usb.c.obj
 .text.timer_task
                0x10006474       0x54 CMakeFiles/Firmware_v0.1.dir/C_/Users/karim/Desktop/Proyecto_Final/pico-sdk/src/rp2_common/pico_stdio_usb/stdio_usb.c.obj
 .text.stdio_usb_in_chars
                0x100064c8       0x94 CMakeFiles/Firmware_v0.1.dir/C_/Users/karim/Desktop/Proyecto_Final/pico-sdk/src/rp2_common/pico_stdio_usb/stdio_usb.c.obj
                0x100064c8                stdio_usb_in_chars
 .text.stdio_usb_out_chars
                0x1000655c      0x104 CMakeFiles/Firmware_v0.1.dir/C_/Users/karim/Desktop/Proyecto_Final/pico-sdk/src/rp2_common/pico_stdio_usb/stdio_usb.c.obj
 .text.low_priority_worker_irq
                0x10006660       0xa8 CMakeFiles/Firmware_v0.1.dir/C_/Users/karim/Desktop/Proyecto_Final/pico-sdk/src/rp2_common/pico_stdio_usb/stdio_usb.c.obj
 .text.tud_cdc_rx_cb
                0x10006708       0x20 CMakeFiles/Firmware_v0.1.dir/C_/Users/karim/Desktop/Proyecto_Final/pico-sdk/src/rp2_common/pico_stdio_usb/stdio_usb.c.obj
                0x10006708                tud_cdc_rx_cb
 .text.stdio_usb_init
                0x10006728       0xe0 CMakeFiles/Firmware_v0.1.dir/C_/Users/karim/Desktop/Proyecto_Final/pico-sdk/src/rp2_common/pico_stdio_usb/stdio_usb.c.obj
                0x10006728                stdio_usb_init
 .text.tud_descriptor_device_cb
                0x10006808        0x8 CMakeFiles/Firmware_v0.1.dir/C_/Users/karim/Desktop/Proyecto_Final/pico-sdk/src/rp2_common/pico_stdio_usb/stdio_usb_descriptors.c.obj
                0x10006808                tud_descriptor_device_cb
 .text.tud_descriptor_configuration_cb
                0x10006810        0x8 CMakeFiles/Firmware_v0.1.dir/C_/Users/karim/Desktop/Proyecto_Final/pico-sdk/src/rp2_common/pico_stdio_usb/stdio_usb_descriptors.c.obj
                0x10006810                tud_descriptor_configuration_cb
 .text.tud_descriptor_string_cb
                0x10006818       0x74 CMakeFiles/Firmware_v0.1.dir/C_/Users/karim/Desktop/Proyecto_Final/pico-sdk/src/rp2_common/pico_stdio_usb/stdio_usb_descriptors.c.obj
                0x10006818                tud_descriptor_string_cb
 .text.startup._retrieve_unique_id_on_boot
                0x1000688c       0x10 CMakeFiles/Firmware_v0.1.dir/C_/Users/karim/Desktop/Proyecto_Final/pico-sdk/src/rp2_common/pico_unique_id/unique_id.c.obj
 .text.pico_get_unique_board_id_string
                0x1000689c      0x1a8 CMakeFiles/Firmware_v0.1.dir/C_/Users/karim/Desktop/Proyecto_Final/pico-sdk/src/rp2_common/pico_unique_id/unique_id.c.obj
                0x1000689c                pico_get_unique_board_id_string
 .text.flash_get_unique_id
                0x10006a44       0x40 CMakeFiles/Firmware_v0.1.dir/C_/Users/karim/Desktop/Proyecto_Final/pico-sdk/src/rp2_common/hardware_flash/flash.c.obj
                0x10006a44                flash_get_unique_id
 .text.dcd_int_enable
                0x10006a84        0xc CMakeFiles/Firmware_v0.1.dir/C_/Users/karim/Desktop/Proyecto_Final/pico-sdk/lib/tinyusb/src/portable/raspberrypi/rp2040/dcd_rp2040.c.obj
                0x10006a84                dcd_int_enable
 .text.dcd_set_address
                0x10006a90       0x14 CMakeFiles/Firmware_v0.1.dir/C_/Users/karim/Desktop/Proyecto_Final/pico-sdk/lib/tinyusb/src/portable/raspberrypi/rp2040/dcd_rp2040.c.obj
                0x10006a90                dcd_set_address
 .text.dcd_connect
                0x10006aa4       0x10 CMakeFiles/Firmware_v0.1.dir/C_/Users/karim/Desktop/Proyecto_Final/pico-sdk/lib/tinyusb/src/portable/raspberrypi/rp2040/dcd_rp2040.c.obj
                0x10006aa4                dcd_connect
 .text.dcd_init
                0x10006ab4       0x98 CMakeFiles/Firmware_v0.1.dir/C_/Users/karim/Desktop/Proyecto_Final/pico-sdk/lib/tinyusb/src/portable/raspberrypi/rp2040/dcd_rp2040.c.obj
                0x10006ab4                dcd_init
 .text.dcd_edpt0_status_complete
                0x10006b4c       0x1c CMakeFiles/Firmware_v0.1.dir/C_/Users/karim/Desktop/Proyecto_Final/pico-sdk/lib/tinyusb/src/portable/raspberrypi/rp2040/dcd_rp2040.c.obj
                0x10006b4c                dcd_edpt0_status_complete
 .text.dcd_edpt_open
                0x10006b68      0x108 CMakeFiles/Firmware_v0.1.dir/C_/Users/karim/Desktop/Proyecto_Final/pico-sdk/lib/tinyusb/src/portable/raspberrypi/rp2040/dcd_rp2040.c.obj
                0x10006b68                dcd_edpt_open
 .text.dcd_edpt_close_all
                0x10006c70        0x8 CMakeFiles/Firmware_v0.1.dir/C_/Users/karim/Desktop/Proyecto_Final/pico-sdk/lib/tinyusb/src/portable/raspberrypi/rp2040/dcd_rp2040.c.obj
                0x10006c70                dcd_edpt_close_all
 .text.dcd_edpt_xfer
                0x10006c78       0x24 CMakeFiles/Firmware_v0.1.dir/C_/Users/karim/Desktop/Proyecto_Final/pico-sdk/lib/tinyusb/src/portable/raspberrypi/rp2040/dcd_rp2040.c.obj
                0x10006c78                dcd_edpt_xfer
 .text.dcd_edpt_stall
                0x10006c9c       0x38 CMakeFiles/Firmware_v0.1.dir/C_/Users/karim/Desktop/Proyecto_Final/pico-sdk/lib/tinyusb/src/portable/raspberrypi/rp2040/dcd_rp2040.c.obj
                0x10006c9c                dcd_edpt_stall
 .text.dcd_edpt_clear_stall
                0x10006cd4       0x30 CMakeFiles/Firmware_v0.1.dir/C_/Users/karim/Desktop/Proyecto_Final/pico-sdk/lib/tinyusb/src/portable/raspberrypi/rp2040/dcd_rp2040.c.obj
                0x10006cd4                dcd_edpt_clear_stall
 .text.rp2040_usb_init
                0x10006d04       0x4c CMakeFiles/Firmware_v0.1.dir/C_/Users/karim/Desktop/Proyecto_Final/pico-sdk/lib/tinyusb/src/portable/raspberrypi/rp2040/rp2040_usb.c.obj
                0x10006d04                rp2040_usb_init
 .text.hw_endpoint_xfer_start
                0x10006d50       0x50 CMakeFiles/Firmware_v0.1.dir/C_/Users/karim/Desktop/Proyecto_Final/pico-sdk/lib/tinyusb/src/portable/raspberrypi/rp2040/rp2040_usb.c.obj
                0x10006d50                hw_endpoint_xfer_start
 .text.tud_mounted
                0x10006da0       0x10 CMakeFiles/Firmware_v0.1.dir/C_/Users/karim/Desktop/Proyecto_Final/pico-sdk/lib/tinyusb/src/device/usbd.c.obj
                0x10006da0                tud_mounted
 .text.tud_suspended
                0x10006db0       0x10 CMakeFiles/Firmware_v0.1.dir/C_/Users/karim/Desktop/Proyecto_Final/pico-sdk/lib/tinyusb/src/device/usbd.c.obj
                0x10006db0                tud_suspended
 .text.tud_inited
                0x10006dc0       0x14 CMakeFiles/Firmware_v0.1.dir/C_/Users/karim/Desktop/Proyecto_Final/pico-sdk/lib/tinyusb/src/device/usbd.c.obj
                0x10006dc0                tud_inited
 .text.tud_init
                0x10006dd4       0xe0 CMakeFiles/Firmware_v0.1.dir/C_/Users/karim/Desktop/Proyecto_Final/pico-sdk/lib/tinyusb/src/device/usbd.c.obj
                0x10006dd4                tud_init
 .text.tud_task_ext
                0x10006eb4      0x8a8 CMakeFiles/Firmware_v0.1.dir/C_/Users/karim/Desktop/Proyecto_Final/pico-sdk/lib/tinyusb/src/device/usbd.c.obj
                0x10006eb4                tud_task_ext
 .text.usbd_open_edpt_pair
                0x1000775c       0x9c CMakeFiles/Firmware_v0.1.dir/C_/Users/karim/Desktop/Proyecto_Final/pico-sdk/lib/tinyusb/src/device/usbd.c.obj
                0x1000775c                usbd_open_edpt_pair
 .text.usbd_defer_func
                0x100077f8       0x48 CMakeFiles/Firmware_v0.1.dir/C_/Users/karim/Desktop/Proyecto_Final/pico-sdk/lib/tinyusb/src/device/usbd.c.obj
                0x100077f8                usbd_defer_func
 .text.usbd_edpt_open
                0x10007840       0x34 CMakeFiles/Firmware_v0.1.dir/C_/Users/karim/Desktop/Proyecto_Final/pico-sdk/lib/tinyusb/src/device/usbd.c.obj
                0x10007840                usbd_edpt_open
 .text.usbd_edpt_claim
                0x10007874       0x28 CMakeFiles/Firmware_v0.1.dir/C_/Users/karim/Desktop/Proyecto_Final/pico-sdk/lib/tinyusb/src/device/usbd.c.obj
                0x10007874                usbd_edpt_claim
 .text.usbd_edpt_release
                0x1000789c       0x28 CMakeFiles/Firmware_v0.1.dir/C_/Users/karim/Desktop/Proyecto_Final/pico-sdk/lib/tinyusb/src/device/usbd.c.obj
                0x1000789c                usbd_edpt_release
 .text.usbd_edpt_xfer
                0x100078c4       0x4c CMakeFiles/Firmware_v0.1.dir/C_/Users/karim/Desktop/Proyecto_Final/pico-sdk/lib/tinyusb/src/device/usbd.c.obj
                0x100078c4                usbd_edpt_xfer
 .text.tud_control_status
                0x10007910       0x2c CMakeFiles/Firmware_v0.1.dir/C_/Users/karim/Desktop/Proyecto_Final/pico-sdk/lib/tinyusb/src/device/usbd_control.c.obj
                0x10007910                tud_control_status
 .text.tud_control_xfer
                0x1000793c       0xac CMakeFiles/Firmware_v0.1.dir/C_/Users/karim/Desktop/Proyecto_Final/pico-sdk/lib/tinyusb/src/device/usbd_control.c.obj
                0x1000793c                tud_control_xfer
 .text.usbd_control_reset
                0x100079e8       0x14 CMakeFiles/Firmware_v0.1.dir/C_/Users/karim/Desktop/Proyecto_Final/pico-sdk/lib/tinyusb/src/device/usbd_control.c.obj
                0x100079e8                usbd_control_reset
 .text.usbd_control_set_complete_callback
                0x100079fc        0xc CMakeFiles/Firmware_v0.1.dir/C_/Users/karim/Desktop/Proyecto_Final/pico-sdk/lib/tinyusb/src/device/usbd_control.c.obj
                0x100079fc                usbd_control_set_complete_callback
 .text.usbd_control_set_request
                0x10007a08       0x1c CMakeFiles/Firmware_v0.1.dir/C_/Users/karim/Desktop/Proyecto_Final/pico-sdk/lib/tinyusb/src/device/usbd_control.c.obj
                0x10007a08                usbd_control_set_request
 .text.usbd_control_xfer_cb
                0x10007a24       0xf4 CMakeFiles/Firmware_v0.1.dir/C_/Users/karim/Desktop/Proyecto_Final/pico-sdk/lib/tinyusb/src/device/usbd_control.c.obj
                0x10007a24                usbd_control_xfer_cb
 .text.tud_cdc_n_connected
                0x10007b18       0x30 CMakeFiles/Firmware_v0.1.dir/C_/Users/karim/Desktop/Proyecto_Final/pico-sdk/lib/tinyusb/src/class/cdc/cdc_device.c.obj
                0x10007b18                tud_cdc_n_connected
 .text.tud_cdc_n_available
                0x10007b48       0x18 CMakeFiles/Firmware_v0.1.dir/C_/Users/karim/Desktop/Proyecto_Final/pico-sdk/lib/tinyusb/src/class/cdc/cdc_device.c.obj
                0x10007b48                tud_cdc_n_available
 .text.tud_cdc_n_read
                0x10007b60       0x70 CMakeFiles/Firmware_v0.1.dir/C_/Users/karim/Desktop/Proyecto_Final/pico-sdk/lib/tinyusb/src/class/cdc/cdc_device.c.obj
                0x10007b60                tud_cdc_n_read
 .text.tud_cdc_n_write_flush
                0x10007bd0       0x78 CMakeFiles/Firmware_v0.1.dir/C_/Users/karim/Desktop/Proyecto_Final/pico-sdk/lib/tinyusb/src/class/cdc/cdc_device.c.obj
                0x10007bd0                tud_cdc_n_write_flush
 .text.tud_cdc_n_write
                0x10007c48       0x34 CMakeFiles/Firmware_v0.1.dir/C_/Users/karim/Desktop/Proyecto_Final/pico-sdk/lib/tinyusb/src/class/cdc/cdc_device.c.obj
                0x10007c48                tud_cdc_n_write
 .text.tud_cdc_n_write_available
                0x10007c7c       0x18 CMakeFiles/Firmware_v0.1.dir/C_/Users/karim/Desktop/Proyecto_Final/pico-sdk/lib/tinyusb/src/class/cdc/cdc_device.c.obj
                0x10007c7c                tud_cdc_n_write_available
 .text.cdcd_init
                0x10007c94       0x7c CMakeFiles/Firmware_v0.1.dir/C_/Users/karim/Desktop/Proyecto_Final/pico-sdk/lib/tinyusb/src/class/cdc/cdc_device.c.obj
                0x10007c94                cdcd_init
 .text.cdcd_reset
                0x10007d10       0x2c CMakeFiles/Firmware_v0.1.dir/C_/Users/karim/Desktop/Proyecto_Final/pico-sdk/lib/tinyusb/src/class/cdc/cdc_device.c.obj
                0x10007d10                cdcd_reset
 .text.cdcd_open
                0x10007d3c       0xe8 CMakeFiles/Firmware_v0.1.dir/C_/Users/karim/Desktop/Proyecto_Final/pico-sdk/lib/tinyusb/src/class/cdc/cdc_device.c.obj
                0x10007d3c                cdcd_open
 .text.cdcd_control_xfer_cb
                0x10007e24       0xe4 CMakeFiles/Firmware_v0.1.dir/C_/Users/karim/Desktop/Proyecto_Final/pico-sdk/lib/tinyusb/src/class/cdc/cdc_device.c.obj
                0x10007e24                cdcd_control_xfer_cb
 .text.cdcd_xfer_cb
                0x10007f08      0x148 CMakeFiles/Firmware_v0.1.dir/C_/Users/karim/Desktop/Proyecto_Final/pico-sdk/lib/tinyusb/src/class/cdc/cdc_device.c.obj
                0x10007f08                cdcd_xfer_cb
 .text.tusb_init
                0x10008050        0xc CMakeFiles/Firmware_v0.1.dir/C_/Users/karim/Desktop/Proyecto_Final/pico-sdk/lib/tinyusb/src/tusb.c.obj
                0x10008050                tusb_init
 .text.tusb_inited
                0x1000805c        0x8 CMakeFiles/Firmware_v0.1.dir/C_/Users/karim/Desktop/Proyecto_Final/pico-sdk/lib/tinyusb/src/tusb.c.obj
                0x1000805c                tusb_inited
 .text.tu_edpt_claim
                0x10008064       0x50 CMakeFiles/Firmware_v0.1.dir/C_/Users/karim/Desktop/Proyecto_Final/pico-sdk/lib/tinyusb/src/tusb.c.obj
                0x10008064                tu_edpt_claim
 .text.tu_edpt_release
                0x100080b4       0x38 CMakeFiles/Firmware_v0.1.dir/C_/Users/karim/Desktop/Proyecto_Final/pico-sdk/lib/tinyusb/src/tusb.c.obj
                0x100080b4                tu_edpt_release
 .text.tu_edpt_validate
                0x100080ec       0x74 CMakeFiles/Firmware_v0.1.dir/C_/Users/karim/Desktop/Proyecto_Final/pico-sdk/lib/tinyusb/src/tusb.c.obj
                0x100080ec                tu_edpt_validate
 .text.tu_edpt_bind_driver
                0x10008160       0x34 CMakeFiles/Firmware_v0.1.dir/C_/Users/karim/Desktop/Proyecto_Final/pico-sdk/lib/tinyusb/src/tusb.c.obj
                0x10008160                tu_edpt_bind_driver
 .text.tu_fifo_config
                0x10008194       0x70 CMakeFiles/Firmware_v0.1.dir/C_/Users/karim/Desktop/Proyecto_Final/pico-sdk/lib/tinyusb/src/common/tusb_fifo.c.obj
                0x10008194                tu_fifo_config
 .text.tu_fifo_count
                0x10008204       0x2c CMakeFiles/Firmware_v0.1.dir/C_/Users/karim/Desktop/Proyecto_Final/pico-sdk/lib/tinyusb/src/common/tusb_fifo.c.obj
                0x10008204                tu_fifo_count
 .text.tu_fifo_empty
                0x10008230       0x10 CMakeFiles/Firmware_v0.1.dir/C_/Users/karim/Desktop/Proyecto_Final/pico-sdk/lib/tinyusb/src/common/tusb_fifo.c.obj
                0x10008230                tu_fifo_empty
 .text.tu_fifo_remaining
                0x10008240       0x2c CMakeFiles/Firmware_v0.1.dir/C_/Users/karim/Desktop/Proyecto_Final/pico-sdk/lib/tinyusb/src/common/tusb_fifo.c.obj
                0x10008240                tu_fifo_remaining
 .text.tu_fifo_read
                0x1000826c       0xa0 CMakeFiles/Firmware_v0.1.dir/C_/Users/karim/Desktop/Proyecto_Final/pico-sdk/lib/tinyusb/src/common/tusb_fifo.c.obj
                0x1000826c                tu_fifo_read
 .text.tu_fifo_read_n
                0x1000830c       0xe8 CMakeFiles/Firmware_v0.1.dir/C_/Users/karim/Desktop/Proyecto_Final/pico-sdk/lib/tinyusb/src/common/tusb_fifo.c.obj
                0x1000830c                tu_fifo_read_n
 .text.tu_fifo_write
                0x100083f4       0x88 CMakeFiles/Firmware_v0.1.dir/C_/Users/karim/Desktop/Proyecto_Final/pico-sdk/lib/tinyusb/src/common/tusb_fifo.c.obj
                0x100083f4                tu_fifo_write
 .text.tu_fifo_write_n
                0x1000847c      0x160 CMakeFiles/Firmware_v0.1.dir/C_/Users/karim/Desktop/Proyecto_Final/pico-sdk/lib/tinyusb/src/common/tusb_fifo.c.obj
                0x1000847c                tu_fifo_write_n
 .text.tu_fifo_clear
                0x100085dc       0x40 CMakeFiles/Firmware_v0.1.dir/C_/Users/karim/Desktop/Proyecto_Final/pico-sdk/lib/tinyusb/src/common/tusb_fifo.c.obj
                0x100085dc                tu_fifo_clear
 .text.tu_fifo_set_overwritable
                0x1000861c       0x48 CMakeFiles/Firmware_v0.1.dir/C_/Users/karim/Desktop/Proyecto_Final/pico-sdk/lib/tinyusb/src/common/tusb_fifo.c.obj
                0x1000861c                tu_fifo_set_overwritable
 .text.pio_sm_unclaim
                0x10008664       0x20 CMakeFiles/Firmware_v0.1.dir/C_/Users/karim/Desktop/Proyecto_Final/pico-sdk/src/rp2_common/hardware_pio/pio.c.obj
                0x10008664                pio_sm_unclaim
 .text.pio_claim_unused_sm
                0x10008684       0x3c CMakeFiles/Firmware_v0.1.dir/C_/Users/karim/Desktop/Proyecto_Final/pico-sdk/src/rp2_common/hardware_pio/pio.c.obj
                0x10008684                pio_claim_unused_sm
 .text.pio_add_program
                0x100086c0       0xcc CMakeFiles/Firmware_v0.1.dir/C_/Users/karim/Desktop/Proyecto_Final/pico-sdk/src/rp2_common/hardware_pio/pio.c.obj
                0x100086c0                pio_add_program
 .text.pio_clear_instruction_memory
                0x1000878c       0x38 CMakeFiles/Firmware_v0.1.dir/C_/Users/karim/Desktop/Proyecto_Final/pico-sdk/src/rp2_common/hardware_pio/pio.c.obj
                0x1000878c                pio_clear_instruction_memory
 .text.pio_sm_set_consecutive_pindirs
                0x100087c4       0xb0 CMakeFiles/Firmware_v0.1.dir/C_/Users/karim/Desktop/Proyecto_Final/pico-sdk/src/rp2_common/hardware_pio/pio.c.obj
                0x100087c4                pio_sm_set_consecutive_pindirs
 .text.pio_sm_init
                0x10008874       0x98 CMakeFiles/Firmware_v0.1.dir/C_/Users/karim/Desktop/Proyecto_Final/pico-sdk/src/rp2_common/hardware_pio/pio.c.obj
                0x10008874                pio_sm_init
 .text.dma_channel_unclaim
                0x1000890c       0x14 CMakeFiles/Firmware_v0.1.dir/C_/Users/karim/Desktop/Proyecto_Final/pico-sdk/src/rp2_common/hardware_dma/dma.c.obj
                0x1000890c                dma_channel_unclaim
 .text.dma_claim_unused_channel
                0x10008920       0x24 CMakeFiles/Firmware_v0.1.dir/C_/Users/karim/Desktop/Proyecto_Final/pico-sdk/src/rp2_common/hardware_dma/dma.c.obj
                0x10008920                dma_claim_unused_channel
 .text.spi_init
                0x10008944      0x138 CMakeFiles/Firmware_v0.1.dir/C_/Users/karim/Desktop/Proyecto_Final/pico-sdk/src/rp2_common/hardware_spi/spi.c.obj
                0x10008944                spi_init
 .text.adc_init
                0x10008a7c       0x38 CMakeFiles/Firmware_v0.1.dir/C_/Users/karim/Desktop/Proyecto_Final/pico-sdk/src/rp2_common/hardware_adc/adc.c.obj
                0x10008a7c                adc_init
 .text          0x10008ab4       0x88 c:/progra~2/armgnu~1/112202~1.02/bin/../lib/gcc/arm-none-eabi/11.2.1/thumb/v6-m/nofp\libc.a(lib_a-strcmp.o)
                0x10008ab4                strcmp
 .text.strlen   0x10008b3c       0x5c c:/progra~2/armgnu~1/112202~1.02/bin/../lib/gcc/arm-none-eabi/11.2.1/thumb/v6-m/nofp\libc.a(lib_a-strlen-stub.o)
                0x10008b3c                strlen
 *(.fini)
 .fini          0x10008b98        0x4 c:/progra~2/armgnu~1/112202~1.02/bin/../lib/gcc/arm-none-eabi/11.2.1/thumb/v6-m/nofp/crti.o
                0x10008b98                _fini
 *fill*         0x10008b9c        0x4 
 .fini.__stub   0x10008ba0       0xe0 linker stubs
 *crtbegin.o(.ctors)
 *crtbegin?.o(.ctors)
 *(EXCLUDE_FILE(*crtend.o *crtend?.o) .ctors)
 *(SORT_BY_NAME(.ctors.*))
 *(.ctors)
 *crtbegin.o(.dtors)
 *crtbegin?.o(.dtors)
 *(EXCLUDE_FILE(*crtend.o *crtend?.o) .dtors)
 *(SORT_BY_NAME(.dtors.*))
 *(.dtors)
 *(.eh_frame*)
 .eh_frame      0x10008c80        0x0 c:/progra~2/armgnu~1/112202~1.02/bin/../lib/gcc/arm-none-eabi/11.2.1/thumb/v6-m/nofp/crtbegin.o
                0x10008c80                . = ALIGN (0x4)

.glue_7         0x10008c80        0x0
 .glue_7        0x10008c80        0x0 linker stubs

.glue_7t        0x10008c80        0x0
 .glue_7t       0x10008c80        0x0 linker stubs

.vfp11_veneer   0x10008c80        0x0
 .vfp11_veneer  0x10008c80        0x0 linker stubs

.v4_bx          0x10008c80        0x0
 .v4_bx         0x10008c80        0x0 linker stubs

.iplt           0x10008c80        0x0
 .iplt          0x10008c80        0x0 c:/progra~2/armgnu~1/112202~1.02/bin/../lib/gcc/arm-none-eabi/11.2.1/thumb/v6-m/nofp/crtbegin.o

.rodata         0x10008c80      0x674
 *(EXCLUDE_FILE(*libm.a: *libc.a:*lib_a-mem*.o *libgcc.a:) .rodata*)
 .rodata.set_sys_clock_khz.constprop.0.isra.0.str1.4
                0x10008c80       0x32 CMakeFiles/Firmware_v0.1.dir/main.c.obj
 *fill*         0x10008cb2        0x2 
 .rodata.main.str1.4
                0x10008cb4       0x20 CMakeFiles/Firmware_v0.1.dir/main.c.obj
 .rodata.triggered_analog_program
                0x10008cd4        0x6 CMakeFiles/Firmware_v0.1.dir/main.c.obj
 *fill*         0x10008cda        0x2 
 .rodata.triggered_analog_program_instructions
                0x10008cdc        0xa CMakeFiles/Firmware_v0.1.dir/main.c.obj
 *fill*         0x10008ce6        0x2 
 .rodata.triggered_digital_program
                0x10008ce8        0x6 CMakeFiles/Firmware_v0.1.dir/main.c.obj
 *fill*         0x10008cee        0x2 
 .rodata.triggered_digital_program_instructions
                0x10008cf0        0x8 CMakeFiles/Firmware_v0.1.dir/main.c.obj
 .rodata.untriggered_analog_program
                0x10008cf8        0x6 CMakeFiles/Firmware_v0.1.dir/main.c.obj
 *fill*         0x10008cfe        0x2 
 .rodata.untriggered_analog_program_instructions
                0x10008d00        0x4 CMakeFiles/Firmware_v0.1.dir/main.c.obj
 .rodata.untriggered_digital_program
                0x10008d04        0x6 CMakeFiles/Firmware_v0.1.dir/main.c.obj
 *fill*         0x10008d0a        0x2 
 .rodata.untriggered_digital_program_instructions
                0x10008d0c        0x2 CMakeFiles/Firmware_v0.1.dir/main.c.obj
 *fill*         0x10008d0e        0x2 
 .rodata.getSettingsFromInput.str1.4
                0x10008d10       0x13 CMakeFiles/Firmware_v0.1.dir/configuration.c.obj
 *fill*         0x10008d23        0x1 
 .rodata.getInputString.str1.4
                0x10008d24       0x56 CMakeFiles/Firmware_v0.1.dir/communication.c.obj
                                 0x62 (size before relaxing)
 .rodata.resetPIOSamplingHardware.str1.4
                0x10008d7a       0x32 CMakeFiles/Firmware_v0.1.dir/sampling.c.obj
 *fill*         0x10008d7a        0x2 
 .rodata.samplingFrequenciesLUT
                0x10008d7c       0x44 CMakeFiles/Firmware_v0.1.dir/sampling.c.obj
                0x10008d7c                samplingFrequenciesLUT
 .rodata.spin_lock_claim_unused.str1.4
                0x10008dc0       0x1b CMakeFiles/Firmware_v0.1.dir/C_/Users/karim/Desktop/Proyecto_Final/pico-sdk/src/rp2_common/hardware_sync/sync.c.obj
 *fill*         0x10008ddb        0x1 
 .rodata.user_irq_claim_unused.str1.4
                0x10008ddc       0x1b CMakeFiles/Firmware_v0.1.dir/C_/Users/karim/Desktop/Proyecto_Final/pico-sdk/src/rp2_common/hardware_irq/irq.c.obj
 *fill*         0x10008df7        0x1 
 .rodata.hardware_alarm_claim.str1.4
                0x10008df8       0x22 CMakeFiles/Firmware_v0.1.dir/C_/Users/karim/Desktop/Proyecto_Final/pico-sdk/src/rp2_common/hardware_timer/timer.c.obj
 *fill*         0x10008e1a        0x2 
 .rodata.panic.str1.4
                0x10008e1c       0x12 CMakeFiles/Firmware_v0.1.dir/C_/Users/karim/Desktop/Proyecto_Final/pico-sdk/src/rp2_common/pico_runtime/runtime.c.obj
 *fill*         0x10008e2e        0x2 
 .rodata.hard_assertion_failure.str1.4
                0x10008e30        0xc CMakeFiles/Firmware_v0.1.dir/C_/Users/karim/Desktop/Proyecto_Final/pico-sdk/src/rp2_common/pico_runtime/runtime.c.obj
 .rodata._ftoa.str1.4
                0x10008e3c       0x15 CMakeFiles/Firmware_v0.1.dir/C_/Users/karim/Desktop/Proyecto_Final/pico-sdk/src/rp2_common/pico_printf/printf.c.obj
 *fill*         0x10008e51        0x3 
 .rodata._vsnprintf
                0x10008e54      0x19c CMakeFiles/Firmware_v0.1.dir/C_/Users/karim/Desktop/Proyecto_Final/pico-sdk/src/rp2_common/pico_printf/printf.c.obj
 .rodata.pow10.0
                0x10008ff0       0x50 CMakeFiles/Firmware_v0.1.dir/C_/Users/karim/Desktop/Proyecto_Final/pico-sdk/src/rp2_common/pico_printf/printf.c.obj
 .rodata.str1.4
                0x10009040       0x44 CMakeFiles/Firmware_v0.1.dir/C_/Users/karim/Desktop/Proyecto_Final/pico-sdk/src/rp2_common/pico_standard_link/binary_info.c.obj
 .rodata.__bi_44
                0x10009084        0xc CMakeFiles/Firmware_v0.1.dir/C_/Users/karim/Desktop/Proyecto_Final/pico-sdk/src/rp2_common/pico_standard_link/binary_info.c.obj
 .rodata.__bi_75
                0x10009090        0xc CMakeFiles/Firmware_v0.1.dir/C_/Users/karim/Desktop/Proyecto_Final/pico-sdk/src/rp2_common/pico_standard_link/binary_info.c.obj
 .rodata.__bi_81
                0x1000909c        0xc CMakeFiles/Firmware_v0.1.dir/C_/Users/karim/Desktop/Proyecto_Final/pico-sdk/src/rp2_common/pico_standard_link/binary_info.c.obj
 .rodata.crlf_str.0
                0x100090a8        0x2 CMakeFiles/Firmware_v0.1.dir/C_/Users/karim/Desktop/Proyecto_Final/pico-sdk/src/rp2_common/pico_stdio/stdio.c.obj
 *fill*         0x100090aa        0x2 
 .rodata._resetd_driver
                0x100090ac       0x18 CMakeFiles/Firmware_v0.1.dir/C_/Users/karim/Desktop/Proyecto_Final/pico-sdk/src/rp2_common/pico_stdio_usb/reset_interface.c.obj
 .rodata.str1.4
                0x100090c4       0x13 CMakeFiles/Firmware_v0.1.dir/C_/Users/karim/Desktop/Proyecto_Final/pico-sdk/src/rp2_common/pico_stdio_usb/stdio_usb.c.obj
 *fill*         0x100090d7        0x1 
 .rodata.__bi_182.0
                0x100090d8        0xc CMakeFiles/Firmware_v0.1.dir/C_/Users/karim/Desktop/Proyecto_Final/pico-sdk/src/rp2_common/pico_stdio_usb/stdio_usb.c.obj
 .rodata.str1.4
                0x100090e4       0x2a CMakeFiles/Firmware_v0.1.dir/C_/Users/karim/Desktop/Proyecto_Final/pico-sdk/src/rp2_common/pico_stdio_usb/stdio_usb_descriptors.c.obj
 *fill*         0x1000910e        0x2 
 .rodata.usbd_desc_cfg
                0x10009110       0x54 CMakeFiles/Firmware_v0.1.dir/C_/Users/karim/Desktop/Proyecto_Final/pico-sdk/src/rp2_common/pico_stdio_usb/stdio_usb_descriptors.c.obj
 .rodata.usbd_desc_device
                0x10009164       0x12 CMakeFiles/Firmware_v0.1.dir/C_/Users/karim/Desktop/Proyecto_Final/pico-sdk/src/rp2_common/pico_stdio_usb/stdio_usb_descriptors.c.obj
 *fill*         0x10009176        0x2 
 .rodata.usbd_desc_str
                0x10009178       0x18 CMakeFiles/Firmware_v0.1.dir/C_/Users/karim/Desktop/Proyecto_Final/pico-sdk/src/rp2_common/pico_stdio_usb/stdio_usb_descriptors.c.obj
 .rodata.str1.4
                0x10009190       0x14 CMakeFiles/Firmware_v0.1.dir/C_/Users/karim/Desktop/Proyecto_Final/pico-sdk/lib/tinyusb/src/portable/raspberrypi/rp2040/dcd_rp2040.c.obj
 .rodata.str1.4
                0x100091a4       0x53 CMakeFiles/Firmware_v0.1.dir/C_/Users/karim/Desktop/Proyecto_Final/pico-sdk/lib/tinyusb/src/portable/raspberrypi/rp2040/rp2040_usb.c.obj
 *fill*         0x100091f7        0x1 
 .rodata.tud_task_ext
                0x100091f8       0x8c CMakeFiles/Firmware_v0.1.dir/C_/Users/karim/Desktop/Proyecto_Final/pico-sdk/lib/tinyusb/src/device/usbd.c.obj
 .rodata._usbd_driver
                0x10009284       0x18 CMakeFiles/Firmware_v0.1.dir/C_/Users/karim/Desktop/Proyecto_Final/pico-sdk/lib/tinyusb/src/device/usbd.c.obj
 .rodata.pio_claim_unused_sm.str1.4
                0x1000929c       0x24 CMakeFiles/Firmware_v0.1.dir/C_/Users/karim/Desktop/Proyecto_Final/pico-sdk/src/rp2_common/hardware_pio/pio.c.obj
 .rodata.pio_add_program.str1.4
                0x100092c0       0x11 CMakeFiles/Firmware_v0.1.dir/C_/Users/karim/Desktop/Proyecto_Final/pico-sdk/src/rp2_common/hardware_pio/pio.c.obj
 *fill*         0x100092d1        0x3 
 .rodata.dma_claim_unused_channel.str1.4
                0x100092d4       0x1e CMakeFiles/Firmware_v0.1.dir/C_/Users/karim/Desktop/Proyecto_Final/pico-sdk/src/rp2_common/hardware_dma/dma.c.obj
                0x100092f4                . = ALIGN (0x4)
 *fill*         0x100092f2        0x2 
 *(SORT_BY_ALIGNMENT(SORT_BY_NAME(.flashdata*)))
                0x100092f4                . = ALIGN (0x4)

.ARM.extab
 *(.ARM.extab* .gnu.linkonce.armextab.*)
                0x100092f4                __exidx_start = .

.ARM.exidx
 *(.ARM.exidx* .gnu.linkonce.armexidx.*)
                0x100092f4                __exidx_end = .
                0x100092f4                . = ALIGN (0x4)
                0x100092f4                __binary_info_start = .

.binary_info    0x100092f4       0x20
 *(.binary_info.keep.*)
 .binary_info.keep.__bi_ptr22
                0x100092f4        0x4 CMakeFiles/Firmware_v0.1.dir/C_/Users/karim/Desktop/Proyecto_Final/pico-sdk/src/rp2_common/pico_standard_link/binary_info.c.obj
 .binary_info.keep.__bi_ptr30
                0x100092f8        0x4 CMakeFiles/Firmware_v0.1.dir/C_/Users/karim/Desktop/Proyecto_Final/pico-sdk/src/rp2_common/pico_standard_link/binary_info.c.obj
 .binary_info.keep.__bi_ptr38
                0x100092fc        0x4 CMakeFiles/Firmware_v0.1.dir/C_/Users/karim/Desktop/Proyecto_Final/pico-sdk/src/rp2_common/pico_standard_link/binary_info.c.obj
 .binary_info.keep.__bi_ptr44
                0x10009300        0x4 CMakeFiles/Firmware_v0.1.dir/C_/Users/karim/Desktop/Proyecto_Final/pico-sdk/src/rp2_common/pico_standard_link/binary_info.c.obj
 .binary_info.keep.__bi_ptr50
                0x10009304        0x4 CMakeFiles/Firmware_v0.1.dir/C_/Users/karim/Desktop/Proyecto_Final/pico-sdk/src/rp2_common/pico_standard_link/binary_info.c.obj
 .binary_info.keep.__bi_ptr75
                0x10009308        0x4 CMakeFiles/Firmware_v0.1.dir/C_/Users/karim/Desktop/Proyecto_Final/pico-sdk/src/rp2_common/pico_standard_link/binary_info.c.obj
 .binary_info.keep.__bi_ptr81
                0x1000930c        0x4 CMakeFiles/Firmware_v0.1.dir/C_/Users/karim/Desktop/Proyecto_Final/pico-sdk/src/rp2_common/pico_standard_link/binary_info.c.obj
 *(.binary_info.*)
 .binary_info.__bi_ptr182
                0x10009310        0x4 CMakeFiles/Firmware_v0.1.dir/C_/Users/karim/Desktop/Proyecto_Final/pico-sdk/src/rp2_common/pico_stdio_usb/stdio_usb.c.obj
                0x10009314                __binary_info_end = .

.rel.dyn        0x10009314        0x0
 .rel.iplt      0x10009314        0x0 c:/progra~2/armgnu~1/112202~1.02/bin/../lib/gcc/arm-none-eabi/11.2.1/thumb/v6-m/nofp/crtbegin.o
                0x10009314                . = ALIGN (0x4)

.ram_vector_table
                0x20000000       0xc0
 *(.ram_vector_table)
 .ram_vector_table
                0x20000000       0xc0 CMakeFiles/Firmware_v0.1.dir/C_/Users/karim/Desktop/Proyecto_Final/pico-sdk/src/rp2_common/pico_runtime/runtime.c.obj
                0x20000000                ram_vector_table

.data           0x200000c0      0xe60 load address 0x10009314
                0x200000c0                __data_start__ = .
 *(vtable)
 *(.time_critical*)
 .time_critical.mutex_try_enter
                0x200000c0       0x44 CMakeFiles/Firmware_v0.1.dir/C_/Users/karim/Desktop/Proyecto_Final/pico-sdk/src/common/pico_sync/mutex.c.obj
                0x200000c0                mutex_try_enter
 .time_critical.mutex_try_enter_block_until
                0x20000104       0x9c CMakeFiles/Firmware_v0.1.dir/C_/Users/karim/Desktop/Proyecto_Final/pico-sdk/src/common/pico_sync/mutex.c.obj
                0x20000104                mutex_try_enter_block_until
 .time_critical.mutex_enter_timeout_ms
                0x200001a0       0x90 CMakeFiles/Firmware_v0.1.dir/C_/Users/karim/Desktop/Proyecto_Final/pico-sdk/src/common/pico_sync/mutex.c.obj
                0x200001a0                mutex_enter_timeout_ms
 .time_critical.mutex_exit
                0x20000230       0x28 CMakeFiles/Firmware_v0.1.dir/C_/Users/karim/Desktop/Proyecto_Final/pico-sdk/src/common/pico_sync/mutex.c.obj
                0x20000230                mutex_exit
 .time_critical.flash_init_boot2_copyout
                0x20000258       0x30 CMakeFiles/Firmware_v0.1.dir/C_/Users/karim/Desktop/Proyecto_Final/pico-sdk/src/rp2_common/hardware_flash/flash.c.obj
 .time_critical.flash_enable_xip_via_boot2
                0x20000288       0x10 CMakeFiles/Firmware_v0.1.dir/C_/Users/karim/Desktop/Proyecto_Final/pico-sdk/src/rp2_common/hardware_flash/flash.c.obj
 .time_critical.flash_cs_force
                0x20000298       0x38 CMakeFiles/Firmware_v0.1.dir/C_/Users/karim/Desktop/Proyecto_Final/pico-sdk/src/rp2_common/hardware_flash/flash.c.obj
 .time_critical.flash_do_cmd
                0x200002d0       0xc4 CMakeFiles/Firmware_v0.1.dir/C_/Users/karim/Desktop/Proyecto_Final/pico-sdk/src/rp2_common/hardware_flash/flash.c.obj
                0x200002d0                flash_do_cmd
 .time_critical.reset_non_control_endpoints
                0x20000394       0x68 CMakeFiles/Firmware_v0.1.dir/C_/Users/karim/Desktop/Proyecto_Final/pico-sdk/lib/tinyusb/src/portable/raspberrypi/rp2040/dcd_rp2040.c.obj
 .time_critical.hw_handle_buff_status
                0x200003fc       0xa8 CMakeFiles/Firmware_v0.1.dir/C_/Users/karim/Desktop/Proyecto_Final/pico-sdk/lib/tinyusb/src/portable/raspberrypi/rp2040/dcd_rp2040.c.obj
 .time_critical.dcd_rp2040_irq
                0x200004a4      0x4f4 CMakeFiles/Firmware_v0.1.dir/C_/Users/karim/Desktop/Proyecto_Final/pico-sdk/lib/tinyusb/src/portable/raspberrypi/rp2040/dcd_rp2040.c.obj
 .time_critical.e15_is_bulkin_ep
                0x20000998       0x28 CMakeFiles/Firmware_v0.1.dir/C_/Users/karim/Desktop/Proyecto_Final/pico-sdk/lib/tinyusb/src/portable/raspberrypi/rp2040/rp2040_usb.c.obj
 .time_critical.e15_is_critical_frame_period
                0x200009c0       0x34 CMakeFiles/Firmware_v0.1.dir/C_/Users/karim/Desktop/Proyecto_Final/pico-sdk/lib/tinyusb/src/portable/raspberrypi/rp2040/rp2040_usb.c.obj
 .time_critical.prepare_ep_buffer
                0x200009f4       0x6c CMakeFiles/Firmware_v0.1.dir/C_/Users/karim/Desktop/Proyecto_Final/pico-sdk/lib/tinyusb/src/portable/raspberrypi/rp2040/rp2040_usb.c.obj
 .time_critical.sync_ep_buffer
                0x20000a60       0x48 CMakeFiles/Firmware_v0.1.dir/C_/Users/karim/Desktop/Proyecto_Final/pico-sdk/lib/tinyusb/src/portable/raspberrypi/rp2040/rp2040_usb.c.obj
 .time_critical._hw_endpoint_xfer_sync
                0x20000aa8       0x28 CMakeFiles/Firmware_v0.1.dir/C_/Users/karim/Desktop/Proyecto_Final/pico-sdk/lib/tinyusb/src/portable/raspberrypi/rp2040/rp2040_usb.c.obj
 .time_critical.hw_endpoint_reset_transfer
                0x20000ad0        0xc CMakeFiles/Firmware_v0.1.dir/C_/Users/karim/Desktop/Proyecto_Final/pico-sdk/lib/tinyusb/src/portable/raspberrypi/rp2040/rp2040_usb.c.obj
                0x20000ad0                hw_endpoint_reset_transfer
 .time_critical._hw_endpoint_buffer_control_update32
                0x20000adc       0x58 CMakeFiles/Firmware_v0.1.dir/C_/Users/karim/Desktop/Proyecto_Final/pico-sdk/lib/tinyusb/src/portable/raspberrypi/rp2040/rp2040_usb.c.obj
                0x20000adc                _hw_endpoint_buffer_control_update32
 .time_critical.hw_endpoint_start_next_buffer
                0x20000b34       0x6c CMakeFiles/Firmware_v0.1.dir/C_/Users/karim/Desktop/Proyecto_Final/pico-sdk/lib/tinyusb/src/portable/raspberrypi/rp2040/rp2040_usb.c.obj
                0x20000b34                hw_endpoint_start_next_buffer
 .time_critical.hw_endpoint_xfer_continue
                0x20000ba0       0x50 CMakeFiles/Firmware_v0.1.dir/C_/Users/karim/Desktop/Proyecto_Final/pico-sdk/lib/tinyusb/src/portable/raspberrypi/rp2040/rp2040_usb.c.obj
                0x20000ba0                hw_endpoint_xfer_continue
 .time_critical.tinyusb
                0x20000bf0      0x16c CMakeFiles/Firmware_v0.1.dir/C_/Users/karim/Desktop/Proyecto_Final/pico-sdk/lib/tinyusb/src/device/usbd.c.obj
                0x20000bf0                dcd_event_handler
 .time_critical.spi_write_blocking
                0x20000d5c       0x4c CMakeFiles/Firmware_v0.1.dir/C_/Users/karim/Desktop/Proyecto_Final/pico-sdk/src/rp2_common/hardware_spi/spi.c.obj
                0x20000d5c                spi_write_blocking
 *(.text*)
 .text          0x20000da8        0x4 c:/progra~2/armgnu~1/112202~1.02/bin/../lib/gcc/arm-none-eabi/11.2.1/thumb/v6-m/nofp\libgcc.a(_dvmd_tls.o)
                0x20000da8                __aeabi_idiv0
                0x20000da8                __aeabi_ldiv0
 *fill*         0x20000dac        0x4 
 .text.__stub   0x20000db0       0x70 linker stubs
                0x20000e20                . = ALIGN (0x4)
 *(.rodata*)
                0x20000e20                . = ALIGN (0x4)
 *(.data*)
 .data.striped_spin_lock_num
                0x20000e20        0x1 CMakeFiles/Firmware_v0.1.dir/C_/Users/karim/Desktop/Proyecto_Final/pico-sdk/src/rp2_common/hardware_sync/sync.c.obj
 *fill*         0x20000e21        0x3 
 .data          0x20000e24       0x48 CMakeFiles/Firmware_v0.1.dir/C_/Users/karim/Desktop/Proyecto_Final/pico-sdk/src/rp2_common/hardware_irq/irq_handler_chain.S.obj
                0x20000e24                irq_handler_chain_slots
                0x20000e54                irq_handler_chain_first_slot
                0x20000e5e                irq_handler_chain_remove_tail
 .data.default_alarm_pool
                0x20000e6c       0x18 CMakeFiles/Firmware_v0.1.dir/C_/Users/karim/Desktop/Proyecto_Final/pico-sdk/src/common/pico_time/time.c.obj
 .data.default_alarm_pool_heap
                0x20000e84       0x10 CMakeFiles/Firmware_v0.1.dir/C_/Users/karim/Desktop/Proyecto_Final/pico-sdk/src/common/pico_time/time.c.obj
 *fill*         0x20000e94        0xc 
 .data.aeabi_bits_funcs
                0x20000ea0       0x10 CMakeFiles/Firmware_v0.1.dir/C_/Users/karim/Desktop/Proyecto_Final/pico-sdk/src/rp2_common/pico_bit_ops/bit_ops_aeabi.S.obj
                0x20000ea0                aeabi_bits_funcs
                0x20000eb0                aeabi_bits_funcs_end
 .data.aeabi_mem_funcs
                0x20000eb0       0x10 CMakeFiles/Firmware_v0.1.dir/C_/Users/karim/Desktop/Proyecto_Final/pico-sdk/src/rp2_common/pico_mem_ops/mem_ops_aeabi.S.obj
                0x20000eb0                aeabi_mem_funcs
                0x20000ec0                aeabi_mem_funcs_end
 .data.stdio_usb
                0x20000ec0       0x18 CMakeFiles/Firmware_v0.1.dir/C_/Users/karim/Desktop/Proyecto_Final/pico-sdk/src/rp2_common/pico_stdio_usb/stdio_usb.c.obj
                0x20000ec0                stdio_usb
 .data.ep_dir_string
                0x20000ed8        0x8 CMakeFiles/Firmware_v0.1.dir/C_/Users/karim/Desktop/Proyecto_Final/pico-sdk/lib/tinyusb/src/portable/raspberrypi/rp2040/rp2040_usb.c.obj
                0x20000ed8                ep_dir_string
 .data._usbd_qdef
                0x20000ee0       0x1c CMakeFiles/Firmware_v0.1.dir/C_/Users/karim/Desktop/Proyecto_Final/pico-sdk/lib/tinyusb/src/device/usbd.c.obj
                0x20000ee0                _usbd_qdef
 .data._usbd_rhport
                0x20000efc        0x1 CMakeFiles/Firmware_v0.1.dir/C_/Users/karim/Desktop/Proyecto_Final/pico-sdk/lib/tinyusb/src/device/usbd.c.obj
                0x20000f00                . = ALIGN (0x4)
 *fill*         0x20000efd        0x3 
 *(.after_data.*)
                0x20000f00                . = ALIGN (0x4)
                0x20000f00                PROVIDE (__mutex_array_start = .)
 *(SORT_BY_NAME(.mutex_array.*))
 *(.mutex_array)
 .mutex_array   0x20000f00        0x8 CMakeFiles/Firmware_v0.1.dir/C_/Users/karim/Desktop/Proyecto_Final/pico-sdk/src/rp2_common/pico_stdio/stdio.c.obj
                0x20000f08                PROVIDE (__mutex_array_end = .)
                0x20000f08                . = ALIGN (0x4)
                0x20000f08                PROVIDE (__preinit_array_start = .)
 *(SORT_BY_NAME(.preinit_array.*))
 .preinit_array.00001
                0x20000f08        0x4 CMakeFiles/Firmware_v0.1.dir/C_/Users/karim/Desktop/Proyecto_Final/pico-sdk/src/rp2_common/pico_mem_ops/mem_ops_aeabi.S.obj
 .preinit_array.00010
                0x20000f0c        0x4 CMakeFiles/Firmware_v0.1.dir/C_/Users/karim/Desktop/Proyecto_Final/pico-sdk/src/rp2_common/pico_bit_ops/bit_ops_aeabi.S.obj
 .preinit_array.00020
                0x20000f10        0x4 CMakeFiles/Firmware_v0.1.dir/C_/Users/karim/Desktop/Proyecto_Final/pico-sdk/src/rp2_common/pico_double/double_aeabi.S.obj
 .preinit_array.00020
                0x20000f14        0x4 CMakeFiles/Firmware_v0.1.dir/C_/Users/karim/Desktop/Proyecto_Final/pico-sdk/src/rp2_common/pico_float/float_aeabi.S.obj
 *(.preinit_array)
                0x20000f18                PROVIDE (__preinit_array_end = .)
                0x20000f18                . = ALIGN (0x4)
                0x20000f18                PROVIDE (__init_array_start = .)
 *(SORT_BY_NAME(.init_array.*))
 *(.init_array)
 .init_array    0x20000f18        0x4 c:/progra~2/armgnu~1/112202~1.02/bin/../lib/gcc/arm-none-eabi/11.2.1/thumb/v6-m/nofp/crtbegin.o
 .init_array    0x20000f1c        0x4 CMakeFiles/Firmware_v0.1.dir/C_/Users/karim/Desktop/Proyecto_Final/pico-sdk/src/rp2_common/pico_unique_id/unique_id.c.obj
                0x20000f20                PROVIDE (__init_array_end = .)
                0x20000f20                . = ALIGN (0x4)
                [!provide]                PROVIDE (__fini_array_start = .)
 *(SORT_BY_NAME(.fini_array.*))
 *(.fini_array)
                [!provide]                PROVIDE (__fini_array_end = .)
 *(.jcr)
                0x20000f20                . = ALIGN (0x4)
                0x20000f20                __data_end__ = .
                0x10009314                __etext = LOADADDR (.data)

.tm_clone_table
                0x20000f20        0x0 load address 0x1000a174
 .tm_clone_table
                0x20000f20        0x0 c:/progra~2/armgnu~1/112202~1.02/bin/../lib/gcc/arm-none-eabi/11.2.1/thumb/v6-m/nofp/crtbegin.o
 .tm_clone_table
                0x20000f20        0x0 c:/progra~2/armgnu~1/112202~1.02/bin/../lib/gcc/arm-none-eabi/11.2.1/thumb/v6-m/nofp/crtend.o

.igot.plt       0x20000f20        0x0 load address 0x1000a174
 .igot.plt      0x20000f20        0x0 c:/progra~2/armgnu~1/112202~1.02/bin/../lib/gcc/arm-none-eabi/11.2.1/thumb/v6-m/nofp/crtbegin.o

.uninitialized_data
                0x20000f20        0x0 load address 0x1000a174
                0x20000f20                . = ALIGN (0x4)
 *(.uninitialized_data*)

.scratch_x      0x20040000        0x0 load address 0x1000a174
                0x20040000                __scratch_x_start__ = .
 *(.scratch_x.*)
                0x20040000                . = ALIGN (0x4)
                0x20040000                __scratch_x_end__ = .
                0x1000a174                __scratch_x_source__ = LOADADDR (.scratch_x)

.scratch_y      0x20041000        0x0 load address 0x1000a174
                0x20041000                __scratch_y_start__ = .
 *(.scratch_y.*)
                0x20041000                . = ALIGN (0x4)
                0x20041000                __scratch_y_end__ = .
                0x1000a174                __scratch_y_source__ = LOADADDR (.scratch_y)

.bss            0x20000f20      0xda4
                0x20000f20                . = ALIGN (0x4)
                0x20000f20                __bss_start__ = .
 *(SORT_BY_ALIGNMENT(SORT_BY_NAME(.bss*)))
 .bss.default_alarm_pool_entries
                0x20000f20      0x100 CMakeFiles/Firmware_v0.1.dir/C_/Users/karim/Desktop/Proyecto_Final/pico-sdk/src/common/pico_time/time.c.obj
 .bss.last_avail_time.1
                0x20001020        0x8 CMakeFiles/Firmware_v0.1.dir/C_/Users/karim/Desktop/Proyecto_Final/pico-sdk/src/rp2_common/pico_stdio_usb/stdio_usb.c.obj
 .bss.sd_table  0x20001028      0x100 CMakeFiles/Firmware_v0.1.dir/C_/Users/karim/Desktop/Proyecto_Final/pico-sdk/src/rp2_common/pico_double/double_init_rom.c.obj
                0x20001028                sd_table
 .bss.sf_table  0x20001128      0x100 CMakeFiles/Firmware_v0.1.dir/C_/Users/karim/Desktop/Proyecto_Final/pico-sdk/src/rp2_common/pico_float/float_init_rom.c.obj
                0x20001128                sf_table
 .bss._app_driver
                0x20001228        0x4 CMakeFiles/Firmware_v0.1.dir/C_/Users/karim/Desktop/Proyecto_Final/pico-sdk/lib/tinyusb/src/device/usbd.c.obj
 .bss._cdcd_itf
                0x2000122c      0x2c8 CMakeFiles/Firmware_v0.1.dir/C_/Users/karim/Desktop/Proyecto_Final/pico-sdk/lib/tinyusb/src/class/cdc/cdc_device.c.obj
 .bss._ctrl_xfer
                0x200014f4       0x14 CMakeFiles/Firmware_v0.1.dir/C_/Users/karim/Desktop/Proyecto_Final/pico-sdk/lib/tinyusb/src/device/usbd_control.c.obj
 .bss._ubsd_mutexdef
                0x20001508        0x8 CMakeFiles/Firmware_v0.1.dir/C_/Users/karim/Desktop/Proyecto_Final/pico-sdk/lib/tinyusb/src/device/usbd.c.obj
 .bss._usbd_ctrl_buf
                0x20001510       0x40 CMakeFiles/Firmware_v0.1.dir/C_/Users/karim/Desktop/Proyecto_Final/pico-sdk/lib/tinyusb/src/device/usbd_control.c.obj
 .bss._usbd_dev
                0x20001550       0x53 CMakeFiles/Firmware_v0.1.dir/C_/Users/karim/Desktop/Proyecto_Final/pico-sdk/lib/tinyusb/src/device/usbd.c.obj
 *fill*         0x200015a3        0x1 
 .bss._usbd_mutex
                0x200015a4        0x4 CMakeFiles/Firmware_v0.1.dir/C_/Users/karim/Desktop/Proyecto_Final/pico-sdk/lib/tinyusb/src/device/usbd.c.obj
 .bss._usbd_q   0x200015a8        0x4 CMakeFiles/Firmware_v0.1.dir/C_/Users/karim/Desktop/Proyecto_Final/pico-sdk/lib/tinyusb/src/device/usbd.c.obj
 .bss._usbd_qdef_buf
                0x200015ac       0xc0 CMakeFiles/Firmware_v0.1.dir/C_/Users/karim/Desktop/Proyecto_Final/pico-sdk/lib/tinyusb/src/device/usbd.c.obj
                0x200015ac                _usbd_qdef_buf
 .bss._used_instruction_space
                0x2000166c        0x8 CMakeFiles/Firmware_v0.1.dir/C_/Users/karim/Desktop/Proyecto_Final/pico-sdk/src/rp2_common/hardware_pio/pio.c.obj
 .bss.alarm_callbacks
                0x20001674       0x10 CMakeFiles/Firmware_v0.1.dir/C_/Users/karim/Desktop/Proyecto_Final/pico-sdk/src/rp2_common/hardware_timer/timer.c.obj
 .bss.boot2_copyout
                0x20001684      0x100 CMakeFiles/Firmware_v0.1.dir/C_/Users/karim/Desktop/Proyecto_Final/pico-sdk/src/rp2_common/hardware_flash/flash.c.obj
 .bss.callbacks
                0x20001784        0x8 CMakeFiles/Firmware_v0.1.dir/C_/Users/karim/Desktop/Proyecto_Final/pico-sdk/src/rp2_common/hardware_gpio/gpio.c.obj
 .bss.chars_available_callback
                0x2000178c        0x4 CMakeFiles/Firmware_v0.1.dir/C_/Users/karim/Desktop/Proyecto_Final/pico-sdk/src/rp2_common/pico_stdio_usb/stdio_usb.c.obj
 .bss.chars_available_param
                0x20001790        0x4 CMakeFiles/Firmware_v0.1.dir/C_/Users/karim/Desktop/Proyecto_Final/pico-sdk/src/rp2_common/pico_stdio_usb/stdio_usb.c.obj
 .bss.claimed   0x20001794        0x4 CMakeFiles/Firmware_v0.1.dir/C_/Users/karim/Desktop/Proyecto_Final/pico-sdk/src/rp2_common/hardware_sync/sync.c.obj
 .bss.configured_freq
                0x20001798       0x28 CMakeFiles/Firmware_v0.1.dir/C_/Users/karim/Desktop/Proyecto_Final/pico-sdk/src/rp2_common/hardware_clocks/clocks.c.obj
 .bss.default_alarm_pool_entry_ids_high
                0x200017c0       0x10 CMakeFiles/Firmware_v0.1.dir/C_/Users/karim/Desktop/Proyecto_Final/pico-sdk/src/common/pico_time/time.c.obj
 .bss.default_alarm_pool_heap_nodes
                0x200017d0       0x30 CMakeFiles/Firmware_v0.1.dir/C_/Users/karim/Desktop/Proyecto_Final/pico-sdk/src/common/pico_time/time.c.obj
 .bss.desc_str.0
                0x20001800       0x28 CMakeFiles/Firmware_v0.1.dir/C_/Users/karim/Desktop/Proyecto_Final/pico-sdk/src/rp2_common/pico_stdio_usb/stdio_usb_descriptors.c.obj
 .bss.drivers   0x20001828        0x4 CMakeFiles/Firmware_v0.1.dir/C_/Users/karim/Desktop/Proyecto_Final/pico-sdk/src/rp2_common/pico_stdio/stdio.c.obj
 .bss.e15_last_sof
                0x2000182c        0x4 CMakeFiles/Firmware_v0.1.dir/C_/Users/karim/Desktop/Proyecto_Final/pico-sdk/lib/tinyusb/src/portable/raspberrypi/rp2040/rp2040_usb.c.obj
                0x2000182c                e15_last_sof
 .bss.filter    0x20001830        0x4 CMakeFiles/Firmware_v0.1.dir/C_/Users/karim/Desktop/Proyecto_Final/pico-sdk/src/rp2_common/pico_stdio/stdio.c.obj
 .bss.hw_endpoints
                0x20001834      0x400 CMakeFiles/Firmware_v0.1.dir/C_/Users/karim/Desktop/Proyecto_Final/pico-sdk/lib/tinyusb/src/portable/raspberrypi/rp2040/dcd_rp2040.c.obj
 .bss.lazy_vsnprintf
                0x20001c34        0x4 CMakeFiles/Firmware_v0.1.dir/C_/Users/karim/Desktop/Proyecto_Final/pico-sdk/src/rp2_common/pico_printf/printf.c.obj
 .bss.load_value
                0x20001c38        0x4 CMakeFiles/Firmware_v0.1.dir/C_/Users/karim/Desktop/Proyecto_Final/pico-sdk/src/rp2_common/hardware_watchdog/watchdog.c.obj
 .bss.next_buffer_ptr
                0x20001c3c        0x4 CMakeFiles/Firmware_v0.1.dir/C_/Users/karim/Desktop/Proyecto_Final/pico-sdk/lib/tinyusb/src/portable/raspberrypi/rp2040/dcd_rp2040.c.obj
 .bss.object.0  0x20001c40       0x18 c:/progra~2/armgnu~1/112202~1.02/bin/../lib/gcc/arm-none-eabi/11.2.1/thumb/v6-m/nofp/crtbegin.o
 .bss.one_shot_timer_crit_sec
                0x20001c58        0x8 CMakeFiles/Firmware_v0.1.dir/C_/Users/karim/Desktop/Proyecto_Final/pico-sdk/src/rp2_common/pico_stdio_usb/stdio_usb.c.obj
 .bss.pools     0x20001c60       0x10 CMakeFiles/Firmware_v0.1.dir/C_/Users/karim/Desktop/Proyecto_Final/pico-sdk/src/common/pico_time/time.c.obj
 .bss.raw_irq_mask
                0x20001c70        0x8 CMakeFiles/Firmware_v0.1.dir/C_/Users/karim/Desktop/Proyecto_Final/pico-sdk/src/rp2_common/hardware_gpio/gpio.c.obj
 .bss.retrieved_id
                0x20001c78        0x8 CMakeFiles/Firmware_v0.1.dir/C_/Users/karim/Desktop/Proyecto_Final/pico-sdk/src/rp2_common/pico_unique_id/unique_id.c.obj
 .bss.sf_clz_func
                0x20001c80        0x4 CMakeFiles/Firmware_v0.1.dir/C_/Users/karim/Desktop/Proyecto_Final/pico-sdk/src/rp2_common/pico_double/double_init_rom.c.obj
                0x20001c80                sf_clz_func
 .bss.sleep_notifier
                0x20001c84        0x4 CMakeFiles/Firmware_v0.1.dir/C_/Users/karim/Desktop/Proyecto_Final/pico-sdk/src/common/pico_time/time.c.obj
 .bss.stdio_usb_mutex
                0x20001c88        0x8 CMakeFiles/Firmware_v0.1.dir/C_/Users/karim/Desktop/Proyecto_Final/pico-sdk/src/rp2_common/pico_stdio_usb/stdio_usb.c.obj
 .bss.target_hi
                0x20001c90       0x10 CMakeFiles/Firmware_v0.1.dir/C_/Users/karim/Desktop/Proyecto_Final/pico-sdk/src/rp2_common/hardware_timer/timer.c.obj
 .bss.triggerTimeoutAlarm