Archive member included to satisfy reference by file (symbol)

c:/progra~2/armgnu~1/112202~1.02/bin/../lib/gcc/arm-none-eabi/11.2.1/thumb/v6-m/nofp\libgcc.a(_dvmd_tls.o)
                              CMakeFiles/Firmware_v0.1.dir/C_/Users/karim/Desktop/Proyecto_Final/pico-sdk/src/rp2_common/pico_divider/divider.S.obj (__aeabi_idiv0)
c:/progra~2/armgnu~1/112202~1.02/bin/../lib/gcc/arm-none-eabi/11.2.1/thumb/v6-m/nofp\libc.a(lib_a-calloc.o)
                              CMakeFiles/Firmware_v0.1.dir/C_/Users/karim/Desktop/Proyecto_Final/pico-sdk/src/rp2_common/pico_malloc/pico_malloc.c.obj (calloc)
c:/progra~2/armgnu~1/112202~1.02/bin/../lib/gcc/arm-none-eabi/11.2.1/thumb/v6-m/nofp\libc.a(lib_a-callocr.o)
                              c:/progra~2/armgnu~1/112202~1.02/bin/../lib/gcc/arm-none-eabi/11.2.1/thumb/v6-m/nofp\libc.a(lib_a-calloc.o) (_calloc_r)
c:/progra~2/armgnu~1/112202~1.02/bin/../lib/gcc/arm-none-eabi/11.2.1/thumb/v6-m/nofp\libc.a(lib_a-errno.o)
                              c:/progra~2/armgnu~1/112202~1.02/bin/../lib/gcc/arm-none-eabi/11.2.1/thumb/v6-m/nofp\libc.a(lib_a-callocr.o) (__errno)
c:/progra~2/armgnu~1/112202~1.02/bin/../lib/gcc/arm-none-eabi/11.2.1/thumb/v6-m/nofp\libc.a(lib_a-impure.o)
                              c:/progra~2/armgnu~1/112202~1.02/bin/../lib/gcc/arm-none-eabi/11.2.1/thumb/v6-m/nofp\libc.a(lib_a-calloc.o) (_impure_ptr)
c:/progra~2/armgnu~1/112202~1.02/bin/../lib/gcc/arm-none-eabi/11.2.1/thumb/v6-m/nofp\libc.a(lib_a-init.o)
                              c:/progra~2/armgnu~1/112202~1.02/bin/../lib/gcc/arm-none-eabi/11.2.1/thumb/v6-m/nofp/crt0.o (__libc_init_array)
c:/progra~2/armgnu~1/112202~1.02/bin/../lib/gcc/arm-none-eabi/11.2.1/thumb/v6-m/nofp\libc.a(lib_a-malloc.o)
                              CMakeFiles/Firmware_v0.1.dir/C_/Users/karim/Desktop/Proyecto_Final/pico-sdk/src/rp2_common/pico_malloc/pico_malloc.c.obj (malloc)
c:/progra~2/armgnu~1/112202~1.02/bin/../lib/gcc/arm-none-eabi/11.2.1/thumb/v6-m/nofp\libc.a(lib_a-mallocr.o)
                              c:/progra~2/armgnu~1/112202~1.02/bin/../lib/gcc/arm-none-eabi/11.2.1/thumb/v6-m/nofp\libc.a(lib_a-callocr.o) (_malloc_r)
c:/progra~2/armgnu~1/112202~1.02/bin/../lib/gcc/arm-none-eabi/11.2.1/thumb/v6-m/nofp\libc.a(lib_a-mlock.o)
                              c:/progra~2/armgnu~1/112202~1.02/bin/../lib/gcc/arm-none-eabi/11.2.1/thumb/v6-m/nofp\libc.a(lib_a-mallocr.o) (__malloc_lock)
c:/progra~2/armgnu~1/112202~1.02/bin/../lib/gcc/arm-none-eabi/11.2.1/thumb/v6-m/nofp\libc.a(lib_a-realloc.o)
                              CMakeFiles/Firmware_v0.1.dir/C_/Users/karim/Desktop/Proyecto_Final/pico-sdk/src/rp2_common/pico_malloc/pico_malloc.c.obj (realloc)
c:/progra~2/armgnu~1/112202~1.02/bin/../lib/gcc/arm-none-eabi/11.2.1/thumb/v6-m/nofp\libc.a(lib_a-reallocr.o)
                              c:/progra~2/armgnu~1/112202~1.02/bin/../lib/gcc/arm-none-eabi/11.2.1/thumb/v6-m/nofp\libc.a(lib_a-realloc.o) (_realloc_r)
c:/progra~2/armgnu~1/112202~1.02/bin/../lib/gcc/arm-none-eabi/11.2.1/thumb/v6-m/nofp\libc.a(lib_a-sbrkr.o)
                              c:/progra~2/armgnu~1/112202~1.02/bin/../lib/gcc/arm-none-eabi/11.2.1/thumb/v6-m/nofp\libc.a(lib_a-mallocr.o) (_sbrk_r)
c:/progra~2/armgnu~1/112202~1.02/bin/../lib/gcc/arm-none-eabi/11.2.1/thumb/v6-m/nofp\libc.a(lib_a-strcmp.o)
                              CMakeFiles/Firmware_v0.1.dir/main.c.obj (strcmp)
c:/progra~2/armgnu~1/112202~1.02/bin/../lib/gcc/arm-none-eabi/11.2.1/thumb/v6-m/nofp\libc.a(lib_a-strlen-stub.o)
                              CMakeFiles/Firmware_v0.1.dir/C_/Users/karim/Desktop/Proyecto_Final/pico-sdk/src/rp2_common/pico_stdio/stdio.c.obj (strlen)
c:/progra~2/armgnu~1/112202~1.02/bin/../lib/gcc/arm-none-eabi/11.2.1/thumb/v6-m/nofp\libc.a(lib_a-freer.o)
                              c:/progra~2/armgnu~1/112202~1.02/bin/../lib/gcc/arm-none-eabi/11.2.1/thumb/v6-m/nofp\libc.a(lib_a-malloc.o) (_free_r)
c:/progra~2/armgnu~1/112202~1.02/bin/../lib/gcc/arm-none-eabi/11.2.1/thumb/v6-m/nofp\libc.a(lib_a-memmove.o)
                              c:/progra~2/armgnu~1/112202~1.02/bin/../lib/gcc/arm-none-eabi/11.2.1/thumb/v6-m/nofp\libc.a(lib_a-reallocr.o) (memmove)
c:/progra~2/armgnu~1/112202~1.02/bin/../lib/gcc/arm-none-eabi/11.2.1/thumb/v6-m/nofp\libc.a(lib_a-reent.o)
                              c:/progra~2/armgnu~1/112202~1.02/bin/../lib/gcc/arm-none-eabi/11.2.1/thumb/v6-m/nofp\libc.a(lib_a-sbrkr.o) (errno)

Discarded input sections

 .text          0x00000000        0x0 c:/progra~2/armgnu~1/112202~1.02/bin/../lib/gcc/arm-none-eabi/11.2.1/thumb/v6-m/nofp/crti.o
 .data          0x00000000        0x0 c:/progra~2/armgnu~1/112202~1.02/bin/../lib/gcc/arm-none-eabi/11.2.1/thumb/v6-m/nofp/crti.o
 .bss           0x00000000        0x0 c:/progra~2/armgnu~1/112202~1.02/bin/../lib/gcc/arm-none-eabi/11.2.1/thumb/v6-m/nofp/crti.o
[...]
Memory Configuration

Name             Origin             Length             Attributes
FLASH            0x10000000         0x00200000         xr
RAM              0x20000000         0x00040000         xrw
SCRATCH_X        0x20040000         0x00001000         xrw
SCRATCH_Y        0x20041000         0x00001000         xrw
*default*        0x00000000         0xffffffff

Linker script and memory map

LOAD c:/progra~2/armgnu~1/112202~1.02/bin/../lib/gcc/arm-none-eabi/11.2.1/thumb/v6-m/nofp/crti.o
LOAD c:/progra~2/armgnu~1/112202~1.02/bin/../lib/gcc/arm-none-eabi/11.2.1/thumb/v6-m/nofp/crtbegin.o
LOAD c:/progra~2/armgnu~1/112202~1.02/bin/../lib/gcc/arm-none-eabi/11.2.1/thumb/v6-m/nofp/crt0.o

.flash_begin    0x10000000        0x0
                0x10000000                __flash_binary_start = .

.boot2          0x10000000      0x100
                0x10000000                __boot2_start__ = .
 *(.boot2)
 .boot2         0x10000000      0x100 C:\Users\karim\AppData\Local\Temp\cc0Enn07.o
                0x10000100                __boot2_end__ = .
                0x00000001                ASSERT (((__boot2_end__ - __boot2_start__) == 0x100), ERROR: Pico second stage bootloader must be 256 bytes in size)

.text           0x10000100     0x80e8
                0x10000100                __logical_binary_start = .
 *(.vectors)
 .vectors       0x10000100       0xd4 CMakeFiles/Firmware_v0.1.dir/C_/Users/karim/Desktop/Proyecto_Final/pico-sdk/src/rp2_common/pico_standard_link/crt0.S.obj
                0x10000100                __VECTOR_TABLE
                0x10000100                __vectors
                0x100001c0                isr_invalid
                0x100001c0                __default_isrs_start
                0x100001c2                isr_nmi
                0x100001c4                isr_hardfault
                0x100001c6                isr_svcall
                0x100001c8                isr_pendsv
                0x100001ca                isr_systick
                0x100001cc                isr_irq23
                0x100001cc                isr_irq18
                0x100001cc                isr_irq11
                0x100001cc                isr_irq28
                0x100001cc                isr_irq19
                0x100001cc                isr_irq0
                0x100001cc                isr_irq6
                0x100001cc                isr_irq5
                0x100001cc                isr_irq12
                0x100001cc                isr_irq22
                0x100001cc                isr_irq31
                0x100001cc                isr_irq17
                0x100001cc                isr_irq27
                0x100001cc                isr_irq30
                0x100001cc                isr_irq2
                0x100001cc                isr_irq10
                0x100001cc                isr_irq8
                0x100001cc                isr_irq24
                0x100001cc                isr_irq1
                0x100001cc                isr_irq7
                0x100001cc                isr_irq21
                0x100001cc                isr_irq20
                0x100001cc                isr_irq15
                0x100001cc                isr_irq25
                0x100001cc                isr_irq13
                0x100001cc                __unhandled_user_irq
                0x100001cc                isr_irq4
                0x100001cc                isr_irq16
                0x100001cc                isr_irq29
                0x100001cc                isr_irq26
                0x100001cc                __default_isrs_end
                0x100001cc                isr_irq3
                0x100001cc                isr_irq14
                0x100001cc                isr_irq9
                0x100001d2                unhandled_user_irq_num_in_r0
 *(.binary_info_header)
 .binary_info_header
                0x100001d4       0x14 CMakeFiles/Firmware_v0.1.dir/C_/Users/karim/Desktop/Proyecto_Final/pico-sdk/src/rp2_common/pico_standard_link/crt0.S.obj
                0x100001e8                __binary_info_header_end = .
 *(.reset)
 .reset         0x100001e8       0xa0 CMakeFiles/Firmware_v0.1.dir/C_/Users/karim/Desktop/Proyecto_Final/pico-sdk/src/rp2_common/pico_standard_link/crt0.S.obj
                0x100001e8                _entry_point
 .reset         0x10000288       0x30 CMakeFiles/Firmware_v0.1.dir/C_/Users/karim/Desktop/Proyecto_Final/pico-sdk/src/rp2_common/pico_standard_link/binary_info.c.obj
 *(.init)
 .init          0x100002b8        0x4 c:/progra~2/armgnu~1/112202~1.02/bin/../lib/gcc/arm-none-eabi/11.2.1/thumb/v6-m/nofp/crti.o
                0x100002b8                _init
 *(EXCLUDE_FILE(*libm.a: *libc.a:*lib_a-mem*.o *libgcc.a:) .text*)
 .text.register_tm_clones
                0x100002bc       0x28 c:/progra~2/armgnu~1/112202~1.02/bin/../lib/gcc/arm-none-eabi/11.2.1/thumb/v6-m/nofp/crtbegin.o
 .text.frame_dummy
                0x100002e4       0x24 c:/progra~2/armgnu~1/112202~1.02/bin/../lib/gcc/arm-none-eabi/11.2.1/thumb/v6-m/nofp/crtbegin.o
 .text.triggered_timeout_alarm_callback
                0x10000308       0x44 CMakeFiles/Firmware_v0.1.dir/main.c.obj
                0x10000308                triggered_timeout_alarm_callback
 .text.stopTriggerTimeoutAlarm
                0x1000034c       0x2c CMakeFiles/Firmware_v0.1.dir/main.c.obj
                0x1000034c                stopTriggerTimeoutAlarm
 .text.startup.main
                0x10000378      0x5e8 CMakeFiles/Firmware_v0.1.dir/main.c.obj
                0x10000378                main
 .text.getSettingsFromInput
                0x10000960      0x408 CMakeFiles/Firmware_v0.1.dir/configuration.c.obj
                0x10000960                getSettingsFromInput
 .text.input_timeout_alarm_callback
                0x10000d68       0x10 CMakeFiles/Firmware_v0.1.dir/communication.c.obj
                0x10000d68                input_timeout_alarm_callback
 .text.getInputString
                0x10000d78      0x178 CMakeFiles/Firmware_v0.1.dir/communication.c.obj
                0x10000d78                getInputString
 .text.writeDACVoltage
                0x10000ef0       0xd0 CMakeFiles/Firmware_v0.1.dir/communication.c.obj
                0x10000ef0                writeDACVoltage
 .text.initialiseDAC
                0x10000fc0       0x40 CMakeFiles/Firmware_v0.1.dir/communication.c.obj
                0x10000fc0                initialiseDAC
 .text.setBasicSamplingHardware
                0x10001000       0x5c CMakeFiles/Firmware_v0.1.dir/sampling.c.obj
                0x10001000                setBasicSamplingHardware
 .text.resetBasicSamplingHardware
                0x1000105c       0x48 CMakeFiles/Firmware_v0.1.dir/sampling.c.obj
                0x1000105c                resetBasicSamplingHardware
 .text.set_sys_clock_pll
                0x100010a4       0x78 CMakeFiles/Firmware_v0.1.dir/C_/Users/karim/Desktop/Proyecto_Final/pico-sdk/src/rp2_common/pico_stdlib/stdlib.c.obj
                0x100010a4                set_sys_clock_pll
 .text.check_sys_clock_khz
                0x1000111c      0x17c CMakeFiles/Firmware_v0.1.dir/C_/Users/karim/Desktop/Proyecto_Final/pico-sdk/src/rp2_common/pico_stdlib/stdlib.c.obj
                0x1000111c                check_sys_clock_khz
 .text.gpio_set_function
                0x10001298       0x30 CMakeFiles/Firmware_v0.1.dir/C_/Users/karim/Desktop/Proyecto_Final/pico-sdk/src/rp2_common/hardware_gpio/gpio.c.obj
                0x10001298                gpio_set_function
 .text.gpio_init
                0x100012c8       0x3c CMakeFiles/Firmware_v0.1.dir/C_/Users/karim/Desktop/Proyecto_Final/pico-sdk/src/rp2_common/hardware_gpio/gpio.c.obj
                0x100012c8                gpio_init
 .text.running_on_fpga
                0x10001304       0x10 CMakeFiles/Firmware_v0.1.dir/C_/Users/karim/Desktop/Proyecto_Final/pico-sdk/src/rp2_common/pico_platform/platform.c.obj
                0x10001304                running_on_fpga
 .text.hw_claim_lock
                0x10001314       0x18 CMakeFiles/Firmware_v0.1.dir/C_/Users/karim/Desktop/Proyecto_Final/pico-sdk/src/rp2_common/hardware_claim/claim.c.obj
                0x10001314                hw_claim_lock
 .text.hw_claim_unlock
                0x1000132c       0x14 CMakeFiles/Firmware_v0.1.dir/C_/Users/karim/Desktop/Proyecto_Final/pico-sdk/src/rp2_common/hardware_claim/claim.c.obj
                0x1000132c                hw_claim_unlock
 .text.hw_claim_or_assert
                0x10001340       0x44 CMakeFiles/Firmware_v0.1.dir/C_/Users/karim/Desktop/Proyecto_Final/pico-sdk/src/rp2_common/hardware_claim/claim.c.obj
                0x10001340                hw_claim_or_assert
 .text.hw_claim_unused_from_range
                0x10001384       0x9c CMakeFiles/Firmware_v0.1.dir/C_/Users/karim/Desktop/Proyecto_Final/pico-sdk/src/rp2_common/hardware_claim/claim.c.obj
                0x10001384                hw_claim_unused_from_range
 .text.hw_claim_clear
                0x10001420       0x38 CMakeFiles/Firmware_v0.1.dir/C_/Users/karim/Desktop/Proyecto_Final/pico-sdk/src/rp2_common/hardware_claim/claim.c.obj
                0x10001420                hw_claim_clear
 .text.spin_locks_reset
                0x10001458       0x1c CMakeFiles/Firmware_v0.1.dir/C_/Users/karim/Desktop/Proyecto_Final/pico-sdk/src/rp2_common/hardware_sync/sync.c.obj
                0x10001458                spin_locks_reset
 .text.next_striped_spin_lock_num
                0x10001474       0x18 CMakeFiles/Firmware_v0.1.dir/C_/Users/karim/Desktop/Proyecto_Final/pico-sdk/src/rp2_common/hardware_sync/sync.c.obj
                0x10001474                next_striped_spin_lock_num
 .text.spin_lock_claim_unused
                0x1000148c       0x24 CMakeFiles/Firmware_v0.1.dir/C_/Users/karim/Desktop/Proyecto_Final/pico-sdk/src/rp2_common/hardware_sync/sync.c.obj
                0x1000148c                spin_lock_claim_unused
 .text.irq_set_enabled
                0x100014b0       0x24 CMakeFiles/Firmware_v0.1.dir/C_/Users/karim/Desktop/Proyecto_Final/pico-sdk/src/rp2_common/hardware_irq/irq.c.obj
                0x100014b0                irq_set_enabled
 .text.irq_set_pending
                0x100014d4       0x10 CMakeFiles/Firmware_v0.1.dir/C_/Users/karim/Desktop/Proyecto_Final/pico-sdk/src/rp2_common/hardware_irq/irq.c.obj
                0x100014d4                irq_set_pending
 .text.irq_has_shared_handler
                0x100014e4       0x2c CMakeFiles/Firmware_v0.1.dir/C_/Users/karim/Desktop/Proyecto_Final/pico-sdk/src/rp2_common/hardware_irq/irq.c.obj
                0x100014e4                irq_has_shared_handler
 .text.irq_get_vtable_handler
                0x10001510       0x10 CMakeFiles/Firmware_v0.1.dir/C_/Users/karim/Desktop/Proyecto_Final/pico-sdk/src/rp2_common/hardware_irq/irq.c.obj
                0x10001510                irq_get_vtable_handler
 .text.irq_set_exclusive_handler
                0x10001520       0x54 CMakeFiles/Firmware_v0.1.dir/C_/Users/karim/Desktop/Proyecto_Final/pico-sdk/src/rp2_common/hardware_irq/irq.c.obj
                0x10001520                irq_set_exclusive_handler
 .text.irq_add_shared_handler
                0x10001574      0x1e4 CMakeFiles/Firmware_v0.1.dir/C_/Users/karim/Desktop/Proyecto_Final/pico-sdk/src/rp2_common/hardware_irq/irq.c.obj
                0x10001574                irq_add_shared_handler
 .text.irq_remove_handler
                0x10001758      0x1b0 CMakeFiles/Firmware_v0.1.dir/C_/Users/karim/Desktop/Proyecto_Final/pico-sdk/src/rp2_common/hardware_irq/irq.c.obj
                0x10001758                irq_remove_handler
 .text.irq_add_tail_to_free_list
                0x10001908       0xb4 CMakeFiles/Firmware_v0.1.dir/C_/Users/karim/Desktop/Proyecto_Final/pico-sdk/src/rp2_common/hardware_irq/irq.c.obj
                0x10001908                irq_add_tail_to_free_list
 .text.irq_init_priorities
                0x100019bc       0x24 CMakeFiles/Firmware_v0.1.dir/C_/Users/karim/Desktop/Proyecto_Final/pico-sdk/src/rp2_common/hardware_irq/irq.c.obj
                0x100019bc                irq_init_priorities
 .text.user_irq_claim_unused
                0x100019e0       0x2c CMakeFiles/Firmware_v0.1.dir/C_/Users/karim/Desktop/Proyecto_Final/pico-sdk/src/rp2_common/hardware_irq/irq.c.obj
                0x100019e0                user_irq_claim_unused
 .text.lock_init
                0x10001a0c       0x10 CMakeFiles/Firmware_v0.1.dir/C_/Users/karim/Desktop/Proyecto_Final/pico-sdk/src/common/pico_sync/lock_core.c.obj
                0x10001a0c                lock_init
 .text.mutex_init
                0x10001a1c       0x1c CMakeFiles/Firmware_v0.1.dir/C_/Users/karim/Desktop/Proyecto_Final/pico-sdk/src/common/pico_sync/mutex.c.obj
                0x10001a1c                mutex_init
 .text.recursive_mutex_init
                0x10001a38       0x1c CMakeFiles/Firmware_v0.1.dir/C_/Users/karim/Desktop/Proyecto_Final/pico-sdk/src/common/pico_sync/mutex.c.obj
                0x10001a38                recursive_mutex_init
 .text.critical_section_init
                0x10001a54       0x20 CMakeFiles/Firmware_v0.1.dir/C_/Users/karim/Desktop/Proyecto_Final/pico-sdk/src/common/pico_sync/critical_section.c.obj
                0x10001a54                critical_section_init
 .text.critical_section_init_with_lock_num
                0x10001a74       0x14 CMakeFiles/Firmware_v0.1.dir/C_/Users/karim/Desktop/Proyecto_Final/pico-sdk/src/common/pico_sync/critical_section.c.obj
                0x10001a74                critical_section_init_with_lock_num
 .text.timer_pool_entry_comparator
                0x10001a88       0x34 CMakeFiles/Firmware_v0.1.dir/C_/Users/karim/Desktop/Proyecto_Final/pico-sdk/src/common/pico_time/time.c.obj
                0x10001a88                timer_pool_entry_comparator
 .text.sleep_until_callback
                0x10001abc       0x30 CMakeFiles/Firmware_v0.1.dir/C_/Users/karim/Desktop/Proyecto_Final/pico-sdk/src/common/pico_time/time.c.obj
 .text.add_alarm_under_lock.isra.0
                0x10001aec      0x104 CMakeFiles/Firmware_v0.1.dir/C_/Users/karim/Desktop/Proyecto_Final/pico-sdk/src/common/pico_time/time.c.obj
 .text.alarm_pool_alarm_callback
                0x10001bf0      0x1c4 CMakeFiles/Firmware_v0.1.dir/C_/Users/karim/Desktop/Proyecto_Final/pico-sdk/src/common/pico_time/time.c.obj
 .text.alarm_pool_init_default
                0x10001db4       0x6c CMakeFiles/Firmware_v0.1.dir/C_/Users/karim/Desktop/Proyecto_Final/pico-sdk/src/common/pico_time/time.c.obj
                0x10001db4                alarm_pool_init_default
 .text.alarm_pool_get_default
                0x10001e20        0x8 CMakeFiles/Firmware_v0.1.dir/C_/Users/karim/Desktop/Proyecto_Final/pico-sdk/src/common/pico_time/time.c.obj
                0x10001e20                alarm_pool_get_default
 .text.alarm_pool_add_alarm_at
                0x10001e28      0x184 CMakeFiles/Firmware_v0.1.dir/C_/Users/karim/Desktop/Proyecto_Final/pico-sdk/src/common/pico_time/time.c.obj
                0x10001e28                alarm_pool_add_alarm_at
 .text.alarm_pool_cancel_alarm
                0x10001fac       0x74 CMakeFiles/Firmware_v0.1.dir/C_/Users/karim/Desktop/Proyecto_Final/pico-sdk/src/common/pico_time/time.c.obj
                0x10001fac                alarm_pool_cancel_alarm
 .text.alarm_pool_core_num
                0x10002020        0x4 CMakeFiles/Firmware_v0.1.dir/C_/Users/karim/Desktop/Proyecto_Final/pico-sdk/src/common/pico_time/time.c.obj
                0x10002020                alarm_pool_core_num
 .text.sleep_until
                0x10002024       0xc4 CMakeFiles/Firmware_v0.1.dir/C_/Users/karim/Desktop/Proyecto_Final/pico-sdk/src/common/pico_time/time.c.obj
                0x10002024                sleep_until
 .text.sleep_ms
                0x100020e8       0x38 CMakeFiles/Firmware_v0.1.dir/C_/Users/karim/Desktop/Proyecto_Final/pico-sdk/src/common/pico_time/time.c.obj
                0x100020e8                sleep_ms
 .text.best_effort_wfe_or_timeout
                0x10002120       0xd4 CMakeFiles/Firmware_v0.1.dir/C_/Users/karim/Desktop/Proyecto_Final/pico-sdk/src/common/pico_time/time.c.obj
                0x10002120                best_effort_wfe_or_timeout
 .text.hardware_alarm_irq_handler
                0x100021f4       0xbc CMakeFiles/Firmware_v0.1.dir/C_/Users/karim/Desktop/Proyecto_Final/pico-sdk/src/rp2_common/hardware_timer/timer.c.obj
 .text.hardware_alarm_claim
                0x100022b0       0x18 CMakeFiles/Firmware_v0.1.dir/C_/Users/karim/Desktop/Proyecto_Final/pico-sdk/src/rp2_common/hardware_timer/timer.c.obj
                0x100022b0                hardware_alarm_claim
 .text.time_us_64
                0x100022c8       0x14 CMakeFiles/Firmware_v0.1.dir/C_/Users/karim/Desktop/Proyecto_Final/pico-sdk/src/rp2_common/hardware_timer/timer.c.obj
                0x100022c8                time_us_64
 .text.busy_wait_us
                0x100022dc       0x54 CMakeFiles/Firmware_v0.1.dir/C_/Users/karim/Desktop/Proyecto_Final/pico-sdk/src/rp2_common/hardware_timer/timer.c.obj
                0x100022dc                busy_wait_us
 .text.busy_wait_until
                0x10002330       0x20 CMakeFiles/Firmware_v0.1.dir/C_/Users/karim/Desktop/Proyecto_Final/pico-sdk/src/rp2_common/hardware_timer/timer.c.obj
                0x10002330                busy_wait_until
 .text.hardware_alarm_set_callback
                0x10002350       0x8c CMakeFiles/Firmware_v0.1.dir/C_/Users/karim/Desktop/Proyecto_Final/pico-sdk/src/rp2_common/hardware_timer/timer.c.obj
                0x10002350                hardware_alarm_set_callback
 .text.hardware_alarm_set_target
                0x100023dc       0xd4 CMakeFiles/Firmware_v0.1.dir/C_/Users/karim/Desktop/Proyecto_Final/pico-sdk/src/rp2_common/hardware_timer/timer.c.obj
                0x100023dc                hardware_alarm_set_target
 .text.hardware_alarm_cancel
                0x100024b0       0x3c CMakeFiles/Firmware_v0.1.dir/C_/Users/karim/Desktop/Proyecto_Final/pico-sdk/src/rp2_common/hardware_timer/timer.c.obj
                0x100024b0                hardware_alarm_cancel
 .text.ph_merge_nodes
                0x100024ec       0x68 CMakeFiles/Firmware_v0.1.dir/C_/Users/karim/Desktop/Proyecto_Final/pico-sdk/src/common/pico_util/pheap.c.obj
 .text.ph_post_alloc_init
                0x10002554       0x3c CMakeFiles/Firmware_v0.1.dir/C_/Users/karim/Desktop/Proyecto_Final/pico-sdk/src/common/pico_util/pheap.c.obj
                0x10002554                ph_post_alloc_init
 .text.ph_merge_two_pass
                0x10002590       0x9c CMakeFiles/Firmware_v0.1.dir/C_/Users/karim/Desktop/Proyecto_Final/pico-sdk/src/common/pico_util/pheap.c.obj
                0x10002590                ph_merge_two_pass
 .text.ph_remove_any_head
                0x1000262c      0x100 CMakeFiles/Firmware_v0.1.dir/C_/Users/karim/Desktop/Proyecto_Final/pico-sdk/src/common/pico_util/pheap.c.obj
 .text.ph_remove_head
                0x1000272c      0x104 CMakeFiles/Firmware_v0.1.dir/C_/Users/karim/Desktop/Proyecto_Final/pico-sdk/src/common/pico_util/pheap.c.obj
                0x1000272c                ph_remove_head
 .text.ph_remove_and_free_node
                0x10002830       0x7c CMakeFiles/Firmware_v0.1.dir/C_/Users/karim/Desktop/Proyecto_Final/pico-sdk/src/common/pico_util/pheap.c.obj
                0x10002830                ph_remove_and_free_node
 .text.clock_configure
                0x100028ac      0x118 CMakeFiles/Firmware_v0.1.dir/C_/Users/karim/Desktop/Proyecto_Final/pico-sdk/src/rp2_common/hardware_clocks/clocks.c.obj
                0x100028ac                clock_configure
 .text.clocks_init
                0x100029c4      0x2c4 CMakeFiles/Firmware_v0.1.dir/C_/Users/karim/Desktop/Proyecto_Final/pico-sdk/src/rp2_common/hardware_clocks/clocks.c.obj
                0x100029c4                clocks_init
 .text.clock_get_hz
                0x10002c88        0xc CMakeFiles/Firmware_v0.1.dir/C_/Users/karim/Desktop/Proyecto_Final/pico-sdk/src/rp2_common/hardware_clocks/clocks.c.obj
                0x10002c88                clock_get_hz
 .text.pll_init
                0x10002c94       0xa0 CMakeFiles/Firmware_v0.1.dir/C_/Users/karim/Desktop/Proyecto_Final/pico-sdk/src/rp2_common/hardware_pll/pll.c.obj
                0x10002c94                pll_init
 .text.watchdog_start_tick
                0x10002d34       0x10 CMakeFiles/Firmware_v0.1.dir/C_/Users/karim/Desktop/Proyecto_Final/pico-sdk/src/rp2_common/hardware_watchdog/watchdog.c.obj
                0x10002d34                watchdog_start_tick
 .text.watchdog_reboot
                0x10002d44       0x9c CMakeFiles/Firmware_v0.1.dir/C_/Users/karim/Desktop/Proyecto_Final/pico-sdk/src/rp2_common/hardware_watchdog/watchdog.c.obj
                0x10002d44                watchdog_reboot
 .text.xosc_init
                0x10002de0       0x28 CMakeFiles/Firmware_v0.1.dir/C_/Users/karim/Desktop/Proyecto_Final/pico-sdk/src/rp2_common/hardware_xosc/xosc.c.obj
                0x10002de0                xosc_init
 .text.runtime_init
                0x10002e08       0xf0 CMakeFiles/Firmware_v0.1.dir/C_/Users/karim/Desktop/Proyecto_Final/pico-sdk/src/rp2_common/pico_runtime/runtime.c.obj
                0x10002e08                runtime_init
 .text._exit    0x10002ef8        0x4 CMakeFiles/Firmware_v0.1.dir/C_/Users/karim/Desktop/Proyecto_Final/pico-sdk/src/rp2_common/pico_runtime/runtime.c.obj
                0x10002ef8                _exit
 .text.exit     0x10002efc        0x8 CMakeFiles/Firmware_v0.1.dir/C_/Users/karim/Desktop/Proyecto_Final/pico-sdk/src/rp2_common/pico_runtime/runtime.c.obj
                0x10002efc                exit
 .text.panic    0x10002f04       0x30 CMakeFiles/Firmware_v0.1.dir/C_/Users/karim/Desktop/Proyecto_Final/pico-sdk/src/rp2_common/pico_runtime/runtime.c.obj
                0x10002f04                panic
 .text.hard_assertion_failure
                0x10002f34        0xc CMakeFiles/Firmware_v0.1.dir/C_/Users/karim/Desktop/Proyecto_Final/pico-sdk/src/rp2_common/pico_runtime/runtime.c.obj
                0x10002f34                hard_assertion_failure
 .text._out_null
                0x10002f40        0x4 CMakeFiles/Firmware_v0.1.dir/C_/Users/karim/Desktop/Proyecto_Final/pico-sdk/src/rp2_common/pico_printf/printf.c.obj
 .text._out_rev
                0x10002f44       0x90 CMakeFiles/Firmware_v0.1.dir/C_/Users/karim/Desktop/Proyecto_Final/pico-sdk/src/rp2_common/pico_printf/printf.c.obj
 .text._ntoa_format
                0x10002fd4      0x1cc CMakeFiles/Firmware_v0.1.dir/C_/Users/karim/Desktop/Proyecto_Final/pico-sdk/src/rp2_common/pico_printf/printf.c.obj
 .text._out_char
                0x100031a0       0x10 CMakeFiles/Firmware_v0.1.dir/C_/Users/karim/Desktop/Proyecto_Final/pico-sdk/src/rp2_common/pico_printf/printf.c.obj
 .text._out_fct
                0x100031b0       0x10 CMakeFiles/Firmware_v0.1.dir/C_/Users/karim/Desktop/Proyecto_Final/pico-sdk/src/rp2_common/pico_printf/printf.c.obj
 .text._etoa    0x100031c0      0x44c CMakeFiles/Firmware_v0.1.dir/C_/Users/karim/Desktop/Proyecto_Final/pico-sdk/src/rp2_common/pico_printf/printf.c.obj
 .text._ftoa    0x1000360c      0x3d0 CMakeFiles/Firmware_v0.1.dir/C_/Users/karim/Desktop/Proyecto_Final/pico-sdk/src/rp2_common/pico_printf/printf.c.obj
 .text._vsnprintf
                0x100039dc      0xabc CMakeFiles/Firmware_v0.1.dir/C_/Users/karim/Desktop/Proyecto_Final/pico-sdk/src/rp2_common/pico_printf/printf.c.obj
 .text.vfctprintf
                0x10004498       0x20 CMakeFiles/Firmware_v0.1.dir/C_/Users/karim/Desktop/Proyecto_Final/pico-sdk/src/rp2_common/pico_printf/printf.c.obj
                0x10004498                vfctprintf
 .text.weak_raw_vprintf
                0x100044b8       0x30 CMakeFiles/Firmware_v0.1.dir/C_/Users/karim/Desktop/Proyecto_Final/pico-sdk/src/rp2_common/pico_printf/printf.c.obj
                0x100044b8                weak_raw_vprintf
 .text          0x100044e8       0x10 CMakeFiles/Firmware_v0.1.dir/C_/Users/karim/Desktop/Proyecto_Final/pico-sdk/src/rp2_common/pico_bit_ops/bit_ops_aeabi.S.obj
 .text.rom_func_lookup
                0x100044f8       0x10 CMakeFiles/Firmware_v0.1.dir/C_/Users/karim/Desktop/Proyecto_Final/pico-sdk/src/rp2_common/pico_bootrom/bootrom.c.obj
                0x100044f8                rom_func_lookup
 .text.rom_data_lookup
                0x10004508       0x10 CMakeFiles/Firmware_v0.1.dir/C_/Users/karim/Desktop/Proyecto_Final/pico-sdk/src/rp2_common/pico_bootrom/bootrom.c.obj
                0x10004508                rom_data_lookup
 .text.rom_funcs_lookup
                0x10004518       0x44 CMakeFiles/Firmware_v0.1.dir/C_/Users/karim/Desktop/Proyecto_Final/pico-sdk/src/rp2_common/pico_bootrom/bootrom.c.obj
                0x10004518                rom_funcs_lookup
 .text.__wrap___aeabi_idiv
                0x1000455c       0x50 CMakeFiles/Firmware_v0.1.dir/C_/Users/karim/Desktop/Proyecto_Final/pico-sdk/src/rp2_common/pico_divider/divider.S.obj
                0x1000455c                __wrap___aeabi_idivmod
                0x1000455c                divmod_s32s32
                0x1000455c                div_s32s32
                0x1000455c                __wrap___aeabi_idiv
                0x10004564                divmod_s32s32_unsafe
                0x10004590                divmod_s32s32_savestate
 .text.__wrap___aeabi_uidiv
                0x100045ac       0x4c CMakeFiles/Firmware_v0.1.dir/C_/Users/karim/Desktop/Proyecto_Final/pico-sdk/src/rp2_common/pico_divider/divider.S.obj
                0x100045ac                __wrap___aeabi_uidiv
                0x100045ac                __wrap___aeabi_uidivmod
                0x100045ac                div_u32u32
                0x100045ac                divmod_u32u32
                0x100045b4                divmod_u32u32_unsafe
                0x100045dc                divmod_u32u32_savestate
 .text.__wrap___aeabi_ldiv
                0x100045f8      0x424 CMakeFiles/Firmware_v0.1.dir/C_/Users/karim/Desktop/Proyecto_Final/pico-sdk/src/rp2_common/pico_divider/divider.S.obj
                0x100045f8                div_s64s64
                0x100045f8                divmod_s64s64
                0x100045f8                __wrap___aeabi_ldivmod
                0x10004628                divmod_u64u64
                0x10004628                div_u64u64
                0x10004628                __wrap___aeabi_uldivmod
                0x10004638                divmod_u64u64_savestate
                0x10004658                divmod_s64s64_unsafe
                0x100046e0                divmod_u64u64_unsafe
 .text.__wrap___aeabi_darithmetic
                0x10004a1c       0x80 CMakeFiles/Firmware_v0.1.dir/C_/Users/karim/Desktop/Proyecto_Final/pico-sdk/src/rp2_common/pico_double/double_aeabi.S.obj
                0x10004a1c                __wrap___aeabi_drsub
                0x10004a22                __wrap___aeabi_dsub
                0x10004a34                __wrap___aeabi_dadd
                0x10004a46                __wrap___aeabi_ddiv
                0x10004a82                __wrap___aeabi_dmul
 .text.__wrap___aeabi_cdcmple
                0x10004a9c       0x6c CMakeFiles/Firmware_v0.1.dir/C_/Users/karim/Desktop/Proyecto_Final/pico-sdk/src/rp2_common/pico_double/double_aeabi.S.obj
                0x10004a9c                __wrap___aeabi_cdrcmple
                0x10004aac                __wrap___aeabi_cdcmpeq
                0x10004aac                __wrap___aeabi_cdcmple
 .text.__wrap___aeabi_dcmplt
                0x10004b08        0xc CMakeFiles/Firmware_v0.1.dir/C_/Users/karim/Desktop/Proyecto_Final/pico-sdk/src/rp2_common/pico_double/double_aeabi.S.obj
                0x10004b08                __wrap___aeabi_dcmplt
 .text.__wrap___aeabi_dcmple
                0x10004b14       0x10 CMakeFiles/Firmware_v0.1.dir/C_/Users/karim/Desktop/Proyecto_Final/pico-sdk/src/rp2_common/pico_double/double_aeabi.S.obj
                0x10004b14                __wrap___aeabi_dcmple
 .text.__wrap___aeabi_dcmpge
                0x10004b24       0x10 CMakeFiles/Firmware_v0.1.dir/C_/Users/karim/Desktop/Proyecto_Final/pico-sdk/src/rp2_common/pico_double/double_aeabi.S.obj
                0x10004b24                __wrap___aeabi_dcmpge
 .text.__wrap___aeabi_dcmpgt
                0x10004b34        0xa CMakeFiles/Firmware_v0.1.dir/C_/Users/karim/Desktop/Proyecto_Final/pico-sdk/src/rp2_common/pico_double/double_aeabi.S.obj
                0x10004b34                __wrap___aeabi_dcmpgt
 .text.__wrap___aeabi_dcmpun
                0x10004b3e       0x1c CMakeFiles/Firmware_v0.1.dir/C_/Users/karim/Desktop/Proyecto_Final/pico-sdk/src/rp2_common/pico_double/double_aeabi.S.obj
                0x10004b3e                __wrap___aeabi_dcmpun
 *fill*         0x10004b5a        0x2 
 .text.__wrap___aeabi_i2d
                0x10004b5c       0x38 CMakeFiles/Firmware_v0.1.dir/C_/Users/karim/Desktop/Proyecto_Final/pico-sdk/src/rp2_common/pico_double/double_aeabi.S.obj
                0x10004b5c                __wrap___aeabi_ui2d
                0x10004b64                __wrap___aeabi_i2d
 .text.__wrap___aeabi_d2iz
                0x10004b94       0x48 CMakeFiles/Firmware_v0.1.dir/C_/Users/karim/Desktop/Proyecto_Final/pico-sdk/src/rp2_common/pico_double/double_aeabi.S.obj
                0x10004b94                double2int_z
                0x10004b94                __wrap___aeabi_d2iz
 .text.__wrap___aeabi_d2uiz
                0x10004bdc       0x18 CMakeFiles/Firmware_v0.1.dir/C_/Users/karim/Desktop/Proyecto_Final/pico-sdk/src/rp2_common/pico_double/double_aeabi.S.obj
                0x10004bdc                __wrap___aeabi_d2uiz
                0x10004bdc                double2uint
 .text.__wrap___aeabi_d2f
                0x10004bf4       0x18 CMakeFiles/Firmware_v0.1.dir/C_/Users/karim/Desktop/Proyecto_Final/pico-sdk/src/rp2_common/pico_double/double_aeabi.S.obj
                0x10004bf4                __wrap___aeabi_d2f
 .text.__aeabi_double_init
                0x10004c0c       0x94 CMakeFiles/Firmware_v0.1.dir/C_/Users/karim/Desktop/Proyecto_Final/pico-sdk/src/rp2_common/pico_double/double_init_rom.c.obj
                0x10004c0c                __aeabi_double_init
 .text.double_table_shim_on_use_helper
                0x10004ca0       0x2c CMakeFiles/Firmware_v0.1.dir/C_/Users/karim/Desktop/Proyecto_Final/pico-sdk/src/rp2_common/pico_double/double_v1_rom_shim.S.obj
                0x10004ca0                double_table_shim_on_use_helper
 .text.__wrap___aeabi_dsub
                0x10004ccc       0x10 CMakeFiles/Firmware_v0.1.dir/C_/Users/karim/Desktop/Proyecto_Final/pico-sdk/src/rp2_common/pico_double/double_v1_rom_shim.S.obj
                0x10004ccc                drsub_shim
                0x10004cd2                dsub_shim
 .text.dadd_shim
                0x10004cdc      0x15c CMakeFiles/Firmware_v0.1.dir/C_/Users/karim/Desktop/Proyecto_Final/pico-sdk/src/rp2_common/pico_double/double_v1_rom_shim.S.obj
                0x10004cdc                dadd_shim
 .text.dmul_shim
                0x10004e38      0x15c CMakeFiles/Firmware_v0.1.dir/C_/Users/karim/Desktop/Proyecto_Final/pico-sdk/src/rp2_common/pico_double/double_v1_rom_shim.S.obj
                0x10004e38                dmul_shim
 .text.ddiv_shim
                0x10004f94      0x1b0 CMakeFiles/Firmware_v0.1.dir/C_/Users/karim/Desktop/Proyecto_Final/pico-sdk/src/rp2_common/pico_double/double_v1_rom_shim.S.obj
                0x10004f94                ddiv_shim
 .text.double2uint_shim
                0x10005144        0xe CMakeFiles/Firmware_v0.1.dir/C_/Users/karim/Desktop/Proyecto_Final/pico-sdk/src/rp2_common/pico_double/double_v1_rom_shim.S.obj
                0x10005144                double2uint_shim
                0x10005146                double2ufix_shim
 *fill*         0x10005152        0x2 
 .text.double2uint64_shim
                0x10005154       0x70 CMakeFiles/Firmware_v0.1.dir/C_/Users/karim/Desktop/Proyecto_Final/pico-sdk/src/rp2_common/pico_double/double_v1_rom_shim.S.obj
                0x10005154                double2uint64_shim
                0x10005156                double2ufix64_shim
                0x10005176                d2fix_a
 .text.double2float_shim
                0x100051c4       0x5c CMakeFiles/Firmware_v0.1.dir/C_/Users/karim/Desktop/Proyecto_Final/pico-sdk/src/rp2_common/pico_double/double_v1_rom_shim.S.obj
                0x100051c4                double2float_shim
 .text.dunpacks
                0x10005220       0x3c CMakeFiles/Firmware_v0.1.dir/C_/Users/karim/Desktop/Proyecto_Final/pico-sdk/src/rp2_common/pico_double/double_v1_rom_shim.S.obj
                0x10005220                dunpacks
 .text.__aeabi_lmul
                0x1000525c       0x32 CMakeFiles/Firmware_v0.1.dir/C_/Users/karim/Desktop/Proyecto_Final/pico-sdk/src/rp2_common/pico_int64_ops/pico_int64_ops_aeabi.S.obj
                0x1000525c                __wrap___aeabi_lmul
 *fill*         0x1000528e        0x2 
 .text.__wrap___aeabi_farithmetic
                0x10005290       0x48 CMakeFiles/Firmware_v0.1.dir/C_/Users/karim/Desktop/Proyecto_Final/pico-sdk/src/rp2_common/pico_float/float_aeabi.S.obj
                0x10005290                __wrap___aeabi_frsub
                0x10005296                __wrap___aeabi_fsub
                0x1000529c                __wrap___aeabi_fadd
                0x100052a2                __wrap___aeabi_fdiv
                0x100052ca                __wrap___aeabi_fmul
 .text.__wrap___aeabi_cfcmple
                0x100052d8       0x50 CMakeFiles/Firmware_v0.1.dir/C_/Users/karim/Desktop/Proyecto_Final/pico-sdk/src/rp2_common/pico_float/float_aeabi.S.obj
                0x100052d8                __wrap___aeabi_cfrcmple
                0x100052e4                __wrap___aeabi_cfcmple
                0x100052e4                __wrap___aeabi_cfcmpeq
 .text.__wrap___aeabi_fcmplt
                0x10005328        0xc CMakeFiles/Firmware_v0.1.dir/C_/Users/karim/Desktop/Proyecto_Final/pico-sdk/src/rp2_common/pico_float/float_aeabi.S.obj
                0x10005328                __wrap___aeabi_fcmplt
 .text.__wrap___aeabi_fcmpgt
                0x10005334        0xa CMakeFiles/Firmware_v0.1.dir/C_/Users/karim/Desktop/Proyecto_Final/pico-sdk/src/rp2_common/pico_float/float_aeabi.S.obj
                0x10005334                __wrap___aeabi_fcmpgt
 .text.__wrap___aeabi_ui2f
                0x1000533e        0xa CMakeFiles/Firmware_v0.1.dir/C_/Users/karim/Desktop/Proyecto_Final/pico-sdk/src/rp2_common/pico_float/float_aeabi.S.obj
                0x1000533e                __wrap___aeabi_ui2f
 .text.__wrap___aeabi_i2f
                0x10005348       0x44 CMakeFiles/Firmware_v0.1.dir/C_/Users/karim/Desktop/Proyecto_Final/pico-sdk/src/rp2_common/pico_float/float_aeabi.S.obj
                0x10005348                __wrap___aeabi_i2f
 .text.__wrap___aeabi_f2uiz
                0x1000538c        0xc CMakeFiles/Firmware_v0.1.dir/C_/Users/karim/Desktop/Proyecto_Final/pico-sdk/src/rp2_common/pico_float/float_aeabi.S.obj
                0x1000538c                __wrap___aeabi_f2uiz
 .text.__wrap___aeabi_f2d
                0x10005398       0x14 CMakeFiles/Firmware_v0.1.dir/C_/Users/karim/Desktop/Proyecto_Final/pico-sdk/src/rp2_common/pico_float/float_aeabi.S.obj
                0x10005398                __wrap___aeabi_f2d
 .text.__aeabi_float_init
                0x100053ac       0x64 CMakeFiles/Firmware_v0.1.dir/C_/Users/karim/Desktop/Proyecto_Final/pico-sdk/src/rp2_common/pico_float/float_init_rom.c.obj
                0x100053ac                __aeabi_float_init
 .text.float_table_shim_on_use_helper
                0x10005410       0x2c CMakeFiles/Firmware_v0.1.dir/C_/Users/karim/Desktop/Proyecto_Final/pico-sdk/src/rp2_common/pico_float/float_v1_rom_shim.S.obj
                0x10005410                float_table_shim_on_use_helper
 .text.float2double_shim
                0x1000543c       0x30 CMakeFiles/Firmware_v0.1.dir/C_/Users/karim/Desktop/Proyecto_Final/pico-sdk/src/rp2_common/pico_float/float_v1_rom_shim.S.obj
                0x1000543c                float2double_shim
 .text          0x1000546c       0x10 CMakeFiles/Firmware_v0.1.dir/C_/Users/karim/Desktop/Proyecto_Final/pico-sdk/src/rp2_common/pico_mem_ops/mem_ops_aeabi.S.obj
                0x1000546c                __aeabi_mem_init
 .text.memset   0x1000547c        0xc CMakeFiles/Firmware_v0.1.dir/C_/Users/karim/Desktop/Proyecto_Final/pico-sdk/src/rp2_common/pico_mem_ops/mem_ops_aeabi.S.obj
                0x1000547c                __wrap_memset
 .text.memcpy   0x10005488        0xc CMakeFiles/Firmware_v0.1.dir/C_/Users/karim/Desktop/Proyecto_Final/pico-sdk/src/rp2_common/pico_mem_ops/mem_ops_aeabi.S.obj
                0x10005488                __wrap_memcpy
                0x10005488                __wrap___aeabi_memcpy
 .text.stdio_out_chars_no_crlf
                0x10005494       0x10 CMakeFiles/Firmware_v0.1.dir/C_/Users/karim/Desktop/Proyecto_Final/pico-sdk/src/rp2_common/pico_stdio/stdio.c.obj
 .text.stdio_out_chars_crlf
                0x100054a4       0xb4 CMakeFiles/Firmware_v0.1.dir/C_/Users/karim/Desktop/Proyecto_Final/pico-sdk/src/rp2_common/pico_stdio/stdio.c.obj
 .text.stdio_buffered_printer
                0x10005558       0x64 CMakeFiles/Firmware_v0.1.dir/C_/Users/karim/Desktop/Proyecto_Final/pico-sdk/src/rp2_common/pico_stdio/stdio.c.obj
 .text.stdio_put_string.isra.0
                0x100055bc      0x100 CMakeFiles/Firmware_v0.1.dir/C_/Users/karim/Desktop/Proyecto_Final/pico-sdk/src/rp2_common/pico_stdio/stdio.c.obj
 .text.__wrap_putchar
                0x100056bc       0x98 CMakeFiles/Firmware_v0.1.dir/C_/Users/karim/Desktop/Proyecto_Final/pico-sdk/src/rp2_common/pico_stdio/stdio.c.obj
                0x100056bc                __wrap_putchar
 .text.__wrap_puts
                0x10005754       0x3c CMakeFiles/Firmware_v0.1.dir/C_/Users/karim/Desktop/Proyecto_Final/pico-sdk/src/rp2_common/pico_stdio/stdio.c.obj
                0x10005754                __wrap_puts
 .text.stdio_set_driver_enabled
                0x10005790       0x30 CMakeFiles/Firmware_v0.1.dir/C_/Users/karim/Desktop/Proyecto_Final/pico-sdk/src/rp2_common/pico_stdio/stdio.c.obj
                0x10005790                stdio_set_driver_enabled
 .text.__wrap_vprintf
                0x100057c0       0xd4 CMakeFiles/Firmware_v0.1.dir/C_/Users/karim/Desktop/Proyecto_Final/pico-sdk/src/rp2_common/pico_stdio/stdio.c.obj
                0x100057c0                __wrap_vprintf
 .text.__wrap_printf
                0x10005894       0x18 CMakeFiles/Firmware_v0.1.dir/C_/Users/karim/Desktop/Proyecto_Final/pico-sdk/src/rp2_common/pico_stdio/stdio.c.obj
                0x10005894                __wrap_printf
 .text.stdio_init_all
                0x100058ac        0x8 CMakeFiles/Firmware_v0.1.dir/C_/Users/karim/Desktop/Proyecto_Final/pico-sdk/src/rp2_common/pico_stdio/stdio.c.obj
                0x100058ac                stdio_init_all
 .text.getchar_timeout_us
                0x100058b4       0x98 CMakeFiles/Firmware_v0.1.dir/C_/Users/karim/Desktop/Proyecto_Final/pico-sdk/src/rp2_common/pico_stdio/stdio.c.obj
                0x100058b4                getchar_timeout_us
 .text.resetd_init
                0x1000594c        0x4 CMakeFiles/Firmware_v0.1.dir/C_/Users/karim/Desktop/Proyecto_Final/pico-sdk/src/rp2_common/pico_stdio_usb/reset_interface.c.obj
 .text.resetd_reset
                0x10005950        0xc CMakeFiles/Firmware_v0.1.dir/C_/Users/karim/Desktop/Proyecto_Final/pico-sdk/src/rp2_common/pico_stdio_usb/reset_interface.c.obj
 .text.resetd_open
                0x1000595c       0x28 CMakeFiles/Firmware_v0.1.dir/C_/Users/karim/Desktop/Proyecto_Final/pico-sdk/src/rp2_common/pico_stdio_usb/reset_interface.c.obj
 .text.resetd_xfer_cb
                0x10005984        0x4 CMakeFiles/Firmware_v0.1.dir/C_/Users/karim/Desktop/Proyecto_Final/pico-sdk/src/rp2_common/pico_stdio_usb/reset_interface.c.obj
 .text.resetd_control_xfer_cb
                0x10005988       0x64 CMakeFiles/Firmware_v0.1.dir/C_/Users/karim/Desktop/Proyecto_Final/pico-sdk/src/rp2_common/pico_stdio_usb/reset_interface.c.obj
 .text.usbd_app_driver_get_cb
                0x100059ec        0xc CMakeFiles/Firmware_v0.1.dir/C_/Users/karim/Desktop/Proyecto_Final/pico-sdk/src/rp2_common/pico_stdio_usb/reset_interface.c.obj
                0x100059ec                usbd_app_driver_get_cb
 .text.tud_cdc_line_coding_cb
                0x100059f8       0x34 CMakeFiles/Firmware_v0.1.dir/C_/Users/karim/Desktop/Proyecto_Final/pico-sdk/src/rp2_common/pico_stdio_usb/reset_interface.c.obj
                0x100059f8                tud_cdc_line_coding_cb
 .text.stdio_usb_set_chars_available_callback
                0x10005a2c       0x14 CMakeFiles/Firmware_v0.1.dir/C_/Users/karim/Desktop/Proyecto_Final/pico-sdk/src/rp2_common/pico_stdio_usb/stdio_usb.c.obj
                0x10005a2c                stdio_usb_set_chars_available_callback
 .text.usb_irq  0x10005a40       0x10 CMakeFiles/Firmware_v0.1.dir/C_/Users/karim/Desktop/Proyecto_Final/pico-sdk/src/rp2_common/pico_stdio_usb/stdio_usb.c.obj
 .text.timer_task
                0x10005a50       0x54 CMakeFiles/Firmware_v0.1.dir/C_/Users/karim/Desktop/Proyecto_Final/pico-sdk/src/rp2_common/pico_stdio_usb/stdio_usb.c.obj
 .text.stdio_usb_in_chars
                0x10005aa4       0x94 CMakeFiles/Firmware_v0.1.dir/C_/Users/karim/Desktop/Proyecto_Final/pico-sdk/src/rp2_common/pico_stdio_usb/stdio_usb.c.obj
                0x10005aa4                stdio_usb_in_chars
 .text.stdio_usb_out_chars
                0x10005b38      0x104 CMakeFiles/Firmware_v0.1.dir/C_/Users/karim/Desktop/Proyecto_Final/pico-sdk/src/rp2_common/pico_stdio_usb/stdio_usb.c.obj
 .text.low_priority_worker_irq
                0x10005c3c       0xa8 CMakeFiles/Firmware_v0.1.dir/C_/Users/karim/Desktop/Proyecto_Final/pico-sdk/src/rp2_common/pico_stdio_usb/stdio_usb.c.obj
 .text.tud_cdc_rx_cb
                0x10005ce4       0x20 CMakeFiles/Firmware_v0.1.dir/C_/Users/karim/Desktop/Proyecto_Final/pico-sdk/src/rp2_common/pico_stdio_usb/stdio_usb.c.obj
                0x10005ce4                tud_cdc_rx_cb
 .text.stdio_usb_init
                0x10005d04       0xe0 CMakeFiles/Firmware_v0.1.dir/C_/Users/karim/Desktop/Proyecto_Final/pico-sdk/src/rp2_common/pico_stdio_usb/stdio_usb.c.obj
                0x10005d04                stdio_usb_init
 .text.tud_descriptor_device_cb
                0x10005de4        0x8 CMakeFiles/Firmware_v0.1.dir/C_/Users/karim/Desktop/Proyecto_Final/pico-sdk/src/rp2_common/pico_stdio_usb/stdio_usb_descriptors.c.obj
                0x10005de4                tud_descriptor_device_cb
 .text.tud_descriptor_configuration_cb
                0x10005dec        0x8 CMakeFiles/Firmware_v0.1.dir/C_/Users/karim/Desktop/Proyecto_Final/pico-sdk/src/rp2_common/pico_stdio_usb/stdio_usb_descriptors.c.obj
                0x10005dec                tud_descriptor_configuration_cb
 .text.tud_descriptor_string_cb
                0x10005df4       0x74 CMakeFiles/Firmware_v0.1.dir/C_/Users/karim/Desktop/Proyecto_Final/pico-sdk/src/rp2_common/pico_stdio_usb/stdio_usb_descriptors.c.obj
                0x10005df4                tud_descriptor_string_cb
 .text.startup._retrieve_unique_id_on_boot
                0x10005e68       0x10 CMakeFiles/Firmware_v0.1.dir/C_/Users/karim/Desktop/Proyecto_Final/pico-sdk/src/rp2_common/pico_unique_id/unique_id.c.obj
 .text.pico_get_unique_board_id_string
                0x10005e78      0x1a8 CMakeFiles/Firmware_v0.1.dir/C_/Users/karim/Desktop/Proyecto_Final/pico-sdk/src/rp2_common/pico_unique_id/unique_id.c.obj
                0x10005e78                pico_get_unique_board_id_string
 .text.flash_get_unique_id
                0x10006020       0x40 CMakeFiles/Firmware_v0.1.dir/C_/Users/karim/Desktop/Proyecto_Final/pico-sdk/src/rp2_common/hardware_flash/flash.c.obj
                0x10006020                flash_get_unique_id
 .text.dcd_int_enable
                0x10006060        0xc CMakeFiles/Firmware_v0.1.dir/C_/Users/karim/Desktop/Proyecto_Final/pico-sdk/lib/tinyusb/src/portable/raspberrypi/rp2040/dcd_rp2040.c.obj
                0x10006060                dcd_int_enable
 .text.dcd_set_address
                0x1000606c       0x14 CMakeFiles/Firmware_v0.1.dir/C_/Users/karim/Desktop/Proyecto_Final/pico-sdk/lib/tinyusb/src/portable/raspberrypi/rp2040/dcd_rp2040.c.obj
                0x1000606c                dcd_set_address
 .text.dcd_connect
                0x10006080       0x10 CMakeFiles/Firmware_v0.1.dir/C_/Users/karim/Desktop/Proyecto_Final/pico-sdk/lib/tinyusb/src/portable/raspberrypi/rp2040/dcd_rp2040.c.obj
                0x10006080                dcd_connect
 .text.dcd_init
                0x10006090       0x98 CMakeFiles/Firmware_v0.1.dir/C_/Users/karim/Desktop/Proyecto_Final/pico-sdk/lib/tinyusb/src/portable/raspberrypi/rp2040/dcd_rp2040.c.obj
                0x10006090                dcd_init
 .text.dcd_edpt0_status_complete
                0x10006128       0x1c CMakeFiles/Firmware_v0.1.dir/C_/Users/karim/Desktop/Proyecto_Final/pico-sdk/lib/tinyusb/src/portable/raspberrypi/rp2040/dcd_rp2040.c.obj
                0x10006128                dcd_edpt0_status_complete
 .text.dcd_edpt_open
                0x10006144      0x108 CMakeFiles/Firmware_v0.1.dir/C_/Users/karim/Desktop/Proyecto_Final/pico-sdk/lib/tinyusb/src/portable/raspberrypi/rp2040/dcd_rp2040.c.obj
                0x10006144                dcd_edpt_open
 .text.dcd_edpt_close_all
                0x1000624c        0x8 CMakeFiles/Firmware_v0.1.dir/C_/Users/karim/Desktop/Proyecto_Final/pico-sdk/lib/tinyusb/src/portable/raspberrypi/rp2040/dcd_rp2040.c.obj
                0x1000624c                dcd_edpt_close_all
 .text.dcd_edpt_xfer
                0x10006254       0x24 CMakeFiles/Firmware_v0.1.dir/C_/Users/karim/Desktop/Proyecto_Final/pico-sdk/lib/tinyusb/src/portable/raspberrypi/rp2040/dcd_rp2040.c.obj
                0x10006254                dcd_edpt_xfer
 .text.dcd_edpt_stall
                0x10006278       0x38 CMakeFiles/Firmware_v0.1.dir/C_/Users/karim/Desktop/Proyecto_Final/pico-sdk/lib/tinyusb/src/portable/raspberrypi/rp2040/dcd_rp2040.c.obj
                0x10006278                dcd_edpt_stall
 .text.dcd_edpt_clear_stall
                0x100062b0       0x30 CMakeFiles/Firmware_v0.1.dir/C_/Users/karim/Desktop/Proyecto_Final/pico-sdk/lib/tinyusb/src/portable/raspberrypi/rp2040/dcd_rp2040.c.obj
                0x100062b0                dcd_edpt_clear_stall
 .text.rp2040_usb_init
                0x100062e0       0x4c CMakeFiles/Firmware_v0.1.dir/C_/Users/karim/Desktop/Proyecto_Final/pico-sdk/lib/tinyusb/src/portable/raspberrypi/rp2040/rp2040_usb.c.obj
                0x100062e0                rp2040_usb_init
 .text.hw_endpoint_xfer_start
                0x1000632c       0x50 CMakeFiles/Firmware_v0.1.dir/C_/Users/karim/Desktop/Proyecto_Final/pico-sdk/lib/tinyusb/src/portable/raspberrypi/rp2040/rp2040_usb.c.obj
                0x1000632c                hw_endpoint_xfer_start
 .text.tud_mounted
                0x1000637c       0x10 CMakeFiles/Firmware_v0.1.dir/C_/Users/karim/Desktop/Proyecto_Final/pico-sdk/lib/tinyusb/src/device/usbd.c.obj
                0x1000637c                tud_mounted
 .text.tud_suspended
                0x1000638c       0x10 CMakeFiles/Firmware_v0.1.dir/C_/Users/karim/Desktop/Proyecto_Final/pico-sdk/lib/tinyusb/src/device/usbd.c.obj
                0x1000638c                tud_suspended
 .text.tud_inited
                0x1000639c       0x14 CMakeFiles/Firmware_v0.1.dir/C_/Users/karim/Desktop/Proyecto_Final/pico-sdk/lib/tinyusb/src/device/usbd.c.obj
                0x1000639c                tud_inited
 .text.tud_init
                0x100063b0       0xe0 CMakeFiles/Firmware_v0.1.dir/C_/Users/karim/Desktop/Proyecto_Final/pico-sdk/lib/tinyusb/src/device/usbd.c.obj
                0x100063b0                tud_init
 .text.tud_task_ext
                0x10006490      0x8a8 CMakeFiles/Firmware_v0.1.dir/C_/Users/karim/Desktop/Proyecto_Final/pico-sdk/lib/tinyusb/src/device/usbd.c.obj
                0x10006490                tud_task_ext
 .text.usbd_open_edpt_pair
                0x10006d38       0x9c CMakeFiles/Firmware_v0.1.dir/C_/Users/karim/Desktop/Proyecto_Final/pico-sdk/lib/tinyusb/src/device/usbd.c.obj
                0x10006d38                usbd_open_edpt_pair
 .text.usbd_defer_func
                0x10006dd4       0x48 CMakeFiles/Firmware_v0.1.dir/C_/Users/karim/Desktop/Proyecto_Final/pico-sdk/lib/tinyusb/src/device/usbd.c.obj
                0x10006dd4                usbd_defer_func
 .text.usbd_edpt_open
                0x10006e1c       0x34 CMakeFiles/Firmware_v0.1.dir/C_/Users/karim/Desktop/Proyecto_Final/pico-sdk/lib/tinyusb/src/device/usbd.c.obj
                0x10006e1c                usbd_edpt_open
 .text.usbd_edpt_claim
                0x10006e50       0x28 CMakeFiles/Firmware_v0.1.dir/C_/Users/karim/Desktop/Proyecto_Final/pico-sdk/lib/tinyusb/src/device/usbd.c.obj
                0x10006e50                usbd_edpt_claim
 .text.usbd_edpt_release
                0x10006e78       0x28 CMakeFiles/Firmware_v0.1.dir/C_/Users/karim/Desktop/Proyecto_Final/pico-sdk/lib/tinyusb/src/device/usbd.c.obj
                0x10006e78                usbd_edpt_release
 .text.usbd_edpt_xfer
                0x10006ea0       0x4c CMakeFiles/Firmware_v0.1.dir/C_/Users/karim/Desktop/Proyecto_Final/pico-sdk/lib/tinyusb/src/device/usbd.c.obj
                0x10006ea0                usbd_edpt_xfer
 .text.tud_control_status
                0x10006eec       0x2c CMakeFiles/Firmware_v0.1.dir/C_/Users/karim/Desktop/Proyecto_Final/pico-sdk/lib/tinyusb/src/device/usbd_control.c.obj
                0x10006eec                tud_control_status
 .text.tud_control_xfer
                0x10006f18       0xac CMakeFiles/Firmware_v0.1.dir/C_/Users/karim/Desktop/Proyecto_Final/pico-sdk/lib/tinyusb/src/device/usbd_control.c.obj
                0x10006f18                tud_control_xfer
 .text.usbd_control_reset
                0x10006fc4       0x14 CMakeFiles/Firmware_v0.1.dir/C_/Users/karim/Desktop/Proyecto_Final/pico-sdk/lib/tinyusb/src/device/usbd_control.c.obj
                0x10006fc4                usbd_control_reset
 .text.usbd_control_set_complete_callback
                0x10006fd8        0xc CMakeFiles/Firmware_v0.1.dir/C_/Users/karim/Desktop/Proyecto_Final/pico-sdk/lib/tinyusb/src/device/usbd_control.c.obj
                0x10006fd8                usbd_control_set_complete_callback
 .text.usbd_control_set_request
                0x10006fe4       0x1c CMakeFiles/Firmware_v0.1.dir/C_/Users/karim/Desktop/Proyecto_Final/pico-sdk/lib/tinyusb/src/device/usbd_control.c.obj
                0x10006fe4                usbd_control_set_request
 .text.usbd_control_xfer_cb
                0x10007000       0xf4 CMakeFiles/Firmware_v0.1.dir/C_/Users/karim/Desktop/Proyecto_Final/pico-sdk/lib/tinyusb/src/device/usbd_control.c.obj
                0x10007000                usbd_control_xfer_cb
 .text.tud_cdc_n_connected
                0x100070f4       0x30 CMakeFiles/Firmware_v0.1.dir/C_/Users/karim/Desktop/Proyecto_Final/pico-sdk/lib/tinyusb/src/class/cdc/cdc_device.c.obj
                0x100070f4                tud_cdc_n_connected
 .text.tud_cdc_n_available
                0x10007124       0x18 CMakeFiles/Firmware_v0.1.dir/C_/Users/karim/Desktop/Proyecto_Final/pico-sdk/lib/tinyusb/src/class/cdc/cdc_device.c.obj
                0x10007124                tud_cdc_n_available
 .text.tud_cdc_n_read
                0x1000713c       0x70 CMakeFiles/Firmware_v0.1.dir/C_/Users/karim/Desktop/Proyecto_Final/pico-sdk/lib/tinyusb/src/class/cdc/cdc_device.c.obj
                0x1000713c                tud_cdc_n_read
 .text.tud_cdc_n_write_flush
                0x100071ac       0x78 CMakeFiles/Firmware_v0.1.dir/C_/Users/karim/Desktop/Proyecto_Final/pico-sdk/lib/tinyusb/src/class/cdc/cdc_device.c.obj
                0x100071ac                tud_cdc_n_write_flush
 .text.tud_cdc_n_write
                0x10007224       0x34 CMakeFiles/Firmware_v0.1.dir/C_/Users/karim/Desktop/Proyecto_Final/pico-sdk/lib/tinyusb/src/class/cdc/cdc_device.c.obj
                0x10007224                tud_cdc_n_write
 .text.tud_cdc_n_write_available
                0x10007258       0x18 CMakeFiles/Firmware_v0.1.dir/C_/Users/karim/Desktop/Proyecto_Final/pico-sdk/lib/tinyusb/src/class/cdc/cdc_device.c.obj
                0x10007258                tud_cdc_n_write_available
 .text.cdcd_init
                0x10007270       0x7c CMakeFiles/Firmware_v0.1.dir/C_/Users/karim/Desktop/Proyecto_Final/pico-sdk/lib/tinyusb/src/class/cdc/cdc_device.c.obj
                0x10007270                cdcd_init
 .text.cdcd_reset
                0x100072ec       0x2c CMakeFiles/Firmware_v0.1.dir/C_/Users/karim/Desktop/Proyecto_Final/pico-sdk/lib/tinyusb/src/class/cdc/cdc_device.c.obj
                0x100072ec                cdcd_reset
 .text.cdcd_open
                0x10007318       0xe8 CMakeFiles/Firmware_v0.1.dir/C_/Users/karim/Desktop/Proyecto_Final/pico-sdk/lib/tinyusb/src/class/cdc/cdc_device.c.obj
                0x10007318                cdcd_open
 .text.cdcd_control_xfer_cb
                0x10007400       0xe4 CMakeFiles/Firmware_v0.1.dir/C_/Users/karim/Desktop/Proyecto_Final/pico-sdk/lib/tinyusb/src/class/cdc/cdc_device.c.obj
                0x10007400                cdcd_control_xfer_cb
 .text.cdcd_xfer_cb
                0x100074e4      0x148 CMakeFiles/Firmware_v0.1.dir/C_/Users/karim/Desktop/Proyecto_Final/pico-sdk/lib/tinyusb/src/class/cdc/cdc_device.c.obj
                0x100074e4                cdcd_xfer_cb
 .text.tusb_init
                0x1000762c        0xc CMakeFiles/Firmware_v0.1.dir/C_/Users/karim/Desktop/Proyecto_Final/pico-sdk/lib/tinyusb/src/tusb.c.obj
                0x1000762c                tusb_init
 .text.tusb_inited
                0x10007638        0x8 CMakeFiles/Firmware_v0.1.dir/C_/Users/karim/Desktop/Proyecto_Final/pico-sdk/lib/tinyusb/src/tusb.c.obj
                0x10007638                tusb_inited
 .text.tu_edpt_claim
                0x10007640       0x50 CMakeFiles/Firmware_v0.1.dir/C_/Users/karim/Desktop/Proyecto_Final/pico-sdk/lib/tinyusb/src/tusb.c.obj
                0x10007640                tu_edpt_claim
 .text.tu_edpt_release
                0x10007690       0x38 CMakeFiles/Firmware_v0.1.dir/C_/Users/karim/Desktop/Proyecto_Final/pico-sdk/lib/tinyusb/src/tusb.c.obj
                0x10007690                tu_edpt_release
 .text.tu_edpt_validate
                0x100076c8       0x74 CMakeFiles/Firmware_v0.1.dir/C_/Users/karim/Desktop/Proyecto_Final/pico-sdk/lib/tinyusb/src/tusb.c.obj
                0x100076c8                tu_edpt_validate
 .text.tu_edpt_bind_driver
                0x1000773c       0x34 CMakeFiles/Firmware_v0.1.dir/C_/Users/karim/Desktop/Proyecto_Final/pico-sdk/lib/tinyusb/src/tusb.c.obj
                0x1000773c                tu_edpt_bind_driver
 .text.tu_fifo_config
                0x10007770       0x70 CMakeFiles/Firmware_v0.1.dir/C_/Users/karim/Desktop/Proyecto_Final/pico-sdk/lib/tinyusb/src/common/tusb_fifo.c.obj
                0x10007770                tu_fifo_config
 .text.tu_fifo_count
                0x100077e0       0x2c CMakeFiles/Firmware_v0.1.dir/C_/Users/karim/Desktop/Proyecto_Final/pico-sdk/lib/tinyusb/src/common/tusb_fifo.c.obj
                0x100077e0                tu_fifo_count
 .text.tu_fifo_empty
                0x1000780c       0x10 CMakeFiles/Firmware_v0.1.dir/C_/Users/karim/Desktop/Proyecto_Final/pico-sdk/lib/tinyusb/src/common/tusb_fifo.c.obj
                0x1000780c                tu_fifo_empty
 .text.tu_fifo_remaining
                0x1000781c       0x2c CMakeFiles/Firmware_v0.1.dir/C_/Users/karim/Desktop/Proyecto_Final/pico-sdk/lib/tinyusb/src/common/tusb_fifo.c.obj
                0x1000781c                tu_fifo_remaining
 .text.tu_fifo_read
                0x10007848       0xa0 CMakeFiles/Firmware_v0.1.dir/C_/Users/karim/Desktop/Proyecto_Final/pico-sdk/lib/tinyusb/src/common/tusb_fifo.c.obj
                0x10007848                tu_fifo_read
 .text.tu_fifo_read_n
                0x100078e8       0xe8 CMakeFiles/Firmware_v0.1.dir/C_/Users/karim/Desktop/Proyecto_Final/pico-sdk/lib/tinyusb/src/common/tusb_fifo.c.obj
                0x100078e8                tu_fifo_read_n
 .text.tu_fifo_write
                0x100079d0       0x88 CMakeFiles/Firmware_v0.1.dir/C_/Users/karim/Desktop/Proyecto_Final/pico-sdk/lib/tinyusb/src/common/tusb_fifo.c.obj
                0x100079d0                tu_fifo_write
 .text.tu_fifo_write_n
                0x10007a58      0x160 CMakeFiles/Firmware_v0.1.dir/C_/Users/karim/Desktop/Proyecto_Final/pico-sdk/lib/tinyusb/src/common/tusb_fifo.c.obj
                0x10007a58                tu_fifo_write_n
 .text.tu_fifo_clear
                0x10007bb8       0x40 CMakeFiles/Firmware_v0.1.dir/C_/Users/karim/Desktop/Proyecto_Final/pico-sdk/lib/tinyusb/src/common/tusb_fifo.c.obj
                0x10007bb8                tu_fifo_clear
 .text.tu_fifo_set_overwritable
                0x10007bf8       0x48 CMakeFiles/Firmware_v0.1.dir/C_/Users/karim/Desktop/Proyecto_Final/pico-sdk/lib/tinyusb/src/common/tusb_fifo.c.obj
                0x10007bf8                tu_fifo_set_overwritable
 .text.pio_sm_unclaim
                0x10007c40       0x20 CMakeFiles/Firmware_v0.1.dir/C_/Users/karim/Desktop/Proyecto_Final/pico-sdk/src/rp2_common/hardware_pio/pio.c.obj
                0x10007c40                pio_sm_unclaim
 .text.pio_claim_unused_sm
                0x10007c60       0x3c CMakeFiles/Firmware_v0.1.dir/C_/Users/karim/Desktop/Proyecto_Final/pico-sdk/src/rp2_common/hardware_pio/pio.c.obj
                0x10007c60                pio_claim_unused_sm
 .text.pio_add_program
                0x10007c9c       0xcc CMakeFiles/Firmware_v0.1.dir/C_/Users/karim/Desktop/Proyecto_Final/pico-sdk/src/rp2_common/hardware_pio/pio.c.obj
                0x10007c9c                pio_add_program
 .text.pio_sm_set_consecutive_pindirs
                0x10007d68       0xb0 CMakeFiles/Firmware_v0.1.dir/C_/Users/karim/Desktop/Proyecto_Final/pico-sdk/src/rp2_common/hardware_pio/pio.c.obj
                0x10007d68                pio_sm_set_consecutive_pindirs
 .text.pio_sm_init
                0x10007e18       0x98 CMakeFiles/Firmware_v0.1.dir/C_/Users/karim/Desktop/Proyecto_Final/pico-sdk/src/rp2_common/hardware_pio/pio.c.obj
                0x10007e18                pio_sm_init
 .text.dma_channel_unclaim
                0x10007eb0       0x14 CMakeFiles/Firmware_v0.1.dir/C_/Users/karim/Desktop/Proyecto_Final/pico-sdk/src/rp2_common/hardware_dma/dma.c.obj
                0x10007eb0                dma_channel_unclaim
 .text.dma_claim_unused_channel
                0x10007ec4       0x24 CMakeFiles/Firmware_v0.1.dir/C_/Users/karim/Desktop/Proyecto_Final/pico-sdk/src/rp2_common/hardware_dma/dma.c.obj
                0x10007ec4                dma_claim_unused_channel
 .text.spi_init
                0x10007ee8      0x138 CMakeFiles/Firmware_v0.1.dir/C_/Users/karim/Desktop/Proyecto_Final/pico-sdk/src/rp2_common/hardware_spi/spi.c.obj
                0x10007ee8                spi_init
 .text          0x10008020       0x88 c:/progra~2/armgnu~1/112202~1.02/bin/../lib/gcc/arm-none-eabi/11.2.1/thumb/v6-m/nofp\libc.a(lib_a-strcmp.o)
                0x10008020                strcmp
 .text.strlen   0x100080a8       0x5c c:/progra~2/armgnu~1/112202~1.02/bin/../lib/gcc/arm-none-eabi/11.2.1/thumb/v6-m/nofp\libc.a(lib_a-strlen-stub.o)
                0x100080a8                strlen
 *(.fini)
 .fini          0x10008104        0x4 c:/progra~2/armgnu~1/112202~1.02/bin/../lib/gcc/arm-none-eabi/11.2.1/thumb/v6-m/nofp/crti.o
                0x10008104                _fini
 .fini.__stub   0x10008108       0xe0 linker stubs
 *crtbegin.o(.ctors)
 *crtbegin?.o(.ctors)
 *(EXCLUDE_FILE(*crtend.o *crtend?.o) .ctors)
 *(SORT_BY_NAME(.ctors.*))
 *(.ctors)
 *crtbegin.o(.dtors)
 *crtbegin?.o(.dtors)
 *(EXCLUDE_FILE(*crtend.o *crtend?.o) .dtors)
 *(SORT_BY_NAME(.dtors.*))
 *(.dtors)
 *(.eh_frame*)
 .eh_frame      0x100081e8        0x0 c:/progra~2/armgnu~1/112202~1.02/bin/../lib/gcc/arm-none-eabi/11.2.1/thumb/v6-m/nofp/crtbegin.o
                0x100081e8                . = ALIGN (0x4)

.glue_7         0x100081e8        0x0
 .glue_7        0x100081e8        0x0 linker stubs

.glue_7t        0x100081e8        0x0
 .glue_7t       0x100081e8        0x0 linker stubs

.vfp11_veneer   0x100081e8        0x0
 .vfp11_veneer  0x100081e8        0x0 linker stubs

.v4_bx          0x100081e8        0x0
 .v4_bx         0x100081e8        0x0 linker stubs

.iplt           0x100081e8        0x0
 .iplt          0x100081e8        0x0 c:/progra~2/armgnu~1/112202~1.02/bin/../lib/gcc/arm-none-eabi/11.2.1/thumb/v6-m/nofp/crtbegin.o

.rodata         0x100081e8      0x6ec
 *(EXCLUDE_FILE(*libm.a: *libc.a:*lib_a-mem*.o *libgcc.a:) .rodata*)
 .rodata.main.str1.4
                0x100081e8       0xea CMakeFiles/Firmware_v0.1.dir/main.c.obj
                                 0xf0 (size before relaxing)
 *fill*         0x100082d2        0x2 
 .rodata.samplingFrequenciesLUT
                0x100082d4       0x44 CMakeFiles/Firmware_v0.1.dir/main.c.obj
                0x100082d4                samplingFrequenciesLUT
 .rodata.triggered_digital_program
                0x10008318        0x6 CMakeFiles/Firmware_v0.1.dir/main.c.obj
 *fill*         0x1000831e        0x2 
 .rodata.triggered_digital_program_instructions
                0x10008320        0x8 CMakeFiles/Firmware_v0.1.dir/main.c.obj
 .rodata.untriggered_digital_program
                0x10008328        0x6 CMakeFiles/Firmware_v0.1.dir/main.c.obj
 *fill*         0x1000832e        0x2 
 .rodata.untriggered_digital_program_instructions
                0x10008330        0x2 CMakeFiles/Firmware_v0.1.dir/main.c.obj
 *fill*         0x10008332        0x2 
 .rodata.getSettingsFromInput.str1.4
                0x10008334       0x13 CMakeFiles/Firmware_v0.1.dir/configuration.c.obj
 *fill*         0x10008347        0x1 
 .rodata.getInputString.str1.4
                0x10008348       0x56 CMakeFiles/Firmware_v0.1.dir/communication.c.obj
                                 0x62 (size before relaxing)
 .rodata.resetBasicSamplingHardware.str1.4
                0x1000839e       0x32 CMakeFiles/Firmware_v0.1.dir/sampling.c.obj
 *fill*         0x1000839e        0x2 
 .rodata.spin_lock_claim_unused.str1.4
                0x100083a0       0x1b CMakeFiles/Firmware_v0.1.dir/C_/Users/karim/Desktop/Proyecto_Final/pico-sdk/src/rp2_common/hardware_sync/sync.c.obj
 *fill*         0x100083bb        0x1 
 .rodata.user_irq_claim_unused.str1.4
                0x100083bc       0x1b CMakeFiles/Firmware_v0.1.dir/C_/Users/karim/Desktop/Proyecto_Final/pico-sdk/src/rp2_common/hardware_irq/irq.c.obj
 *fill*         0x100083d7        0x1 
 .rodata.hardware_alarm_claim.str1.4
                0x100083d8       0x22 CMakeFiles/Firmware_v0.1.dir/C_/Users/karim/Desktop/Proyecto_Final/pico-sdk/src/rp2_common/hardware_timer/timer.c.obj
 *fill*         0x100083fa        0x2 
 .rodata.panic.str1.4
                0x100083fc       0x10 CMakeFiles/Firmware_v0.1.dir/C_/Users/karim/Desktop/Proyecto_Final/pico-sdk/src/rp2_common/pico_runtime/runtime.c.obj
                                 0x12 (size before relaxing)
 .rodata.hard_assertion_failure.str1.4
                0x1000840c        0xc CMakeFiles/Firmware_v0.1.dir/C_/Users/karim/Desktop/Proyecto_Final/pico-sdk/src/rp2_common/pico_runtime/runtime.c.obj
 .rodata._ftoa.str1.4
                0x10008418       0x15 CMakeFiles/Firmware_v0.1.dir/C_/Users/karim/Desktop/Proyecto_Final/pico-sdk/src/rp2_common/pico_printf/printf.c.obj
 *fill*         0x1000842d        0x3 
 .rodata._vsnprintf
                0x10008430      0x19c CMakeFiles/Firmware_v0.1.dir/C_/Users/karim/Desktop/Proyecto_Final/pico-sdk/src/rp2_common/pico_printf/printf.c.obj
 *fill*         0x100085cc        0x4 
 .rodata.pow10.0
                0x100085d0       0x50 CMakeFiles/Firmware_v0.1.dir/C_/Users/karim/Desktop/Proyecto_Final/pico-sdk/src/rp2_common/pico_printf/printf.c.obj
 .rodata.str1.4
                0x10008620       0x44 CMakeFiles/Firmware_v0.1.dir/C_/Users/karim/Desktop/Proyecto_Final/pico-sdk/src/rp2_common/pico_standard_link/binary_info.c.obj
 .rodata.__bi_44
                0x10008664        0xc CMakeFiles/Firmware_v0.1.dir/C_/Users/karim/Desktop/Proyecto_Final/pico-sdk/src/rp2_common/pico_standard_link/binary_info.c.obj
 .rodata.__bi_75
                0x10008670        0xc CMakeFiles/Firmware_v0.1.dir/C_/Users/karim/Desktop/Proyecto_Final/pico-sdk/src/rp2_common/pico_standard_link/binary_info.c.obj
 .rodata.__bi_81
                0x1000867c        0xc CMakeFiles/Firmware_v0.1.dir/C_/Users/karim/Desktop/Proyecto_Final/pico-sdk/src/rp2_common/pico_standard_link/binary_info.c.obj
 .rodata.crlf_str.0
                0x10008688        0x2 CMakeFiles/Firmware_v0.1.dir/C_/Users/karim/Desktop/Proyecto_Final/pico-sdk/src/rp2_common/pico_stdio/stdio.c.obj
 *fill*         0x1000868a        0x2 
 .rodata._resetd_driver
                0x1000868c       0x18 CMakeFiles/Firmware_v0.1.dir/C_/Users/karim/Desktop/Proyecto_Final/pico-sdk/src/rp2_common/pico_stdio_usb/reset_interface.c.obj
 .rodata.str1.4
                0x100086a4       0x13 CMakeFiles/Firmware_v0.1.dir/C_/Users/karim/Desktop/Proyecto_Final/pico-sdk/src/rp2_common/pico_stdio_usb/stdio_usb.c.obj
 *fill*         0x100086b7        0x1 
 .rodata.__bi_182.0
                0x100086b8        0xc CMakeFiles/Firmware_v0.1.dir/C_/Users/karim/Desktop/Proyecto_Final/pico-sdk/src/rp2_common/pico_stdio_usb/stdio_usb.c.obj
 .rodata.str1.4
                0x100086c4       0x2a CMakeFiles/Firmware_v0.1.dir/C_/Users/karim/Desktop/Proyecto_Final/pico-sdk/src/rp2_common/pico_stdio_usb/stdio_usb_descriptors.c.obj
 *fill*         0x100086ee        0x2 
 .rodata.usbd_desc_cfg
                0x100086f0       0x54 CMakeFiles/Firmware_v0.1.dir/C_/Users/karim/Desktop/Proyecto_Final/pico-sdk/src/rp2_common/pico_stdio_usb/stdio_usb_descriptors.c.obj
 .rodata.usbd_desc_device
                0x10008744       0x12 CMakeFiles/Firmware_v0.1.dir/C_/Users/karim/Desktop/Proyecto_Final/pico-sdk/src/rp2_common/pico_stdio_usb/stdio_usb_descriptors.c.obj
 *fill*         0x10008756        0x2 
 .rodata.usbd_desc_str
                0x10008758       0x18 CMakeFiles/Firmware_v0.1.dir/C_/Users/karim/Desktop/Proyecto_Final/pico-sdk/src/rp2_common/pico_stdio_usb/stdio_usb_descriptors.c.obj
 .rodata.str1.4
                0x10008770       0x14 CMakeFiles/Firmware_v0.1.dir/C_/Users/karim/Desktop/Proyecto_Final/pico-sdk/lib/tinyusb/src/portable/raspberrypi/rp2040/dcd_rp2040.c.obj
 .rodata.str1.4
                0x10008784       0x53 CMakeFiles/Firmware_v0.1.dir/C_/Users/karim/Desktop/Proyecto_Final/pico-sdk/lib/tinyusb/src/portable/raspberrypi/rp2040/rp2040_usb.c.obj
 *fill*         0x100087d7        0x1 
 .rodata.tud_task_ext
                0x100087d8       0x8c CMakeFiles/Firmware_v0.1.dir/C_/Users/karim/Desktop/Proyecto_Final/pico-sdk/lib/tinyusb/src/device/usbd.c.obj
 .rodata._usbd_driver
                0x10008864       0x18 CMakeFiles/Firmware_v0.1.dir/C_/Users/karim/Desktop/Proyecto_Final/pico-sdk/lib/tinyusb/src/device/usbd.c.obj
 .rodata.pio_claim_unused_sm.str1.4
                0x1000887c       0x24 CMakeFiles/Firmware_v0.1.dir/C_/Users/karim/Desktop/Proyecto_Final/pico-sdk/src/rp2_common/hardware_pio/pio.c.obj
 .rodata.pio_add_program.str1.4
                0x100088a0       0x11 CMakeFiles/Firmware_v0.1.dir/C_/Users/karim/Desktop/Proyecto_Final/pico-sdk/src/rp2_common/hardware_pio/pio.c.obj
 *fill*         0x100088b1        0x3 
 .rodata.dma_claim_unused_channel.str1.4
                0x100088b4       0x1e CMakeFiles/Firmware_v0.1.dir/C_/Users/karim/Desktop/Proyecto_Final/pico-sdk/src/rp2_common/hardware_dma/dma.c.obj
                0x100088d4                . = ALIGN (0x4)
 *fill*         0x100088d2        0x2 
 *(SORT_BY_ALIGNMENT(SORT_BY_NAME(.flashdata*)))
                0x100088d4                . = ALIGN (0x4)

.ARM.extab
 *(.ARM.extab* .gnu.linkonce.armextab.*)
                0x100088d4                __exidx_start = .

.ARM.exidx
 *(.ARM.exidx* .gnu.linkonce.armexidx.*)
                0x100088d4                __exidx_end = .
                0x100088d4                . = ALIGN (0x4)
                0x100088d4                __binary_info_start = .

.binary_info    0x100088d4       0x20
 *(.binary_info.keep.*)
 .binary_info.keep.__bi_ptr22
                0x100088d4        0x4 CMakeFiles/Firmware_v0.1.dir/C_/Users/karim/Desktop/Proyecto_Final/pico-sdk/src/rp2_common/pico_standard_link/binary_info.c.obj
 .binary_info.keep.__bi_ptr30
                0x100088d8        0x4 CMakeFiles/Firmware_v0.1.dir/C_/Users/karim/Desktop/Proyecto_Final/pico-sdk/src/rp2_common/pico_standard_link/binary_info.c.obj
 .binary_info.keep.__bi_ptr38
                0x100088dc        0x4 CMakeFiles/Firmware_v0.1.dir/C_/Users/karim/Desktop/Proyecto_Final/pico-sdk/src/rp2_common/pico_standard_link/binary_info.c.obj
 .binary_info.keep.__bi_ptr44
                0x100088e0        0x4 CMakeFiles/Firmware_v0.1.dir/C_/Users/karim/Desktop/Proyecto_Final/pico-sdk/src/rp2_common/pico_standard_link/binary_info.c.obj
 .binary_info.keep.__bi_ptr50
                0x100088e4        0x4 CMakeFiles/Firmware_v0.1.dir/C_/Users/karim/Desktop/Proyecto_Final/pico-sdk/src/rp2_common/pico_standard_link/binary_info.c.obj
 .binary_info.keep.__bi_ptr75
                0x100088e8        0x4 CMakeFiles/Firmware_v0.1.dir/C_/Users/karim/Desktop/Proyecto_Final/pico-sdk/src/rp2_common/pico_standard_link/binary_info.c.obj
 .binary_info.keep.__bi_ptr81
                0x100088ec        0x4 CMakeFiles/Firmware_v0.1.dir/C_/Users/karim/Desktop/Proyecto_Final/pico-sdk/src/rp2_common/pico_standard_link/binary_info.c.obj
 *(.binary_info.*)
 .binary_info.__bi_ptr182
                0x100088f0        0x4 CMakeFiles/Firmware_v0.1.dir/C_/Users/karim/Desktop/Proyecto_Final/pico-sdk/src/rp2_common/pico_stdio_usb/stdio_usb.c.obj
                0x100088f4                __binary_info_end = .

.rel.dyn        0x100088f4        0x0
 .rel.iplt      0x100088f4        0x0 c:/progra~2/armgnu~1/112202~1.02/bin/../lib/gcc/arm-none-eabi/11.2.1/thumb/v6-m/nofp/crtbegin.o
                0x100088f4                . = ALIGN (0x4)

.ram_vector_table
                0x20000000       0xc0
 *(.ram_vector_table)
 .ram_vector_table
                0x20000000       0xc0 CMakeFiles/Firmware_v0.1.dir/C_/Users/karim/Desktop/Proyecto_Final/pico-sdk/src/rp2_common/pico_runtime/runtime.c.obj
                0x20000000                ram_vector_table

.data           0x200000c0      0xe60 load address 0x100088f4
                0x200000c0                __data_start__ = .
 *(vtable)
 *(.time_critical*)
 .time_critical.mutex_try_enter
                0x200000c0       0x44 CMakeFiles/Firmware_v0.1.dir/C_/Users/karim/Desktop/Proyecto_Final/pico-sdk/src/common/pico_sync/mutex.c.obj
                0x200000c0                mutex_try_enter
 .time_critical.mutex_try_enter_block_until
                0x20000104       0x9c CMakeFiles/Firmware_v0.1.dir/C_/Users/karim/Desktop/Proyecto_Final/pico-sdk/src/common/pico_sync/mutex.c.obj
                0x20000104                mutex_try_enter_block_until
 .time_critical.mutex_enter_timeout_ms
                0x200001a0       0x90 CMakeFiles/Firmware_v0.1.dir/C_/Users/karim/Desktop/Proyecto_Final/pico-sdk/src/common/pico_sync/mutex.c.obj
                0x200001a0                mutex_enter_timeout_ms
 .time_critical.mutex_exit
                0x20000230       0x28 CMakeFiles/Firmware_v0.1.dir/C_/Users/karim/Desktop/Proyecto_Final/pico-sdk/src/common/pico_sync/mutex.c.obj
                0x20000230                mutex_exit
 .time_critical.flash_init_boot2_copyout
                0x20000258       0x30 CMakeFiles/Firmware_v0.1.dir/C_/Users/karim/Desktop/Proyecto_Final/pico-sdk/src/rp2_common/hardware_flash/flash.c.obj
 .time_critical.flash_enable_xip_via_boot2
                0x20000288       0x10 CMakeFiles/Firmware_v0.1.dir/C_/Users/karim/Desktop/Proyecto_Final/pico-sdk/src/rp2_common/hardware_flash/flash.c.obj
 .time_critical.flash_cs_force
                0x20000298       0x38 CMakeFiles/Firmware_v0.1.dir/C_/Users/karim/Desktop/Proyecto_Final/pico-sdk/src/rp2_common/hardware_flash/flash.c.obj
 .time_critical.flash_do_cmd
                0x200002d0       0xc4 CMakeFiles/Firmware_v0.1.dir/C_/Users/karim/Desktop/Proyecto_Final/pico-sdk/src/rp2_common/hardware_flash/flash.c.obj
                0x200002d0                flash_do_cmd
 .time_critical.reset_non_control_endpoints
                0x20000394       0x68 CMakeFiles/Firmware_v0.1.dir/C_/Users/karim/Desktop/Proyecto_Final/pico-sdk/lib/tinyusb/src/portable/raspberrypi/rp2040/dcd_rp2040.c.obj
 .time_critical.hw_handle_buff_status
                0x200003fc       0xa8 CMakeFiles/Firmware_v0.1.dir/C_/Users/karim/Desktop/Proyecto_Final/pico-sdk/lib/tinyusb/src/portable/raspberrypi/rp2040/dcd_rp2040.c.obj
 .time_critical.dcd_rp2040_irq
                0x200004a4      0x4f4 CMakeFiles/Firmware_v0.1.dir/C_/Users/karim/Desktop/Proyecto_Final/pico-sdk/lib/tinyusb/src/portable/raspberrypi/rp2040/dcd_rp2040.c.obj
 .time_critical.e15_is_bulkin_ep
                0x20000998       0x28 CMakeFiles/Firmware_v0.1.dir/C_/Users/karim/Desktop/Proyecto_Final/pico-sdk/lib/tinyusb/src/portable/raspberrypi/rp2040/rp2040_usb.c.obj
 .time_critical.e15_is_critical_frame_period
                0x200009c0       0x34 CMakeFiles/Firmware_v0.1.dir/C_/Users/karim/Desktop/Proyecto_Final/pico-sdk/lib/tinyusb/src/portable/raspberrypi/rp2040/rp2040_usb.c.obj
 .time_critical.prepare_ep_buffer
                0x200009f4       0x6c CMakeFiles/Firmware_v0.1.dir/C_/Users/karim/Desktop/Proyecto_Final/pico-sdk/lib/tinyusb/src/portable/raspberrypi/rp2040/rp2040_usb.c.obj
 .time_critical.sync_ep_buffer
                0x20000a60       0x48 CMakeFiles/Firmware_v0.1.dir/C_/Users/karim/Desktop/Proyecto_Final/pico-sdk/lib/tinyusb/src/portable/raspberrypi/rp2040/rp2040_usb.c.obj
 .time_critical._hw_endpoint_xfer_sync
                0x20000aa8       0x28 CMakeFiles/Firmware_v0.1.dir/C_/Users/karim/Desktop/Proyecto_Final/pico-sdk/lib/tinyusb/src/portable/raspberrypi/rp2040/rp2040_usb.c.obj
 .time_critical.hw_endpoint_reset_transfer
                0x20000ad0        0xc CMakeFiles/Firmware_v0.1.dir/C_/Users/karim/Desktop/Proyecto_Final/pico-sdk/lib/tinyusb/src/portable/raspberrypi/rp2040/rp2040_usb.c.obj
                0x20000ad0                hw_endpoint_reset_transfer
 .time_critical._hw_endpoint_buffer_control_update32
                0x20000adc       0x58 CMakeFiles/Firmware_v0.1.dir/C_/Users/karim/Desktop/Proyecto_Final/pico-sdk/lib/tinyusb/src/portable/raspberrypi/rp2040/rp2040_usb.c.obj
                0x20000adc                _hw_endpoint_buffer_control_update32
 .time_critical.hw_endpoint_start_next_buffer
                0x20000b34       0x6c CMakeFiles/Firmware_v0.1.dir/C_/Users/karim/Desktop/Proyecto_Final/pico-sdk/lib/tinyusb/src/portable/raspberrypi/rp2040/rp2040_usb.c.obj
                0x20000b34                hw_endpoint_start_next_buffer
 .time_critical.hw_endpoint_xfer_continue
                0x20000ba0       0x50 CMakeFiles/Firmware_v0.1.dir/C_/Users/karim/Desktop/Proyecto_Final/pico-sdk/lib/tinyusb/src/portable/raspberrypi/rp2040/rp2040_usb.c.obj
                0x20000ba0                hw_endpoint_xfer_continue
 .time_critical.tinyusb
                0x20000bf0      0x16c CMakeFiles/Firmware_v0.1.dir/C_/Users/karim/Desktop/Proyecto_Final/pico-sdk/lib/tinyusb/src/device/usbd.c.obj
                0x20000bf0                dcd_event_handler
 .time_critical.spi_write_blocking
                0x20000d5c       0x4c CMakeFiles/Firmware_v0.1.dir/C_/Users/karim/Desktop/Proyecto_Final/pico-sdk/src/rp2_common/hardware_spi/spi.c.obj
                0x20000d5c                spi_write_blocking
 *(.text*)
 .text          0x20000da8        0x4 c:/progra~2/armgnu~1/112202~1.02/bin/../lib/gcc/arm-none-eabi/11.2.1/thumb/v6-m/nofp\libgcc.a(_dvmd_tls.o)
                0x20000da8                __aeabi_idiv0
                0x20000da8                __aeabi_ldiv0
 *fill*         0x20000dac        0x4 
 .text.__stub   0x20000db0       0x70 linker stubs
                0x20000e20                . = ALIGN (0x4)
 *(.rodata*)
                0x20000e20                . = ALIGN (0x4)
 *(.data*)
 .data.striped_spin_lock_num
                0x20000e20        0x1 CMakeFiles/Firmware_v0.1.dir/C_/Users/karim/Desktop/Proyecto_Final/pico-sdk/src/rp2_common/hardware_sync/sync.c.obj
 *fill*         0x20000e21        0x3 
 .data          0x20000e24       0x48 CMakeFiles/Firmware_v0.1.dir/C_/Users/karim/Desktop/Proyecto_Final/pico-sdk/src/rp2_common/hardware_irq/irq_handler_chain.S.obj
                0x20000e24                irq_handler_chain_slots
                0x20000e54                irq_handler_chain_first_slot
                0x20000e5e                irq_handler_chain_remove_tail
 .data.default_alarm_pool
                0x20000e6c       0x18 CMakeFiles/Firmware_v0.1.dir/C_/Users/karim/Desktop/Proyecto_Final/pico-sdk/src/common/pico_time/time.c.obj
 .data.default_alarm_pool_heap
                0x20000e84       0x10 CMakeFiles/Firmware_v0.1.dir/C_/Users/karim/Desktop/Proyecto_Final/pico-sdk/src/common/pico_time/time.c.obj
 *fill*         0x20000e94        0xc 
 .data.aeabi_bits_funcs
                0x20000ea0       0x10 CMakeFiles/Firmware_v0.1.dir/C_/Users/karim/Desktop/Proyecto_Final/pico-sdk/src/rp2_common/pico_bit_ops/bit_ops_aeabi.S.obj
                0x20000ea0                aeabi_bits_funcs
                0x20000eb0                aeabi_bits_funcs_end
 .data.aeabi_mem_funcs
                0x20000eb0       0x10 CMakeFiles/Firmware_v0.1.dir/C_/Users/karim/Desktop/Proyecto_Final/pico-sdk/src/rp2_common/pico_mem_ops/mem_ops_aeabi.S.obj
                0x20000eb0                aeabi_mem_funcs
                0x20000ec0                aeabi_mem_funcs_end
 .data.stdio_usb
                0x20000ec0       0x18 CMakeFiles/Firmware_v0.1.dir/C_/Users/karim/Desktop/Proyecto_Final/pico-sdk/src/rp2_common/pico_stdio_usb/stdio_usb.c.obj
                0x20000ec0                stdio_usb
 .data.ep_dir_string
                0x20000ed8        0x8 CMakeFiles/Firmware_v0.1.dir/C_/Users/karim/Desktop/Proyecto_Final/pico-sdk/lib/tinyusb/src/portable/raspberrypi/rp2040/rp2040_usb.c.obj
                0x20000ed8                ep_dir_string
 .data._usbd_qdef
                0x20000ee0       0x1c CMakeFiles/Firmware_v0.1.dir/C_/Users/karim/Desktop/Proyecto_Final/pico-sdk/lib/tinyusb/src/device/usbd.c.obj
                0x20000ee0                _usbd_qdef
 .data._usbd_rhport
                0x20000efc        0x1 CMakeFiles/Firmware_v0.1.dir/C_/Users/karim/Desktop/Proyecto_Final/pico-sdk/lib/tinyusb/src/device/usbd.c.obj
                0x20000f00                . = ALIGN (0x4)
 *fill*         0x20000efd        0x3 
 *(.after_data.*)
                0x20000f00                . = ALIGN (0x4)
                0x20000f00                PROVIDE (__mutex_array_start = .)
 *(SORT_BY_NAME(.mutex_array.*))
 *(.mutex_array)
 .mutex_array   0x20000f00        0x8 CMakeFiles/Firmware_v0.1.dir/C_/Users/karim/Desktop/Proyecto_Final/pico-sdk/src/rp2_common/pico_stdio/stdio.c.obj
                0x20000f08                PROVIDE (__mutex_array_end = .)
                0x20000f08                . = ALIGN (0x4)
                0x20000f08                PROVIDE (__preinit_array_start = .)
 *(SORT_BY_NAME(.preinit_array.*))
 .preinit_array.00001
                0x20000f08        0x4 CMakeFiles/Firmware_v0.1.dir/C_/Users/karim/Desktop/Proyecto_Final/pico-sdk/src/rp2_common/pico_mem_ops/mem_ops_aeabi.S.obj
 .preinit_array.00010
                0x20000f0c        0x4 CMakeFiles/Firmware_v0.1.dir/C_/Users/karim/Desktop/Proyecto_Final/pico-sdk/src/rp2_common/pico_bit_ops/bit_ops_aeabi.S.obj
 .preinit_array.00020
                0x20000f10        0x4 CMakeFiles/Firmware_v0.1.dir/C_/Users/karim/Desktop/Proyecto_Final/pico-sdk/src/rp2_common/pico_double/double_aeabi.S.obj
 .preinit_array.00020
                0x20000f14        0x4 CMakeFiles/Firmware_v0.1.dir/C_/Users/karim/Desktop/Proyecto_Final/pico-sdk/src/rp2_common/pico_float/float_aeabi.S.obj
 *(.preinit_array)
                0x20000f18                PROVIDE (__preinit_array_end = .)
                0x20000f18                . = ALIGN (0x4)
                0x20000f18                PROVIDE (__init_array_start = .)
 *(SORT_BY_NAME(.init_array.*))
 *(.init_array)
 .init_array    0x20000f18        0x4 c:/progra~2/armgnu~1/112202~1.02/bin/../lib/gcc/arm-none-eabi/11.2.1/thumb/v6-m/nofp/crtbegin.o
 .init_array    0x20000f1c        0x4 CMakeFiles/Firmware_v0.1.dir/C_/Users/karim/Desktop/Proyecto_Final/pico-sdk/src/rp2_common/pico_unique_id/unique_id.c.obj
                0x20000f20                PROVIDE (__init_array_end = .)
                0x20000f20                . = ALIGN (0x4)
                [!provide]                PROVIDE (__fini_array_start = .)
 *(SORT_BY_NAME(.fini_array.*))
 *(.fini_array)
                [!provide]                PROVIDE (__fini_array_end = .)
 *(.jcr)
                0x20000f20                . = ALIGN (0x4)
                0x20000f20                __data_end__ = .
                0x100088f4                __etext = LOADADDR (.data)

.tm_clone_table
                0x20000f20        0x0 load address 0x10009754
 .tm_clone_table
                0x20000f20        0x0 c:/progra~2/armgnu~1/112202~1.02/bin/../lib/gcc/arm-none-eabi/11.2.1/thumb/v6-m/nofp/crtbegin.o
 .tm_clone_table
                0x20000f20        0x0 c:/progra~2/armgnu~1/112202~1.02/bin/../lib/gcc/arm-none-eabi/11.2.1/thumb/v6-m/nofp/crtend.o

.igot.plt       0x20000f20        0x0 load address 0x10009754
 .igot.plt      0x20000f20        0x0 c:/progra~2/armgnu~1/112202~1.02/bin/../lib/gcc/arm-none-eabi/11.2.1/thumb/v6-m/nofp/crtbegin.o

.uninitialized_data
                0x20000f20        0x0 load address 0x10009754
                0x20000f20                . = ALIGN (0x4)
 *(.uninitialized_data*)

.scratch_x      0x20040000        0x0 load address 0x10009754
                0x20040000                __scratch_x_start__ = .
 *(.scratch_x.*)
                0x20040000                . = ALIGN (0x4)
                0x20040000                __scratch_x_end__ = .
                0x10009754                __scratch_x_source__ = LOADADDR (.scratch_x)

.scratch_y      0x20041000        0x0 load address 0x10009754
                0x20041000                __scratch_y_start__ = .
 *(.scratch_y.*)
                0x20041000                . = ALIGN (0x4)
                0x20041000                __scratch_y_end__ = .
                0x10009754                __scratch_y_source__ = LOADADDR (.scratch_y)

.bss            0x20000f20      0xd94
                0x20000f20                . = ALIGN (0x4)
                0x20000f20                __bss_start__ = .
 *(SORT_BY_ALIGNMENT(SORT_BY_NAME(.bss*)))
 .bss.default_alarm_pool_entries
                0x20000f20      0x100 CMakeFiles/Firmware_v0.1.dir/C_/Users/karim/Desktop/Proyecto_Final/pico-sdk/src/common/pico_time/time.c.obj
 .bss.last_avail_time.1
                0x20001020        0x8 CMakeFiles/Firmware_v0.1.dir/C_/Users/karim/Desktop/Proyecto_Final/pico-sdk/src/rp2_common/pico_stdio_usb/stdio_usb.c.obj
 .bss.sd_table  0x20001028      0x100 CMakeFiles/Firmware_v0.1.dir/C_/Users/karim/Desktop/Proyecto_Final/pico-sdk/src/rp2_common/pico_double/double_init_rom.c.obj
                0x20001028                sd_table
 .bss.sf_table  0x20001128      0x100 CMakeFiles/Firmware_v0.1.dir/C_/Users/karim/Desktop/Proyecto_Final/pico-sdk/src/rp2_common/pico_float/float_init_rom.c.obj
                0x20001128                sf_table
 .bss._app_driver
                0x20001228        0x4 CMakeFiles/Firmware_v0.1.dir/C_/Users/karim/Desktop/Proyecto_Final/pico-sdk/lib/tinyusb/src/device/usbd.c.obj
 .bss._cdcd_itf
                0x2000122c      0x2c8 CMakeFiles/Firmware_v0.1.dir/C_/Users/karim/Desktop/Proyecto_Final/pico-sdk/lib/tinyusb/src/class/cdc/cdc_device.c.obj
 .bss._ctrl_xfer
                0x200014f4       0x14 CMakeFiles/Firmware_v0.1.dir/C_/Users/karim/Desktop/Proyecto_Final/pico-sdk/lib/tinyusb/src/device/usbd_control.c.obj
 .bss._ubsd_mutexdef
                0x20001508        0x8 CMakeFiles/Firmware_v0.1.dir/C_/Users/karim/Desktop/Proyecto_Final/pico-sdk/lib/tinyusb/src/device/usbd.c.obj
 .bss._usbd_ctrl_buf
                0x20001510       0x40 CMakeFiles/Firmware_v0.1.dir/C_/Users/karim/Desktop/Proyecto_Final/pico-sdk/lib/tinyusb/src/device/usbd_control.c.obj
 .bss._usbd_dev
                0x20001550       0x53 CMakeFiles/Firmware_v0.1.dir/C_/Users/karim/Desktop/Proyecto_Final/pico-sdk/lib/tinyusb/src/device/usbd.c.obj
 *fill*         0x200015a3        0x1 
 .bss._usbd_mutex
                0x200015a4        0x4 CMakeFiles/Firmware_v0.1.dir/C_/Users/karim/Desktop/Proyecto_Final/pico-sdk/lib/tinyusb/src/device/usbd.c.obj
 .bss._usbd_q   0x200015a8        0x4 CMakeFiles/Firmware_v0.1.dir/C_/Users/karim/Desktop/Proyecto_Final/pico-sdk/lib/tinyusb/src/device/usbd.c.obj
 .bss._usbd_qdef_buf
                0x200015ac       0xc0 CMakeFiles/Firmware_v0.1.dir/C_/Users/karim/Desktop/Proyecto_Final/pico-sdk/lib/tinyusb/src/device/usbd.c.obj
                0x200015ac                _usbd_qdef_buf
 .bss._used_instruction_space
                0x2000166c        0x8 CMakeFiles/Firmware_v0.1.dir/C_/Users/karim/Desktop/Proyecto_Final/pico-sdk/src/rp2_common/hardware_pio/pio.c.obj
 .bss.alarm_callbacks
                0x20001674       0x10 CMakeFiles/Firmware_v0.1.dir/C_/Users/karim/Desktop/Proyecto_Final/pico-sdk/src/rp2_common/hardware_timer/timer.c.obj
 .bss.boot2_copyout
                0x20001684      0x100 CMakeFiles/Firmware_v0.1.dir/C_/Users/karim/Desktop/Proyecto_Final/pico-sdk/src/rp2_common/hardware_flash/flash.c.obj
 .bss.chars_available_callback
                0x20001784        0x4 CMakeFiles/Firmware_v0.1.dir/C_/Users/karim/Desktop/Proyecto_Final/pico-sdk/src/rp2_common/pico_stdio_usb/stdio_usb.c.obj
 .bss.chars_available_param
                0x20001788        0x4 CMakeFiles/Firmware_v0.1.dir/C_/Users/karim/Desktop/Proyecto_Final/pico-sdk/src/rp2_common/pico_stdio_usb/stdio_usb.c.obj
 .bss.claimed   0x2000178c        0x4 CMakeFiles/Firmware_v0.1.dir/C_/Users/karim/Desktop/Proyecto_Final/pico-sdk/src/rp2_common/hardware_sync/sync.c.obj
 .bss.configured_freq
                0x20001790       0x28 CMakeFiles/Firmware_v0.1.dir/C_/Users/karim/Desktop/Proyecto_Final/pico-sdk/src/rp2_common/hardware_clocks/clocks.c.obj
 .bss.default_alarm_pool_entry_ids_high
                0x200017b8       0x10 CMakeFiles/Firmware_v0.1.dir/C_/Users/karim/Desktop/Proyecto_Final/pico-sdk/src/common/pico_time/time.c.obj
 .bss.default_alarm_pool_heap_nodes
                0x200017c8       0x30 CMakeFiles/Firmware_v0.1.dir/C_/Users/karim/Desktop/Proyecto_Final/pico-sdk/src/common/pico_time/time.c.obj
 .bss.desc_str.0
                0x200017f8       0x28 CMakeFiles/Firmware_v0.1.dir/C_/Users/karim/Desktop/Proyecto_Final/pico-sdk/src/rp2_common/pico_stdio_usb/stdio_usb_descriptors.c.obj
 .bss.drivers   0x20001820        0x4 CMakeFiles/Firmware_v0.1.dir/C_/Users/karim/Desktop/Proyecto_Final/pico-sdk/src/rp2_common/pico_stdio/stdio.c.obj
 .bss.e15_last_sof
                0x20001824        0x4 CMakeFiles/Firmware_v0.1.dir/C_/Users/karim/Desktop/Proyecto_Final/pico-sdk/lib/tinyusb/src/portable/raspberrypi/rp2040/rp2040_usb.c.obj
                0x20001824                e15_last_sof
 .bss.filter    0x20001828        0x4 CMakeFiles/Firmware_v0.1.dir/C_/Users/karim/Desktop/Proyecto_Final/pico-sdk/src/rp2_common/pico_stdio/stdio.c.obj
 .bss.hw_endpoints
                0x2000182c      0x400 CMakeFiles/Firmware_v0.1.dir/C_/Users/karim/Desktop/Proyecto_Final/pico-sdk/lib/tinyusb/src/portable/raspberrypi/rp2040/dcd_rp2040.c.obj
 .bss.lazy_vsnprintf
                0x20001c2c        0x4 CMakeFiles/Firmware_v0.1.dir/C_/Users/karim/Desktop/Proyecto_Final/pico-sdk/src/rp2_common/pico_printf/printf.c.obj
 .bss.load_value
                0x20001c30        0x4 CMakeFiles/Firmware_v0.1.dir/C_/Users/karim/Desktop/Proyecto_Final/pico-sdk/src/rp2_common/hardware_watchdog/watchdog.c.obj
 .bss.next_buffer_ptr
                0x20001c34        0x4 CMakeFiles/Firmware_v0.1.dir/C_/Users/karim/Desktop/Proyecto_Final/pico-sdk/lib/tinyusb/src/portable/raspberrypi/rp2040/dcd_rp2040.c.obj
 .bss.object.0  0x20001c38       0x18 c:/progra~2/armgnu~1/112202~1.02/bin/../lib/gcc/arm-none-eabi/11.2.1/thumb/v6-m/nofp/crtbegin.o
 .bss.one_shot_timer_crit_sec
                0x20001c50        0x8 CMakeFiles/Firmware_v0.1.dir/C_/Users/karim/Desktop/Proyecto_Final/pico-sdk/src/rp2_common/pico_stdio_usb/stdio_usb.c.obj
 .bss.pools     0x20001c58       0x10 CMakeFiles/Firmware_v0.1.dir/C_/Users/karim/Desktop/Proyecto_Final/pico-sdk/src/common/pico_time/time.c.obj
 .bss.retrieved_id
                0x20001c68        0x8 CMakeFiles/Firmware_v0.1.dir/C_/Users/karim/Desktop/Proyecto_Final/pico-sdk/src/rp2_common/pico_unique_id/unique_id.c.obj
 .bss.sf_clz_func
                0x20001c70        0x4 CMakeFiles/Firmware_v0.1.dir/C_/Users/karim/Desktop/Proyecto_Final/pico-sdk/src/rp2_common/pico_double/double_init_rom.c.obj
                0x20001c70                sf_clz_func
 .bss.sleep_notifier
                0x20001c74        0x4 CMakeFiles/Firmware_v0.1.dir/C_/Users/karim/Desktop/Proyecto_Final/pico-sdk/src/common/pico_time/time.c.obj
 .bss.stdio_usb_mutex
                0x20001c78        0x8 CMakeFiles/Firmware_v0.1.dir/C_/Users/karim/Desktop/Proyecto_Final/pico-sdk/src/rp2_common/pico_stdio_usb/stdio_usb.c.obj
 .bss.target_hi
                0x20001c80       0x10 CMakeFiles/Firmware_v0.1.dir/C_/Users/karim/Desktop/Proyecto_Final/pico-sdk/src/rp2_common/hardware_timer/timer.c.obj
 .bss.triggerTimeoutAlarm
                0x20001c90        0x4 CMakeFiles/Firmware_v0.1.dir/main.c.obj
                0x20001c90                triggerTimeoutAlarm
 .bss.usbd_serial_str
                0x20001c94       0x11 CMakeFiles/Firmware_v0.1.dir/C_/Users/karim/Desktop/Proyecto_Final/pico-sdk/src/rp2_common/pico_stdio_usb/stdio_usb_descriptors.c.obj
 *fill*         0x20001ca5        0x1 
 .bss._claimed  0x20001ca6        0x2 CMakeFiles/Firmware_v0.1.dir/C_/Users/karim/Desktop/Proyecto_Final/pico-sdk/src/rp2_common/hardware_dma/dma.c.obj
 .bss._app_driver_count
                0x20001ca8        0x1 CMakeFiles/Firmware_v0.1.dir/C_/Users/karim/Desktop/Proyecto_Final/pico-sdk/lib/tinyusb/src/device/usbd.c.obj
 .bss._sof_enable
                0x20001ca9        0x1 CMakeFiles/Firmware_v0.1.dir/C_/Users/karim/Desktop/Proyecto_Final/pico-sdk/lib/tinyusb/src/portable/raspberrypi/rp2040/dcd_rp2040.c.obj
 .bss.boot2_copyout_valid
                0x20001caa        0x1 CMakeFiles/Firmware_v0.1.dir/C_/Users/karim/Desktop/Proyecto_Final/pico-sdk/src/rp2_common/hardware_flash/flash.c.obj
 .bss.claimed   0x20001cab        0x1 CMakeFiles/Firmware_v0.1.dir/C_/Users/karim/Desktop/Proyecto_Final/pico-sdk/src/rp2_common/hardware_timer/timer.c.obj
 .bss.claimed   0x20001cac        0x1 CMakeFiles/Firmware_v0.1.dir/C_/Users/karim/Desktop/Proyecto_Final/pico-sdk/src/rp2_common/hardware_pio/pio.c.obj
 .bss.inputTimedOut
                0x20001cad        0x1 CMakeFiles/Firmware_v0.1.dir/communication.c.obj
                0x20001cad                inputTimedOut
 .bss.irq_hander_chain_free_slot_head
                0x20001cae        0x1 CMakeFiles/Firmware_v0.1.dir/C_/Users/karim/Desktop/Proyecto_Final/pico-sdk/src/rp2_common/hardware_irq/irq.c.obj
 .bss.itf_num   0x20001caf        0x1 CMakeFiles/Firmware_v0.1.dir/C_/Users/karim/Desktop/Proyecto_Final/pico-sdk/src/rp2_common/pico_stdio_usb/reset_interface.c.obj
 .bss.low_priority_irq_num
                0x20001cb0        0x1 CMakeFiles/Firmware_v0.1.dir/C_/Users/karim/Desktop/Proyecto_Final/pico-sdk/src/rp2_common/pico_stdio_usb/stdio_usb.c.obj
 .bss.one_shot_timer_pending
                0x20001cb1        0x1 CMakeFiles/Firmware_v0.1.dir/C_/Users/karim/Desktop/Proyecto_Final/pico-sdk/src/rp2_common/pico_stdio_usb/stdio_usb.c.obj
 .bss.timer_callbacks_pending
                0x20001cb2        0x1 CMakeFiles/Firmware_v0.1.dir/C_/Users/karim/Desktop/Proyecto_Final/pico-sdk/src/rp2_common/hardware_timer/timer.c.obj
 .bss.user_irq_claimed
                0x20001cb3        0x1 CMakeFiles/Firmware_v0.1.dir/C_/Users/karim/Desktop/Proyecto_Final/pico-sdk/src/rp2_common/hardware_irq/irq.c.obj
 *(COMMON)
                0x20001cb4                . = ALIGN (0x4)
                0x20001cb4                __bss_end__ = .

.heap           0x20001cb4      0x800
                0x20001cb4                __end__ = .
                0x20001cb4                end = __end__
 *(.heap*)
 .heap          0x20001cb4      0x800 CMakeFiles/Firmware_v0.1.dir/C_/Users/karim/Desktop/Proyecto_Final/pico-sdk/src/rp2_common/pico_standard_link/crt0.S.obj
                0x200024b4                __HeapLimit = .

.stack1_dummy   0x20040000        0x0
 *(.stack1*)

.stack_dummy    0x20041000      0x800
 *(.stack*)
 .stack         0x20041000      0x800 CMakeFiles/Firmware_v0.1.dir/C_/Users/karim/Desktop/Proyecto_Final/pico-sdk/src/rp2_common/pico_standard_link/crt0.S.obj

.flash_end      0x10009754        0x0
                0x10009754                PROVIDE (__flash_binary_end = .)
                0x20040000                __StackLimit = (ORIGIN (RAM) + LENGTH (RAM))